<!doctype html public "-//w3c//dtd html 4.0 transitional//en">
<html><head>
<title>Static Call Graph - [.\obj\bk3432_ble_app.axf]</title></head>
<body><HR>
<H1>Static Call Graph for image .\obj\bk3432_ble_app.axf</H1><HR>
<BR><P>#&#060CALLGRAPH&#062# ARM Linker, 5060960: Last Updated: Wed Apr 01 15:04:20 2026
<BR><P>
<H3>Maximum Stack Usage =        216 bytes + Unknown(Functions without stacksize, Untraceable Function Pointers)</H3><H3>
Call chain for Maximum Stack Depth:</H3>
app_battery_timer_handler &rArr; drv_get_battery_vol &rArr; __aeabi_dmul &rArr; _double_epilogue &rArr; __aeabi_llsr
<P>
<H3>
Functions with no stack information
</H3><UL>
 <LI><a href="#[7b]">sys_Reset</a>
 <LI><a href="#[1]">Undefined</a>
 <LI><a href="#[2]">SoftwareInterrupt</a>
 <LI><a href="#[3]">PrefetchAbort</a>
 <LI><a href="#[4]">DataAbort</a>
 <LI><a href="#[6]">IRQ_Handler</a>
 <LI><a href="#[5]">sys_reserved</a>
 <LI><a href="#[7]">FIQ_Handler</a>
</UL>
</UL>
<P>
<H3>
Function Pointers
</H3><UL>
 <LI><a href="#[4]">DataAbort</a> from boot_vectors.o(SYS_BOOT) referenced from boot_vectors.o(SYS_BOOT)
 <LI><a href="#[7]">FIQ_Handler</a> from boot_vectors.o(SYS_BOOT) referenced from boot_vectors.o(SYS_BOOT)
 <LI><a href="#[6]">IRQ_Handler</a> from boot_vectors.o(SYS_BOOT) referenced from boot_vectors.o(SYS_BOOT)
 <LI><a href="#[3]">PrefetchAbort</a> from boot_vectors.o(SYS_BOOT) referenced from boot_vectors.o(SYS_BOOT)
 <LI><a href="#[18]">Read_Uart_Buf</a> from uart.o(.text) referenced from arch_main.o(.text)
 <LI><a href="#[2]">SoftwareInterrupt</a> from boot_vectors.o(SYS_BOOT) referenced from boot_vectors.o(SYS_BOOT)
 <LI><a href="#[1]">Undefined</a> from boot_vectors.o(SYS_BOOT) referenced from boot_vectors.o(SYS_BOOT)
 <LI><a href="#[27]">_sputc</a> from printfa.o(i._sputc) referenced from printfa.o(i.__0sprintf)
 <LI><a href="#[27]">_sputc</a> from printfa.o(i._sputc) referenced from printfa.o(i.__0vsprintf)
 <LI><a href="#[4e]">app_batt_msg_dflt_handler</a> from app_batt.o(.text) referenced from app_batt.o(.constdata)
 <LI><a href="#[68]">app_battery_timer_handler</a> from app_task.o(.text) referenced from app_task.o(.constdata)
 <LI><a href="#[6a]">app_ble_disc_timer_handler</a> from app_task.o(.text) referenced from app_task.o(.constdata)
 <LI><a href="#[6b]">app_boot_led_timer_handler</a> from app_task.o(.text) referenced from app_task.o(.constdata)
 <LI><a href="#[6f]">app_ffc1_writer_req_handler</a> from app_oads.o(.text) referenced from app_oads.o(.constdata)
 <LI><a href="#[71]">app_ffc2_writer_req_handler</a> from app_oads.o(.text) referenced from app_oads.o(.constdata)
 <LI><a href="#[4c]">app_fff0_add_fff0s</a> from app_fff0.o(.text) referenced from app.o(.constdata)
 <LI><a href="#[53]">app_fff0_msg_dflt_handler</a> from app_fff0.o(.text) referenced from app_fff0.o(.constdata)
 <LI><a href="#[69]">app_load_close_timer_handler</a> from app_task.o(.text) referenced from app_task.o(.constdata)
 <LI><a href="#[4d]">app_oad_add_oads</a> from app_oads.o(.text) referenced from app.o(.constdata)
 <LI><a href="#[6d]">app_oads_msg_dflt_handler</a> from app_oads.o(.text) referenced from app_oads.o(.constdata)
 <LI><a href="#[67]">app_period_timer_handler</a> from app_task.o(.text) referenced from app_task.o(.constdata)
 <LI><a href="#[6c]">app_rgb_timer_handler</a> from app_task.o(.text) referenced from app_task.o(.constdata)
 <LI><a href="#[58]">appm_msg_handler</a> from app_task.o(.text) referenced from app_task.o(.constdata)
 <LI><a href="#[16]">assert_err</a> from arch_main.o(.text) referenced from arch_main.o(.text)
 <LI><a href="#[17]">assert_param</a> from arch_main.o(.text) referenced from arch_main.o(.text)
 <LI><a href="#[78]">at_del_cfg</a> from at.o(.text) referenced from at.o(.data)
 <LI><a href="#[76]">at_open_all_cb</a> from at.o(.text) referenced from at.o(.data)
 <LI><a href="#[73]">at_restart_cb</a> from at.o(.text) referenced from at.o(.data)
 <LI><a href="#[74]">at_set_mac_addres_cb</a> from at.o(.text) referenced from at.o(.data)
 <LI><a href="#[75]">at_sleep_cb</a> from at.o(.text) referenced from at.o(.data)
 <LI><a href="#[7a]">at_st_cb</a> from at.o(.text) referenced 3 times from at.o(.data)
 <LI><a href="#[77]">at_ver_cb</a> from at.o(.text) referenced from at.o(.data)
 <LI><a href="#[4f]">bass_batt_level_ntf_cfg_ind_handler</a> from app_batt.o(.text) referenced from app_batt.o(.constdata)
 <LI><a href="#[2d]">bass_batt_level_upd_req_handler</a> from bass_task.o(.text) referenced from bass_task.o(.constdata)
 <LI><a href="#[2b]">bass_cleanup</a> from bass.o(.text) referenced from bass.o(.constdata)
 <LI><a href="#[2a]">bass_create</a> from bass.o(.text) referenced from bass.o(.constdata)
 <LI><a href="#[29]">bass_destroy</a> from bass.o(.text) referenced from bass.o(.constdata)
 <LI><a href="#[2c]">bass_enable_req_handler</a> from bass_task.o(.text) referenced from bass_task.o(.constdata)
 <LI><a href="#[51]">bass_enable_rsp_handler</a> from app_batt.o(.text) referenced from app_batt.o(.constdata)
 <LI><a href="#[28]">bass_init</a> from bass.o(.text) referenced from bass.o(.constdata)
 <LI><a href="#[50]">batt_level_upd_handler</a> from app_batt.o(.text) referenced from app_batt.o(.constdata)
 <LI><a href="#[35]">diss_cleanup</a> from diss.o(.text) referenced from diss.o(.constdata)
 <LI><a href="#[34]">diss_create</a> from diss.o(.text) referenced from diss.o(.constdata)
 <LI><a href="#[33]">diss_destroy</a> from diss.o(.text) referenced from diss.o(.constdata)
 <LI><a href="#[32]">diss_init</a> from diss.o(.text) referenced from diss.o(.constdata)
 <LI><a href="#[36]">diss_set_value_req_handler</a> from diss_task.o(.text) referenced from diss_task.o(.constdata)
 <LI><a href="#[38]">diss_value_cfm_handler</a> from diss_task.o(.text) referenced from diss_task.o(.constdata)
 <LI><a href="#[52]">diss_value_req_ind_handler</a> from app_dis.o(.text) referenced from app_dis.o(.constdata)
 <LI><a href="#[3c]">fff0s_cleanup</a> from fff0s.o(.text) referenced from fff0s.o(.constdata)
 <LI><a href="#[3b]">fff0s_create</a> from fff0s.o(.text) referenced from fff0s.o(.constdata)
 <LI><a href="#[3a]">fff0s_destroy</a> from fff0s.o(.text) referenced from fff0s.o(.constdata)
 <LI><a href="#[54]">fff0s_fff1_level_ntf_cfg_ind_handler</a> from app_fff0.o(.text) referenced from app_fff0.o(.constdata)
 <LI><a href="#[3d]">fff0s_fff1_level_upd_req_handler</a> from fff0s_task.o(.text) referenced from fff0s_task.o(.constdata)
 <LI><a href="#[39]">fff0s_init</a> from fff0s.o(.text) referenced from fff0s.o(.constdata)
 <LI><a href="#[55]">fff1_level_upd_handler</a> from app_fff0.o(.text) referenced from app_fff0.o(.constdata)
 <LI><a href="#[56]">fff1_period_ntf_handler</a> from app_fff0.o(.text) referenced from app_fff0.o(.constdata)
 <LI><a href="#[57]">fff1_writer_req_handler</a> from app_fff0.o(.text) referenced from app_fff0.o(.constdata)
 <LI><a href="#[5e]">gapc_cmp_evt_handler</a> from app_task.o(.text) referenced from app_task.o(.constdata)
 <LI><a href="#[5d]">gapc_connection_req_ind_handler</a> from app_task.o(.text) referenced from app_task.o(.constdata)
 <LI><a href="#[5f]">gapc_disconnect_ind_handler</a> from app_task.o(.text) referenced from app_task.o(.constdata)
 <LI><a href="#[5b]">gapc_get_dev_info_req_ind_handler</a> from app_task.o(.text) referenced from app_task.o(.constdata)
 <LI><a href="#[61]">gapc_le_pkt_size_ind_handler</a> from app_task.o(.text) referenced from app_task.o(.constdata)
 <LI><a href="#[64]">gapc_param_update_req_ind_handler</a> from app_task.o(.text) referenced from app_task.o(.constdata)
 <LI><a href="#[62]">gapc_param_updated_ind_handler</a> from app_task.o(.text) referenced from app_task.o(.constdata)
 <LI><a href="#[5c]">gapc_set_dev_info_req_ind_handler</a> from app_task.o(.text) referenced from app_task.o(.constdata)
 <LI><a href="#[65]">gapc_update_conn_param_req_ind_handler</a> from app_task.o(.text) referenced from app_task.o(.constdata)
 <LI><a href="#[5a]">gapm_cmp_evt_handler</a> from app_task.o(.text) referenced from app_task.o(.constdata)
 <LI><a href="#[59]">gapm_device_ready_ind_handler</a> from app_task.o(.text) referenced from app_task.o(.constdata)
 <LI><a href="#[60]">gapm_profile_added_ind_handler</a> from app_task.o(.text) referenced from app_task.o(.constdata)
 <LI><a href="#[2e]">gattc_att_info_req_ind_handler</a> from bass_task.o(.text) referenced 2 times from bass_task.o(.constdata)
 <LI><a href="#[31]">gattc_cmp_evt_handler</a> from bass_task.o(.text) referenced 3 times from bass_task.o(.constdata)
 <LI><a href="#[63]">gattc_mtu_changed_ind_handler</a> from app_task.o(.text) referenced from app_task.o(.constdata)
 <LI><a href="#[66]">gattc_mtu_exchange_req_handler</a> from app_task.o(.text) referenced from app_task.o(.constdata)
 <LI><a href="#[30]">gattc_read_req_ind_handler</a> from bass_task.o(.text) referenced 4 times from bass_task.o(.constdata)
 <LI><a href="#[2f]">gattc_write_req_ind_handler</a> from bass_task.o(.text) referenced 3 times from bass_task.o(.constdata)
 <LI><a href="#[45]">oads_cleanup</a> from oads.o(.text) referenced from oads.o(.constdata)
 <LI><a href="#[44]">oads_create</a> from oads.o(.text) referenced from oads.o(.constdata)
 <LI><a href="#[43]">oads_destroy</a> from oads.o(.text) referenced from oads.o(.constdata)
 <LI><a href="#[46]">oads_enable_req_handler</a> from oads_task.o(.text) referenced from oads_task.o(.constdata)
 <LI><a href="#[6e]">oads_enable_rsp_handler</a> from app_oads.o(.text) referenced from app_oads.o(.constdata)
 <LI><a href="#[47]">oads_ffc1_upd_req_handler</a> from oads_task.o(.text) referenced from oads_task.o(.constdata)
 <LI><a href="#[70]">oads_ffc1_upd_rsp_handler</a> from app_oads.o(.text) referenced from app_oads.o(.constdata)
 <LI><a href="#[48]">oads_ffc2_upd_req_handler</a> from oads_task.o(.text) referenced from oads_task.o(.constdata)
 <LI><a href="#[72]">oads_ffc2_upd_rsp_handler</a> from app_oads.o(.text) referenced from app_oads.o(.constdata)
 <LI><a href="#[42]">oads_init</a> from oads.o(.text) referenced from oads.o(.constdata)
 <LI><a href="#[15]">platform_reset</a> from arch_main.o(.text) referenced from arch_main.o(.text)
 <LI><a href="#[d]">prf_add_profile</a> from prf.o(.text) referenced from arch_main.o(.text)
 <LI><a href="#[c]">prf_cleanup</a> from prf.o(.text) referenced from arch_main.o(.text)
 <LI><a href="#[b]">prf_create</a> from prf.o(.text) referenced from arch_main.o(.text)
 <LI><a href="#[8]">prf_get_id_from_task</a> from prf.o(.text) referenced from arch_main.o(.text)
 <LI><a href="#[9]">prf_get_task_from_id</a> from prf.o(.text) referenced from arch_main.o(.text)
 <LI><a href="#[a]">prf_init</a> from prf.o(.text) referenced from arch_main.o(.text)
 <LI><a href="#[25]">rf_force_agc_enable</a> from rf_xvr.o(.text) referenced from rf_xvr.o(.text)
 <LI><a href="#[24]">rf_reset</a> from rf_xvr.o(.text) referenced from rf_xvr.o(.text)
 <LI><a href="#[20]">rf_rpl_reg_rd</a> from rf_xvr.o(.text) referenced from rf_xvr.o(.text)
 <LI><a href="#[21]">rf_rpl_reg_wr</a> from rf_xvr.o(.text) referenced from rf_xvr.o(.text)
 <LI><a href="#[26]">rf_rssi_convert</a> from rf_xvr.o(.text) referenced from rf_xvr.o(.text)
 <LI><a href="#[23]">rf_sleep</a> from rf_xvr.o(.text) referenced from rf_xvr.o(.text)
 <LI><a href="#[22]">rf_txpwr_dbm_get</a> from rf_xvr.o(.text) referenced from rf_xvr.o(.text)
 <LI><a href="#[79]">rgb_test</a> from at.o(.text) referenced from at.o(.data)
 <LI><a href="#[e]">rwble_hl_reset</a> from rwble_hl.o(.text) referenced from arch_main.o(.text)
 <LI><a href="#[11]">rwip_prevent_sleep_clear</a> from rwip.o(.text) referenced from arch_main.o(.text)
 <LI><a href="#[10]">rwip_prevent_sleep_set</a> from rwip.o(.text) referenced from arch_main.o(.text)
 <LI><a href="#[f]">rwip_reset</a> from rwip.o(.text) referenced from arch_main.o(.text)
 <LI><a href="#[12]">rwip_sleep_lpcycles_2_us</a> from rwip.o(.text) referenced from arch_main.o(.text)
 <LI><a href="#[13]">rwip_us_2_lpcycles</a> from rwip.o(.text) referenced from arch_main.o(.text)
 <LI><a href="#[14]">rwip_wakeup_delay_set</a> from rwip.o(.text) referenced from arch_main.o(.text)
 <LI><a href="#[7b]">sys_Reset</a> from boot_handlers.o(SYS_BOOT) referenced from boot_vectors.o(SYS_BOOT)
 <LI><a href="#[5]">sys_reserved</a> from boot_vectors.o(SYS_BOOT) referenced from boot_vectors.o(SYS_BOOT)
 <LI><a href="#[19]">uart_clear_rxfifo</a> from uart.o(.text) referenced from arch_main.o(.text)
 <LI><a href="#[1d]">uart_flow_off</a> from uart.o(.text) referenced from arch_main.o(.text)
 <LI><a href="#[1c]">uart_flow_on</a> from uart.o(.text) referenced from arch_main.o(.text)
 <LI><a href="#[1f]">uart_printf</a> from uart.o(.text) referenced from uart.o(.text)
 <LI><a href="#[1a]">uart_read</a> from uart.o(.text) referenced from arch_main.o(.text)
 <LI><a href="#[1e]">uart_rx_handler</a> from arch_main.o(.text) referenced from arch_main.o(.text)
 <LI><a href="#[1b]">uart_write</a> from uart.o(.text) referenced from arch_main.o(.text)
</UL>
<P>
<H3>
Global Symbols
</H3>
<P><STRONG><a name="[fb]"></a>uart_stack_register</STRONG> (Thumb, 0 bytes, Stack size 0 bytes, stack_rom_symbol.txt(ABSOLUTE))
<BR><BR>[Called By]<UL><LI><a href="#[9e]">&gt;&gt;</a>&nbsp;&nbsp;&nbsp;uart_init
</UL>

<P><STRONG><a name="[1b2]"></a>Undefined_Exception</STRONG> (Thumb, 0 bytes, Stack size 0 bytes, stack_rom_symbol.txt(ABSOLUTE))
<BR><BR>[Called By]<UL><LI><a href="#[1]">&gt;&gt;</a>&nbsp;&nbsp;&nbsp;Undefined (via Veneer)
</UL>

<P><STRONG><a name="[1b3]"></a>SoftwareInterrupt_Exception</STRONG> (Thumb, 0 bytes, Stack size 0 bytes, stack_rom_symbol.txt(ABSOLUTE))
<BR><BR>[Called By]<UL><LI><a href="#[2]">&gt;&gt;</a>&nbsp;&nbsp;&nbsp;SoftwareInterrupt (via Veneer)
</UL>

<P><STRONG><a name="[1b4]"></a>PrefetchAbort_Exception</STRONG> (Thumb, 0 bytes, Stack size 0 bytes, stack_rom_symbol.txt(ABSOLUTE))
<BR><BR>[Called By]<UL><LI><a href="#[3]">&gt;&gt;</a>&nbsp;&nbsp;&nbsp;PrefetchAbort (via Veneer)
</UL>

<P><STRONG><a name="[1b5]"></a>DataAbort_Exception</STRONG> (Thumb, 0 bytes, Stack size 0 bytes, stack_rom_symbol.txt(ABSOLUTE))
<BR><BR>[Called By]<UL><LI><a href="#[4]">&gt;&gt;</a>&nbsp;&nbsp;&nbsp;DataAbort (via Veneer)
</UL>

<P><STRONG><a name="[1b6]"></a>Reserved_Exception</STRONG> (Thumb, 0 bytes, Stack size 0 bytes, stack_rom_symbol.txt(ABSOLUTE))
<BR><BR>[Called By]<UL><LI><a href="#[5]">&gt;&gt;</a>&nbsp;&nbsp;&nbsp;sys_reserved (via Veneer)
</UL>

<P><STRONG><a name="[cc]"></a>ke_init</STRONG> (Thumb, 0 bytes, Stack size 0 bytes, stack_rom_symbol.txt(ABSOLUTE))
<BR><BR>[Called By]<UL><LI><a href="#[a3]">&gt;&gt;</a>&nbsp;&nbsp;&nbsp;rwip_init
</UL>

<P><STRONG><a name="[d2]"></a>ke_flush</STRONG> (Thumb, 0 bytes, Stack size 0 bytes, stack_rom_symbol.txt(ABSOLUTE))
<BR><BR>[Called By]<UL><LI><a href="#[f]">&gt;&gt;</a>&nbsp;&nbsp;&nbsp;rwip_reset
</UL>

<P><STRONG><a name="[d7]"></a>ke_sleep_check</STRONG> (Thumb, 0 bytes, Stack size 0 bytes, stack_rom_symbol.txt(ABSOLUTE))
<BR><BR>[Called By]<UL><LI><a href="#[ad]">&gt;&gt;</a>&nbsp;&nbsp;&nbsp;rwip_sleep
</UL>

<P><STRONG><a name="[df]"></a>ke_event_set</STRONG> (Thumb, 0 bytes, Stack size 0 bytes, stack_rom_symbol.txt(ABSOLUTE))
<BR><BR>[Called By]<UL><LI><a href="#[f6]">&gt;&gt;</a>&nbsp;&nbsp;&nbsp;timer_isr
<LI><a href="#[c2]">&gt;&gt;</a>&nbsp;&nbsp;&nbsp;rwip_wakeup_end
</UL>

<P><STRONG><a name="[d6]"></a>ke_event_schedule</STRONG> (Thumb, 0 bytes, Stack size 0 bytes, stack_rom_symbol.txt(ABSOLUTE))
<BR><BR>[Called By]<UL><LI><a href="#[a8]">&gt;&gt;</a>&nbsp;&nbsp;&nbsp;rwip_schedule
</UL>

<P><STRONG><a name="[cd]"></a>ke_mem_init</STRONG> (Thumb, 0 bytes, Stack size 0 bytes, stack_rom_symbol.txt(ABSOLUTE))
<BR><BR>[Called By]<UL><LI><a href="#[a3]">&gt;&gt;</a>&nbsp;&nbsp;&nbsp;rwip_init
</UL>

<P><STRONG><a name="[117]"></a>ke_malloc</STRONG> (Thumb, 0 bytes, Stack size 0 bytes, stack_rom_symbol.txt(ABSOLUTE))
<BR><BR>[Called By]<UL><LI><a href="#[32]">&gt;&gt;</a>&nbsp;&nbsp;&nbsp;diss_init
<LI><a href="#[28]">&gt;&gt;</a>&nbsp;&nbsp;&nbsp;bass_init
<LI><a href="#[42]">&gt;&gt;</a>&nbsp;&nbsp;&nbsp;oads_init
<LI><a href="#[39]">&gt;&gt;</a>&nbsp;&nbsp;&nbsp;fff0s_init
<LI><a href="#[36]">&gt;&gt;</a>&nbsp;&nbsp;&nbsp;diss_set_value_req_handler
</UL>

<P><STRONG><a name="[11b]"></a>ke_free</STRONG> (Thumb, 0 bytes, Stack size 0 bytes, stack_rom_symbol.txt(ABSOLUTE))
<BR><BR>[Called By]<UL><LI><a href="#[33]">&gt;&gt;</a>&nbsp;&nbsp;&nbsp;diss_destroy
<LI><a href="#[123]">&gt;&gt;</a>&nbsp;&nbsp;&nbsp;bass_exe_operation
<LI><a href="#[29]">&gt;&gt;</a>&nbsp;&nbsp;&nbsp;bass_destroy
<LI><a href="#[28]">&gt;&gt;</a>&nbsp;&nbsp;&nbsp;bass_init
<LI><a href="#[43]">&gt;&gt;</a>&nbsp;&nbsp;&nbsp;oads_destroy
<LI><a href="#[3a]">&gt;&gt;</a>&nbsp;&nbsp;&nbsp;fff0s_destroy
<LI><a href="#[39]">&gt;&gt;</a>&nbsp;&nbsp;&nbsp;fff0s_init
<LI><a href="#[36]">&gt;&gt;</a>&nbsp;&nbsp;&nbsp;diss_set_value_req_handler
</UL>

<P><STRONG><a name="[120]"></a>ke_msg_alloc</STRONG> (Thumb, 0 bytes, Stack size 0 bytes, stack_rom_symbol.txt(ABSOLUTE))
<BR><BR>[Called By]<UL><LI><a href="#[30]">&gt;&gt;</a>&nbsp;&nbsp;&nbsp;gattc_read_req_ind_handler
<LI><a href="#[2f]">&gt;&gt;</a>&nbsp;&nbsp;&nbsp;gattc_write_req_ind_handler
<LI><a href="#[2e]">&gt;&gt;</a>&nbsp;&nbsp;&nbsp;gattc_att_info_req_ind_handler
<LI><a href="#[2d]">&gt;&gt;</a>&nbsp;&nbsp;&nbsp;bass_batt_level_upd_req_handler
<LI><a href="#[2c]">&gt;&gt;</a>&nbsp;&nbsp;&nbsp;bass_enable_req_handler
<LI><a href="#[123]">&gt;&gt;</a>&nbsp;&nbsp;&nbsp;bass_exe_operation
<LI><a href="#[11e]">&gt;&gt;</a>&nbsp;&nbsp;&nbsp;bass_notify_batt_lvl
<LI><a href="#[164]">&gt;&gt;</a>&nbsp;&nbsp;&nbsp;app_ffc2_ntf_req
<LI><a href="#[163]">&gt;&gt;</a>&nbsp;&nbsp;&nbsp;app_ffc1_ntf_req
<LI><a href="#[162]">&gt;&gt;</a>&nbsp;&nbsp;&nbsp;app_oads_enable_prf
<LI><a href="#[66]">&gt;&gt;</a>&nbsp;&nbsp;&nbsp;gattc_mtu_exchange_req_handler
<LI><a href="#[64]">&gt;&gt;</a>&nbsp;&nbsp;&nbsp;gapc_param_update_req_ind_handler
<LI><a href="#[5d]">&gt;&gt;</a>&nbsp;&nbsp;&nbsp;gapc_connection_req_ind_handler
<LI><a href="#[5c]">&gt;&gt;</a>&nbsp;&nbsp;&nbsp;gapc_set_dev_info_req_ind_handler
<LI><a href="#[5b]">&gt;&gt;</a>&nbsp;&nbsp;&nbsp;gapc_get_dev_info_req_ind_handler
<LI><a href="#[5a]">&gt;&gt;</a>&nbsp;&nbsp;&nbsp;gapm_cmp_evt_handler
<LI><a href="#[59]">&gt;&gt;</a>&nbsp;&nbsp;&nbsp;gapm_device_ready_ind_handler
<LI><a href="#[156]">&gt;&gt;</a>&nbsp;&nbsp;&nbsp;app_fff1_send_lvl
<LI><a href="#[155]">&gt;&gt;</a>&nbsp;&nbsp;&nbsp;app_dis_add_dis
<LI><a href="#[52]">&gt;&gt;</a>&nbsp;&nbsp;&nbsp;diss_value_req_ind_handler
<LI><a href="#[153]">&gt;&gt;</a>&nbsp;&nbsp;&nbsp;app_batt_send_lvl
<LI><a href="#[152]">&gt;&gt;</a>&nbsp;&nbsp;&nbsp;app_batt_enable_prf
<LI><a href="#[151]">&gt;&gt;</a>&nbsp;&nbsp;&nbsp;app_batt_add_bas
<LI><a href="#[4d]">&gt;&gt;</a>&nbsp;&nbsp;&nbsp;app_oad_add_oads
<LI><a href="#[4c]">&gt;&gt;</a>&nbsp;&nbsp;&nbsp;app_fff0_add_fff0s
<LI><a href="#[14f]">&gt;&gt;</a>&nbsp;&nbsp;&nbsp;appm_update_adv_data
<LI><a href="#[14e]">&gt;&gt;</a>&nbsp;&nbsp;&nbsp;appm_stop_advertising
<LI><a href="#[147]">&gt;&gt;</a>&nbsp;&nbsp;&nbsp;appm_start_advertising
<LI><a href="#[146]">&gt;&gt;</a>&nbsp;&nbsp;&nbsp;appm_disconnect
<LI><a href="#[4a]">&gt;&gt;</a>&nbsp;&nbsp;&nbsp;gattc_read_req_ind_handler
<LI><a href="#[49]">&gt;&gt;</a>&nbsp;&nbsp;&nbsp;gattc_write_req_ind_handler
<LI><a href="#[46]">&gt;&gt;</a>&nbsp;&nbsp;&nbsp;oads_enable_req_handler
<LI><a href="#[139]">&gt;&gt;</a>&nbsp;&nbsp;&nbsp;appm_update_param
<LI><a href="#[137]">&gt;&gt;</a>&nbsp;&nbsp;&nbsp;oadImgBlockReq
<LI><a href="#[136]">&gt;&gt;</a>&nbsp;&nbsp;&nbsp;oadImgIdentifyReq
<LI><a href="#[41]">&gt;&gt;</a>&nbsp;&nbsp;&nbsp;gattc_cmp_evt_handler
<LI><a href="#[40]">&gt;&gt;</a>&nbsp;&nbsp;&nbsp;gattc_read_req_ind_handler
<LI><a href="#[3f]">&gt;&gt;</a>&nbsp;&nbsp;&nbsp;gattc_write_req_ind_handler
<LI><a href="#[3e]">&gt;&gt;</a>&nbsp;&nbsp;&nbsp;gattc_att_info_req_ind_handler
<LI><a href="#[131]">&gt;&gt;</a>&nbsp;&nbsp;&nbsp;fff0s_notify_fff1_lvl
<LI><a href="#[38]">&gt;&gt;</a>&nbsp;&nbsp;&nbsp;diss_value_cfm_handler
<LI><a href="#[37]">&gt;&gt;</a>&nbsp;&nbsp;&nbsp;gattc_read_req_ind_handler
<LI><a href="#[36]">&gt;&gt;</a>&nbsp;&nbsp;&nbsp;diss_set_value_req_handler
</UL>

<P><STRONG><a name="[121]"></a>ke_msg_send</STRONG> (Thumb, 0 bytes, Stack size 0 bytes, stack_rom_symbol.txt(ABSOLUTE))
<BR><BR>[Called By]<UL><LI><a href="#[30]">&gt;&gt;</a>&nbsp;&nbsp;&nbsp;gattc_read_req_ind_handler
<LI><a href="#[2f]">&gt;&gt;</a>&nbsp;&nbsp;&nbsp;gattc_write_req_ind_handler
<LI><a href="#[2e]">&gt;&gt;</a>&nbsp;&nbsp;&nbsp;gattc_att_info_req_ind_handler
<LI><a href="#[2d]">&gt;&gt;</a>&nbsp;&nbsp;&nbsp;bass_batt_level_upd_req_handler
<LI><a href="#[2c]">&gt;&gt;</a>&nbsp;&nbsp;&nbsp;bass_enable_req_handler
<LI><a href="#[123]">&gt;&gt;</a>&nbsp;&nbsp;&nbsp;bass_exe_operation
<LI><a href="#[11e]">&gt;&gt;</a>&nbsp;&nbsp;&nbsp;bass_notify_batt_lvl
<LI><a href="#[164]">&gt;&gt;</a>&nbsp;&nbsp;&nbsp;app_ffc2_ntf_req
<LI><a href="#[163]">&gt;&gt;</a>&nbsp;&nbsp;&nbsp;app_ffc1_ntf_req
<LI><a href="#[162]">&gt;&gt;</a>&nbsp;&nbsp;&nbsp;app_oads_enable_prf
<LI><a href="#[66]">&gt;&gt;</a>&nbsp;&nbsp;&nbsp;gattc_mtu_exchange_req_handler
<LI><a href="#[64]">&gt;&gt;</a>&nbsp;&nbsp;&nbsp;gapc_param_update_req_ind_handler
<LI><a href="#[5d]">&gt;&gt;</a>&nbsp;&nbsp;&nbsp;gapc_connection_req_ind_handler
<LI><a href="#[5c]">&gt;&gt;</a>&nbsp;&nbsp;&nbsp;gapc_set_dev_info_req_ind_handler
<LI><a href="#[5b]">&gt;&gt;</a>&nbsp;&nbsp;&nbsp;gapc_get_dev_info_req_ind_handler
<LI><a href="#[5a]">&gt;&gt;</a>&nbsp;&nbsp;&nbsp;gapm_cmp_evt_handler
<LI><a href="#[59]">&gt;&gt;</a>&nbsp;&nbsp;&nbsp;gapm_device_ready_ind_handler
<LI><a href="#[156]">&gt;&gt;</a>&nbsp;&nbsp;&nbsp;app_fff1_send_lvl
<LI><a href="#[155]">&gt;&gt;</a>&nbsp;&nbsp;&nbsp;app_dis_add_dis
<LI><a href="#[52]">&gt;&gt;</a>&nbsp;&nbsp;&nbsp;diss_value_req_ind_handler
<LI><a href="#[153]">&gt;&gt;</a>&nbsp;&nbsp;&nbsp;app_batt_send_lvl
<LI><a href="#[152]">&gt;&gt;</a>&nbsp;&nbsp;&nbsp;app_batt_enable_prf
<LI><a href="#[151]">&gt;&gt;</a>&nbsp;&nbsp;&nbsp;app_batt_add_bas
<LI><a href="#[4d]">&gt;&gt;</a>&nbsp;&nbsp;&nbsp;app_oad_add_oads
<LI><a href="#[4c]">&gt;&gt;</a>&nbsp;&nbsp;&nbsp;app_fff0_add_fff0s
<LI><a href="#[14f]">&gt;&gt;</a>&nbsp;&nbsp;&nbsp;appm_update_adv_data
<LI><a href="#[14e]">&gt;&gt;</a>&nbsp;&nbsp;&nbsp;appm_stop_advertising
<LI><a href="#[147]">&gt;&gt;</a>&nbsp;&nbsp;&nbsp;appm_start_advertising
<LI><a href="#[146]">&gt;&gt;</a>&nbsp;&nbsp;&nbsp;appm_disconnect
<LI><a href="#[4a]">&gt;&gt;</a>&nbsp;&nbsp;&nbsp;gattc_read_req_ind_handler
<LI><a href="#[49]">&gt;&gt;</a>&nbsp;&nbsp;&nbsp;gattc_write_req_ind_handler
<LI><a href="#[46]">&gt;&gt;</a>&nbsp;&nbsp;&nbsp;oads_enable_req_handler
<LI><a href="#[139]">&gt;&gt;</a>&nbsp;&nbsp;&nbsp;appm_update_param
<LI><a href="#[137]">&gt;&gt;</a>&nbsp;&nbsp;&nbsp;oadImgBlockReq
<LI><a href="#[136]">&gt;&gt;</a>&nbsp;&nbsp;&nbsp;oadImgIdentifyReq
<LI><a href="#[41]">&gt;&gt;</a>&nbsp;&nbsp;&nbsp;gattc_cmp_evt_handler
<LI><a href="#[40]">&gt;&gt;</a>&nbsp;&nbsp;&nbsp;gattc_read_req_ind_handler
<LI><a href="#[3f]">&gt;&gt;</a>&nbsp;&nbsp;&nbsp;gattc_write_req_ind_handler
<LI><a href="#[3e]">&gt;&gt;</a>&nbsp;&nbsp;&nbsp;gattc_att_info_req_ind_handler
<LI><a href="#[131]">&gt;&gt;</a>&nbsp;&nbsp;&nbsp;fff0s_notify_fff1_lvl
<LI><a href="#[38]">&gt;&gt;</a>&nbsp;&nbsp;&nbsp;diss_value_cfm_handler
<LI><a href="#[37]">&gt;&gt;</a>&nbsp;&nbsp;&nbsp;gattc_read_req_ind_handler
<LI><a href="#[36]">&gt;&gt;</a>&nbsp;&nbsp;&nbsp;diss_set_value_req_handler
</UL>

<P><STRONG><a name="[142]"></a>ke_task_create</STRONG> (Thumb, 0 bytes, Stack size 0 bytes, stack_rom_symbol.txt(ABSOLUTE))
<BR><BR>[Called By]<UL><LI><a href="#[d1]">&gt;&gt;</a>&nbsp;&nbsp;&nbsp;appm_init
<LI><a href="#[a]">&gt;&gt;</a>&nbsp;&nbsp;&nbsp;prf_init
</UL>

<P><STRONG><a name="[11a]"></a>ke_state_set</STRONG> (Thumb, 0 bytes, Stack size 0 bytes, stack_rom_symbol.txt(ABSOLUTE))
<BR><BR>[Called By]<UL><LI><a href="#[32]">&gt;&gt;</a>&nbsp;&nbsp;&nbsp;diss_init
<LI><a href="#[2d]">&gt;&gt;</a>&nbsp;&nbsp;&nbsp;bass_batt_level_upd_req_handler
<LI><a href="#[2c]">&gt;&gt;</a>&nbsp;&nbsp;&nbsp;bass_enable_req_handler
<LI><a href="#[123]">&gt;&gt;</a>&nbsp;&nbsp;&nbsp;bass_exe_operation
<LI><a href="#[28]">&gt;&gt;</a>&nbsp;&nbsp;&nbsp;bass_init
<LI><a href="#[d1]">&gt;&gt;</a>&nbsp;&nbsp;&nbsp;appm_init
<LI><a href="#[5f]">&gt;&gt;</a>&nbsp;&nbsp;&nbsp;gapc_disconnect_ind_handler
<LI><a href="#[5d]">&gt;&gt;</a>&nbsp;&nbsp;&nbsp;gapc_connection_req_ind_handler
<LI><a href="#[5a]">&gt;&gt;</a>&nbsp;&nbsp;&nbsp;gapm_cmp_evt_handler
<LI><a href="#[14e]">&gt;&gt;</a>&nbsp;&nbsp;&nbsp;appm_stop_advertising
<LI><a href="#[147]">&gt;&gt;</a>&nbsp;&nbsp;&nbsp;appm_start_advertising
<LI><a href="#[42]">&gt;&gt;</a>&nbsp;&nbsp;&nbsp;oads_init
<LI><a href="#[41]">&gt;&gt;</a>&nbsp;&nbsp;&nbsp;gattc_cmp_evt_handler
<LI><a href="#[3d]">&gt;&gt;</a>&nbsp;&nbsp;&nbsp;fff0s_fff1_level_upd_req_handler
<LI><a href="#[39]">&gt;&gt;</a>&nbsp;&nbsp;&nbsp;fff0s_init
<LI><a href="#[38]">&gt;&gt;</a>&nbsp;&nbsp;&nbsp;diss_value_cfm_handler
<LI><a href="#[37]">&gt;&gt;</a>&nbsp;&nbsp;&nbsp;gattc_read_req_ind_handler
</UL>

<P><STRONG><a name="[124]"></a>ke_state_get</STRONG> (Thumb, 0 bytes, Stack size 0 bytes, stack_rom_symbol.txt(ABSOLUTE))
<BR><BR>[Called By]<UL><LI><a href="#[2d]">&gt;&gt;</a>&nbsp;&nbsp;&nbsp;bass_batt_level_upd_req_handler
<LI><a href="#[2c]">&gt;&gt;</a>&nbsp;&nbsp;&nbsp;bass_enable_req_handler
<LI><a href="#[60]">&gt;&gt;</a>&nbsp;&nbsp;&nbsp;gapm_profile_added_ind_handler
<LI><a href="#[14f]">&gt;&gt;</a>&nbsp;&nbsp;&nbsp;appm_update_adv_data
<LI><a href="#[14e]">&gt;&gt;</a>&nbsp;&nbsp;&nbsp;appm_stop_advertising
<LI><a href="#[147]">&gt;&gt;</a>&nbsp;&nbsp;&nbsp;appm_start_advertising
<LI><a href="#[4a]">&gt;&gt;</a>&nbsp;&nbsp;&nbsp;gattc_read_req_ind_handler
<LI><a href="#[49]">&gt;&gt;</a>&nbsp;&nbsp;&nbsp;gattc_write_req_ind_handler
<LI><a href="#[46]">&gt;&gt;</a>&nbsp;&nbsp;&nbsp;oads_enable_req_handler
<LI><a href="#[41]">&gt;&gt;</a>&nbsp;&nbsp;&nbsp;gattc_cmp_evt_handler
<LI><a href="#[3d]">&gt;&gt;</a>&nbsp;&nbsp;&nbsp;fff0s_fff1_level_upd_req_handler
<LI><a href="#[38]">&gt;&gt;</a>&nbsp;&nbsp;&nbsp;diss_value_cfm_handler
<LI><a href="#[37]">&gt;&gt;</a>&nbsp;&nbsp;&nbsp;gattc_read_req_ind_handler
</UL>

<P><STRONG><a name="[143]"></a>ke_task_msg_flush</STRONG> (Thumb, 0 bytes, Stack size 0 bytes, stack_rom_symbol.txt(ABSOLUTE))
<BR><BR>[Called By]<UL><LI><a href="#[a]">&gt;&gt;</a>&nbsp;&nbsp;&nbsp;prf_init
</UL>

<P><STRONG><a name="[14d]"></a>ke_timer_set</STRONG> (Thumb, 0 bytes, Stack size 0 bytes, stack_rom_symbol.txt(ABSOLUTE))
<BR><BR>[Called By]<UL><LI><a href="#[18f]">&gt;&gt;</a>&nbsp;&nbsp;&nbsp;at_charger_cb_chb
<LI><a href="#[18e]">&gt;&gt;</a>&nbsp;&nbsp;&nbsp;at_charger_cb
<LI><a href="#[18c]">&gt;&gt;</a>&nbsp;&nbsp;&nbsp;at_outoput_cb
<LI><a href="#[67]">&gt;&gt;</a>&nbsp;&nbsp;&nbsp;app_period_timer_handler
<LI><a href="#[5d]">&gt;&gt;</a>&nbsp;&nbsp;&nbsp;gapc_connection_req_ind_handler
<LI><a href="#[5a]">&gt;&gt;</a>&nbsp;&nbsp;&nbsp;gapm_cmp_evt_handler
<LI><a href="#[6c]">&gt;&gt;</a>&nbsp;&nbsp;&nbsp;app_rgb_timer_handler
<LI><a href="#[68]">&gt;&gt;</a>&nbsp;&nbsp;&nbsp;app_battery_timer_handler
<LI><a href="#[57]">&gt;&gt;</a>&nbsp;&nbsp;&nbsp;fff1_writer_req_handler
<LI><a href="#[54]">&gt;&gt;</a>&nbsp;&nbsp;&nbsp;fff0s_fff1_level_ntf_cfg_ind_handler
<LI><a href="#[147]">&gt;&gt;</a>&nbsp;&nbsp;&nbsp;appm_start_advertising
</UL>

<P><STRONG><a name="[149]"></a>ke_timer_clear</STRONG> (Thumb, 0 bytes, Stack size 0 bytes, stack_rom_symbol.txt(ABSOLUTE))
<BR><BR>[Called By]<UL><LI><a href="#[63]">&gt;&gt;</a>&nbsp;&nbsp;&nbsp;gattc_mtu_changed_ind_handler
<LI><a href="#[5f]">&gt;&gt;</a>&nbsp;&nbsp;&nbsp;gapc_disconnect_ind_handler
<LI><a href="#[5d]">&gt;&gt;</a>&nbsp;&nbsp;&nbsp;gapc_connection_req_ind_handler
<LI><a href="#[6b]">&gt;&gt;</a>&nbsp;&nbsp;&nbsp;app_boot_led_timer_handler
<LI><a href="#[57]">&gt;&gt;</a>&nbsp;&nbsp;&nbsp;fff1_writer_req_handler
<LI><a href="#[54]">&gt;&gt;</a>&nbsp;&nbsp;&nbsp;fff0s_fff1_level_ntf_cfg_ind_handler
<LI><a href="#[147]">&gt;&gt;</a>&nbsp;&nbsp;&nbsp;appm_start_advertising
</UL>

<P><STRONG><a name="[148]"></a>ke_timer_active</STRONG> (Thumb, 0 bytes, Stack size 0 bytes, stack_rom_symbol.txt(ABSOLUTE))
<BR><BR>[Called By]<UL><LI><a href="#[5f]">&gt;&gt;</a>&nbsp;&nbsp;&nbsp;gapc_disconnect_ind_handler
<LI><a href="#[5d]">&gt;&gt;</a>&nbsp;&nbsp;&nbsp;gapc_connection_req_ind_handler
<LI><a href="#[147]">&gt;&gt;</a>&nbsp;&nbsp;&nbsp;appm_start_advertising
</UL>

<P><STRONG><a name="[d8]"></a>ke_timer_sleep_check</STRONG> (Thumb, 0 bytes, Stack size 0 bytes, stack_rom_symbol.txt(ABSOLUTE))
<BR><BR>[Called By]<UL><LI><a href="#[ad]">&gt;&gt;</a>&nbsp;&nbsp;&nbsp;rwip_sleep
</UL>

<P><STRONG><a name="[129]"></a>co_list_init</STRONG> (Thumb, 0 bytes, Stack size 0 bytes, stack_rom_symbol.txt(ABSOLUTE))
<BR><BR>[Called By]<UL><LI><a href="#[32]">&gt;&gt;</a>&nbsp;&nbsp;&nbsp;diss_init
</UL>

<P><STRONG><a name="[12e]"></a>co_list_push_back</STRONG> (Thumb, 0 bytes, Stack size 0 bytes, stack_rom_symbol.txt(ABSOLUTE))
<BR><BR>[Called By]<UL><LI><a href="#[36]">&gt;&gt;</a>&nbsp;&nbsp;&nbsp;diss_set_value_req_handler
</UL>

<P><STRONG><a name="[12a]"></a>co_list_pop_front</STRONG> (Thumb, 0 bytes, Stack size 0 bytes, stack_rom_symbol.txt(ABSOLUTE))
<BR><BR>[Called By]<UL><LI><a href="#[33]">&gt;&gt;</a>&nbsp;&nbsp;&nbsp;diss_destroy
</UL>

<P><STRONG><a name="[12d]"></a>co_list_extract</STRONG> (Thumb, 0 bytes, Stack size 0 bytes, stack_rom_symbol.txt(ABSOLUTE))
<BR><BR>[Called By]<UL><LI><a href="#[36]">&gt;&gt;</a>&nbsp;&nbsp;&nbsp;diss_set_value_req_handler
</UL>

<P><STRONG><a name="[b7]"></a>em_buf_init</STRONG> (Thumb, 0 bytes, Stack size 0 bytes, stack_rom_symbol.txt(ABSOLUTE))
<BR><BR>[Called By]<UL><LI><a href="#[bd]">&gt;&gt;</a>&nbsp;&nbsp;&nbsp;rwble_reset
<LI><a href="#[b6]">&gt;&gt;</a>&nbsp;&nbsp;&nbsp;rwble_init
</UL>

<P><STRONG><a name="[b9]"></a>llc_init</STRONG> (Thumb, 0 bytes, Stack size 0 bytes, stack_rom_symbol.txt(ABSOLUTE))
<BR><BR>[Called By]<UL><LI><a href="#[b6]">&gt;&gt;</a>&nbsp;&nbsp;&nbsp;rwble_init
</UL>

<P><STRONG><a name="[bf]"></a>llc_reset</STRONG> (Thumb, 0 bytes, Stack size 0 bytes, stack_rom_symbol.txt(ABSOLUTE))
<BR><BR>[Called By]<UL><LI><a href="#[bd]">&gt;&gt;</a>&nbsp;&nbsp;&nbsp;rwble_reset
</UL>

<P><STRONG><a name="[b8]"></a>lld_init</STRONG> (Thumb, 0 bytes, Stack size 0 bytes, stack_rom_symbol.txt(ABSOLUTE))
<BR><BR>[Called By]<UL><LI><a href="#[bd]">&gt;&gt;</a>&nbsp;&nbsp;&nbsp;rwble_reset
<LI><a href="#[b6]">&gt;&gt;</a>&nbsp;&nbsp;&nbsp;rwble_init
</UL>

<P><STRONG><a name="[be]"></a>lld_core_reset</STRONG> (Thumb, 0 bytes, Stack size 0 bytes, stack_rom_symbol.txt(ABSOLUTE))
<BR><BR>[Called By]<UL><LI><a href="#[bd]">&gt;&gt;</a>&nbsp;&nbsp;&nbsp;rwble_reset
</UL>

<P><STRONG><a name="[c9]"></a>lld_crypt_isr</STRONG> (Thumb, 0 bytes, Stack size 0 bytes, stack_rom_symbol.txt(ABSOLUTE))
<BR><BR>[Called By]<UL><LI><a href="#[c0]">&gt;&gt;</a>&nbsp;&nbsp;&nbsp;rwble_isr
</UL>

<P><STRONG><a name="[c8]"></a>lld_evt_timer_isr</STRONG> (Thumb, 0 bytes, Stack size 0 bytes, stack_rom_symbol.txt(ABSOLUTE))
<BR><BR>[Called By]<UL><LI><a href="#[c0]">&gt;&gt;</a>&nbsp;&nbsp;&nbsp;rwble_isr
</UL>

<P><STRONG><a name="[c4]"></a>lld_evt_end_isr</STRONG> (Thumb, 0 bytes, Stack size 0 bytes, stack_rom_symbol.txt(ABSOLUTE))
<BR><BR>[Called By]<UL><LI><a href="#[c0]">&gt;&gt;</a>&nbsp;&nbsp;&nbsp;rwble_isr
</UL>

<P><STRONG><a name="[c6]"></a>lld_evt_rx_isr</STRONG> (Thumb, 0 bytes, Stack size 0 bytes, stack_rom_symbol.txt(ABSOLUTE))
<BR><BR>[Called By]<UL><LI><a href="#[c0]">&gt;&gt;</a>&nbsp;&nbsp;&nbsp;rwble_isr
</UL>

<P><STRONG><a name="[dc]"></a>lld_sleep_enter</STRONG> (Thumb, 0 bytes, Stack size 0 bytes, stack_rom_symbol.txt(ABSOLUTE))
<BR><BR>[Called By]<UL><LI><a href="#[ad]">&gt;&gt;</a>&nbsp;&nbsp;&nbsp;rwip_sleep
</UL>

<P><STRONG><a name="[dd]"></a>lld_sleep_wakeup</STRONG> (Thumb, 0 bytes, Stack size 0 bytes, stack_rom_symbol.txt(ABSOLUTE))
<BR><BR>[Called By]<UL><LI><a href="#[c1]">&gt;&gt;</a>&nbsp;&nbsp;&nbsp;rwip_wakeup
</UL>

<P><STRONG><a name="[de]"></a>lld_sleep_wakeup_end</STRONG> (Thumb, 0 bytes, Stack size 0 bytes, stack_rom_symbol.txt(ABSOLUTE))
<BR><BR>[Called By]<UL><LI><a href="#[c2]">&gt;&gt;</a>&nbsp;&nbsp;&nbsp;rwip_wakeup_end
</UL>

<P><STRONG><a name="[ba]"></a>llm_init</STRONG> (Thumb, 0 bytes, Stack size 0 bytes, stack_rom_symbol.txt(ABSOLUTE))
<BR><BR>[Called By]<UL><LI><a href="#[bd]">&gt;&gt;</a>&nbsp;&nbsp;&nbsp;rwble_reset
<LI><a href="#[b6]">&gt;&gt;</a>&nbsp;&nbsp;&nbsp;rwble_init
</UL>

<P><STRONG><a name="[bc]"></a>llm_ble_ready</STRONG> (Thumb, 0 bytes, Stack size 0 bytes, stack_rom_symbol.txt(ABSOLUTE))
<BR><BR>[Called By]<UL><LI><a href="#[b6]">&gt;&gt;</a>&nbsp;&nbsp;&nbsp;rwble_init
</UL>

<P><STRONG><a name="[d0]"></a>ea_init</STRONG> (Thumb, 0 bytes, Stack size 0 bytes, stack_rom_symbol.txt(ABSOLUTE))
<BR><BR>[Called By]<UL><LI><a href="#[f]">&gt;&gt;</a>&nbsp;&nbsp;&nbsp;rwip_reset
<LI><a href="#[a3]">&gt;&gt;</a>&nbsp;&nbsp;&nbsp;rwip_init
</UL>

<P><STRONG><a name="[c3]"></a>ea_finetimer_isr</STRONG> (Thumb, 0 bytes, Stack size 0 bytes, stack_rom_symbol.txt(ABSOLUTE))
<BR><BR>[Called By]<UL><LI><a href="#[c0]">&gt;&gt;</a>&nbsp;&nbsp;&nbsp;rwble_isr
</UL>

<P><STRONG><a name="[c7]"></a>ea_sw_isr</STRONG> (Thumb, 0 bytes, Stack size 0 bytes, stack_rom_symbol.txt(ABSOLUTE))
<BR><BR>[Called By]<UL><LI><a href="#[c0]">&gt;&gt;</a>&nbsp;&nbsp;&nbsp;rwble_isr
</UL>

<P><STRONG><a name="[da]"></a>ea_sleep_check</STRONG> (Thumb, 0 bytes, Stack size 0 bytes, stack_rom_symbol.txt(ABSOLUTE))
<BR><BR>[Called By]<UL><LI><a href="#[ad]">&gt;&gt;</a>&nbsp;&nbsp;&nbsp;rwip_sleep
</UL>

<P><STRONG><a name="[125]"></a>gapc_get_conhdl</STRONG> (Thumb, 0 bytes, Stack size 0 bytes, stack_rom_symbol.txt(ABSOLUTE))
<BR><BR>[Called By]<UL><LI><a href="#[2c]">&gt;&gt;</a>&nbsp;&nbsp;&nbsp;bass_enable_req_handler
<LI><a href="#[46]">&gt;&gt;</a>&nbsp;&nbsp;&nbsp;oads_enable_req_handler
</UL>

<P><STRONG><a name="[b3]"></a>gapm_init</STRONG> (Thumb, 0 bytes, Stack size 0 bytes, stack_rom_symbol.txt(ABSOLUTE))
<BR><BR>[Called By]<UL><LI><a href="#[b1]">&gt;&gt;</a>&nbsp;&nbsp;&nbsp;rwble_hl_init
<LI><a href="#[e]">&gt;&gt;</a>&nbsp;&nbsp;&nbsp;rwble_hl_reset
</UL>

<P><STRONG><a name="[118]"></a>attm_svc_create_db</STRONG> (Thumb, 0 bytes, Stack size 0 bytes, stack_rom_symbol.txt(ABSOLUTE))
<BR><BR>[Called By]<UL><LI><a href="#[32]">&gt;&gt;</a>&nbsp;&nbsp;&nbsp;diss_init
<LI><a href="#[28]">&gt;&gt;</a>&nbsp;&nbsp;&nbsp;bass_init
<LI><a href="#[39]">&gt;&gt;</a>&nbsp;&nbsp;&nbsp;fff0s_init
</UL>

<P><STRONG><a name="[133]"></a>attm_svc_create_db128</STRONG> (Thumb, 0 bytes, Stack size 0 bytes, stack_rom_symbol.txt(ABSOLUTE))
<BR><BR>[Called By]<UL><LI><a href="#[42]">&gt;&gt;</a>&nbsp;&nbsp;&nbsp;oads_init
</UL>

<P><STRONG><a name="[119]"></a>attm_att_set_permission</STRONG> (Thumb, 0 bytes, Stack size 0 bytes, stack_rom_symbol.txt(ABSOLUTE))
<BR><BR>[Called By]<UL><LI><a href="#[28]">&gt;&gt;</a>&nbsp;&nbsp;&nbsp;bass_init
<LI><a href="#[42]">&gt;&gt;</a>&nbsp;&nbsp;&nbsp;oads_init
<LI><a href="#[39]">&gt;&gt;</a>&nbsp;&nbsp;&nbsp;fff0s_init
</UL>

<P><STRONG><a name="[b2]"></a>attm_init</STRONG> (Thumb, 0 bytes, Stack size 0 bytes, stack_rom_symbol.txt(ABSOLUTE))
<BR><BR>[Called By]<UL><LI><a href="#[b1]">&gt;&gt;</a>&nbsp;&nbsp;&nbsp;rwble_hl_init
<LI><a href="#[e]">&gt;&gt;</a>&nbsp;&nbsp;&nbsp;rwble_hl_reset
</UL>

<P><STRONG><a name="[b4]"></a>gattm_init</STRONG> (Thumb, 0 bytes, Stack size 0 bytes, stack_rom_symbol.txt(ABSOLUTE))
<BR><BR>[Called By]<UL><LI><a href="#[b1]">&gt;&gt;</a>&nbsp;&nbsp;&nbsp;rwble_hl_init
<LI><a href="#[e]">&gt;&gt;</a>&nbsp;&nbsp;&nbsp;rwble_hl_reset
</UL>

<P><STRONG><a name="[b5]"></a>l2cm_init</STRONG> (Thumb, 0 bytes, Stack size 0 bytes, stack_rom_symbol.txt(ABSOLUTE))
<BR><BR>[Called By]<UL><LI><a href="#[b1]">&gt;&gt;</a>&nbsp;&nbsp;&nbsp;rwble_hl_init
<LI><a href="#[e]">&gt;&gt;</a>&nbsp;&nbsp;&nbsp;rwble_hl_reset
</UL>

<P><STRONG><a name="[cf]"></a>hci_init</STRONG> (Thumb, 0 bytes, Stack size 0 bytes, stack_rom_symbol.txt(ABSOLUTE))
<BR><BR>[Called By]<UL><LI><a href="#[a3]">&gt;&gt;</a>&nbsp;&nbsp;&nbsp;rwip_init
</UL>

<P><STRONG><a name="[d3]"></a>hci_reset</STRONG> (Thumb, 0 bytes, Stack size 0 bytes, stack_rom_symbol.txt(ABSOLUTE))
<BR><BR>[Called By]<UL><LI><a href="#[f]">&gt;&gt;</a>&nbsp;&nbsp;&nbsp;rwip_reset
</UL>

<P><STRONG><a name="[e0]"></a>__aeabi_uidivmod</STRONG> (Thumb, 0 bytes, Stack size 0 bytes, stack_rom_symbol.txt(ABSOLUTE))
<BR><BR>[Called By]<UL><LI><a href="#[ff]">&gt;&gt;</a>&nbsp;&nbsp;&nbsp;kmod_calibration
<LI><a href="#[9e]">&gt;&gt;</a>&nbsp;&nbsp;&nbsp;uart_init
<LI><a href="#[13]">&gt;&gt;</a>&nbsp;&nbsp;&nbsp;rwip_us_2_lpcycles
<LI><a href="#[1ac]">&gt;&gt;</a>&nbsp;&nbsp;&nbsp;_printf_core
</UL>

<P><STRONG><a name="[108]"></a>__aeabi_idivmod</STRONG> (Thumb, 0 bytes, Stack size 0 bytes, stack_rom_symbol.txt(ABSOLUTE))
<BR><BR>[Called By]<UL><LI><a href="#[107]">&gt;&gt;</a>&nbsp;&nbsp;&nbsp;adc_get_vol
<LI><a href="#[194]">&gt;&gt;</a>&nbsp;&nbsp;&nbsp;at_vol_get_cb
<LI><a href="#[165]">&gt;&gt;</a>&nbsp;&nbsp;&nbsp;Uint4BToStr
<LI><a href="#[159]">&gt;&gt;</a>&nbsp;&nbsp;&nbsp;drv_get_battery_vol
</UL>

<P><STRONG><a name="[144]"></a>rand</STRONG> (Thumb, 0 bytes, Stack size 0 bytes, stack_rom_symbol.txt(ABSOLUTE))
<BR><BR>[Called By]<UL><LI><a href="#[d1]">&gt;&gt;</a>&nbsp;&nbsp;&nbsp;appm_init
<LI><a href="#[147]">&gt;&gt;</a>&nbsp;&nbsp;&nbsp;appm_start_advertising
</UL>

<P><STRONG><a name="[95]"></a>srand</STRONG> (Thumb, 0 bytes, Stack size 0 bytes, stack_rom_symbol.txt(ABSOLUTE))
<BR><BR>[Called By]<UL><LI><a href="#[bd]">&gt;&gt;</a>&nbsp;&nbsp;&nbsp;rwble_reset
<LI><a href="#[93]">&gt;&gt;</a>&nbsp;&nbsp;&nbsp;rw_main
</UL>

<P><STRONG><a name="[8b]"></a>__aeabi_memcpy</STRONG> (Thumb, 0 bytes, Stack size 0 bytes, stack_rom_symbol.txt(ABSOLUTE))
<BR><BR>[Called By]<UL><LI><a href="#[28]">&gt;&gt;</a>&nbsp;&nbsp;&nbsp;bass_init
<LI><a href="#[d1]">&gt;&gt;</a>&nbsp;&nbsp;&nbsp;appm_init
<LI><a href="#[92]">&gt;&gt;</a>&nbsp;&nbsp;&nbsp;get_data_to_uart_buffer
<LI><a href="#[8a]">&gt;&gt;</a>&nbsp;&nbsp;&nbsp;flash_read
<LI><a href="#[88]">&gt;&gt;</a>&nbsp;&nbsp;&nbsp;bdaddr_env_init
<LI><a href="#[79]">&gt;&gt;</a>&nbsp;&nbsp;&nbsp;rgb_test
<LI><a href="#[5a]">&gt;&gt;</a>&nbsp;&nbsp;&nbsp;gapm_cmp_evt_handler
<LI><a href="#[156]">&gt;&gt;</a>&nbsp;&nbsp;&nbsp;app_fff1_send_lvl
<LI><a href="#[57]">&gt;&gt;</a>&nbsp;&nbsp;&nbsp;fff1_writer_req_handler
<LI><a href="#[52]">&gt;&gt;</a>&nbsp;&nbsp;&nbsp;diss_value_req_ind_handler
<LI><a href="#[150]">&gt;&gt;</a>&nbsp;&nbsp;&nbsp;appm_get_dev_name
<LI><a href="#[14f]">&gt;&gt;</a>&nbsp;&nbsp;&nbsp;appm_update_adv_data
<LI><a href="#[147]">&gt;&gt;</a>&nbsp;&nbsp;&nbsp;appm_start_advertising
<LI><a href="#[4a]">&gt;&gt;</a>&nbsp;&nbsp;&nbsp;gattc_read_req_ind_handler
<LI><a href="#[49]">&gt;&gt;</a>&nbsp;&nbsp;&nbsp;gattc_write_req_ind_handler
<LI><a href="#[134]">&gt;&gt;</a>&nbsp;&nbsp;&nbsp;oad_save_reciveData
<LI><a href="#[3f]">&gt;&gt;</a>&nbsp;&nbsp;&nbsp;gattc_write_req_ind_handler
<LI><a href="#[131]">&gt;&gt;</a>&nbsp;&nbsp;&nbsp;fff0s_notify_fff1_lvl
<LI><a href="#[38]">&gt;&gt;</a>&nbsp;&nbsp;&nbsp;diss_value_cfm_handler
<LI><a href="#[37]">&gt;&gt;</a>&nbsp;&nbsp;&nbsp;gattc_read_req_ind_handler
<LI><a href="#[36]">&gt;&gt;</a>&nbsp;&nbsp;&nbsp;diss_set_value_req_handler
</UL>

<P><STRONG><a name="[f9]"></a>__aeabi_memcpy4</STRONG> (Thumb, 0 bytes, Stack size 0 bytes, stack_rom_symbol.txt(ABSOLUTE))
<BR><BR>[Called By]<UL><LI><a href="#[f8]">&gt;&gt;</a>&nbsp;&nbsp;&nbsp;hex2Str
<LI><a href="#[4a]">&gt;&gt;</a>&nbsp;&nbsp;&nbsp;gattc_read_req_ind_handler
</UL>

<P><STRONG><a name="[158]"></a>__aeabi_memset</STRONG> (Thumb, 0 bytes, Stack size 0 bytes, stack_rom_symbol.txt(ABSOLUTE))
<BR><BR>[Called By]<UL><LI><a href="#[194]">&gt;&gt;</a>&nbsp;&nbsp;&nbsp;at_vol_get_cb
<LI><a href="#[68]">&gt;&gt;</a>&nbsp;&nbsp;&nbsp;app_battery_timer_handler
</UL>

<P><STRONG><a name="[13c]"></a>__aeabi_memclr</STRONG> (Thumb, 0 bytes, Stack size 0 bytes, stack_rom_symbol.txt(ABSOLUTE))
<BR><BR>[Called By]<UL><LI><a href="#[d1]">&gt;&gt;</a>&nbsp;&nbsp;&nbsp;appm_init
<LI><a href="#[aa]">&gt;&gt;</a>&nbsp;&nbsp;&nbsp;error_event_report
<LI><a href="#[165]">&gt;&gt;</a>&nbsp;&nbsp;&nbsp;Uint4BToStr
<LI><a href="#[57]">&gt;&gt;</a>&nbsp;&nbsp;&nbsp;fff1_writer_req_handler
<LI><a href="#[49]">&gt;&gt;</a>&nbsp;&nbsp;&nbsp;gattc_write_req_ind_handler
</UL>

<P><STRONG><a name="[91]"></a>__aeabi_memclr4</STRONG> (Thumb, 0 bytes, Stack size 0 bytes, stack_rom_symbol.txt(ABSOLUTE))
<BR><BR>[Called By]<UL><LI><a href="#[28]">&gt;&gt;</a>&nbsp;&nbsp;&nbsp;bass_init
<LI><a href="#[110]">&gt;&gt;</a>&nbsp;&nbsp;&nbsp;uart2_clear_rxfifo
<LI><a href="#[19]">&gt;&gt;</a>&nbsp;&nbsp;&nbsp;uart_clear_rxfifo
<LI><a href="#[92]">&gt;&gt;</a>&nbsp;&nbsp;&nbsp;get_data_to_uart_buffer
<LI><a href="#[90]">&gt;&gt;</a>&nbsp;&nbsp;&nbsp;rom_env_init
<LI><a href="#[176]">&gt;&gt;</a>&nbsp;&nbsp;&nbsp;drv_ws2812_round
<LI><a href="#[175]">&gt;&gt;</a>&nbsp;&nbsp;&nbsp;drv_ws2812_test
<LI><a href="#[15d]">&gt;&gt;</a>&nbsp;&nbsp;&nbsp;drv_ws2812_set_color
<LI><a href="#[4a]">&gt;&gt;</a>&nbsp;&nbsp;&nbsp;gattc_read_req_ind_handler
<LI><a href="#[39]">&gt;&gt;</a>&nbsp;&nbsp;&nbsp;fff0s_init
</UL>

<P><STRONG><a name="[1a9]"></a>__ARM_clz</STRONG> (ARM, 0 bytes, Stack size 0 bytes, stack_rom_symbol.txt(ABSOLUTE))
<BR><BR>[Called By]<UL><LI><a href="#[1a3]">&gt;&gt;</a>&nbsp;&nbsp;&nbsp;_double_epilogue (via BLX)
<LI><a href="#[19f]">&gt;&gt;</a>&nbsp;&nbsp;&nbsp;_float_epilogue (via BLX)
</UL>

<P><STRONG><a name="[82]"></a>__ARM_common_disable_fiq</STRONG> (ARM, 0 bytes, Stack size 0 bytes, stack_rom_symbol.txt(ABSOLUTE))
<BR><BR>[Called By]<UL><LI><a href="#[bd]">&gt;&gt;</a>&nbsp;&nbsp;&nbsp;rwble_reset (via BLX)
<LI><a href="#[f]">&gt;&gt;</a>&nbsp;&nbsp;&nbsp;rwip_reset (via BLX)
<LI><a href="#[10]">&gt;&gt;</a>&nbsp;&nbsp;&nbsp;rwip_prevent_sleep_set (via BLX)
<LI><a href="#[11]">&gt;&gt;</a>&nbsp;&nbsp;&nbsp;rwip_prevent_sleep_clear (via BLX)
<LI><a href="#[93]">&gt;&gt;</a>&nbsp;&nbsp;&nbsp;rw_main (via BLX)
<LI><a href="#[15]">&gt;&gt;</a>&nbsp;&nbsp;&nbsp;platform_reset (via BLX)
<LI><a href="#[176]">&gt;&gt;</a>&nbsp;&nbsp;&nbsp;drv_ws2812_round (via BLX)
<LI><a href="#[174]">&gt;&gt;</a>&nbsp;&nbsp;&nbsp;drv_ws2812_test2 (via BLX)
<LI><a href="#[15d]">&gt;&gt;</a>&nbsp;&nbsp;&nbsp;drv_ws2812_set_color (via BLX)
</UL>

<P><STRONG><a name="[83]"></a>__ARM_common_disable_irq</STRONG> (ARM, 0 bytes, Stack size 0 bytes, stack_rom_symbol.txt(ABSOLUTE))
<BR><BR>[Called By]<UL><LI><a href="#[bd]">&gt;&gt;</a>&nbsp;&nbsp;&nbsp;rwble_reset (via BLX)
<LI><a href="#[f]">&gt;&gt;</a>&nbsp;&nbsp;&nbsp;rwip_reset (via BLX)
<LI><a href="#[10]">&gt;&gt;</a>&nbsp;&nbsp;&nbsp;rwip_prevent_sleep_set (via BLX)
<LI><a href="#[11]">&gt;&gt;</a>&nbsp;&nbsp;&nbsp;rwip_prevent_sleep_clear (via BLX)
<LI><a href="#[93]">&gt;&gt;</a>&nbsp;&nbsp;&nbsp;rw_main (via BLX)
<LI><a href="#[15]">&gt;&gt;</a>&nbsp;&nbsp;&nbsp;platform_reset (via BLX)
<LI><a href="#[176]">&gt;&gt;</a>&nbsp;&nbsp;&nbsp;drv_ws2812_round (via BLX)
<LI><a href="#[174]">&gt;&gt;</a>&nbsp;&nbsp;&nbsp;drv_ws2812_test2 (via BLX)
<LI><a href="#[15d]">&gt;&gt;</a>&nbsp;&nbsp;&nbsp;drv_ws2812_set_color (via BLX)
</UL>

<P><STRONG><a name="[a5]"></a>__ARM_common_enable_fiq</STRONG> (ARM, 0 bytes, Stack size 0 bytes, stack_rom_symbol.txt(ABSOLUTE))
<BR><BR>[Called By]<UL><LI><a href="#[bd]">&gt;&gt;</a>&nbsp;&nbsp;&nbsp;rwble_reset (via BLX)
<LI><a href="#[f]">&gt;&gt;</a>&nbsp;&nbsp;&nbsp;rwip_reset (via BLX)
<LI><a href="#[10]">&gt;&gt;</a>&nbsp;&nbsp;&nbsp;rwip_prevent_sleep_set (via BLX)
<LI><a href="#[11]">&gt;&gt;</a>&nbsp;&nbsp;&nbsp;rwip_prevent_sleep_clear (via BLX)
<LI><a href="#[93]">&gt;&gt;</a>&nbsp;&nbsp;&nbsp;rw_main (via BLX)
<LI><a href="#[176]">&gt;&gt;</a>&nbsp;&nbsp;&nbsp;drv_ws2812_round (via BLX)
<LI><a href="#[174]">&gt;&gt;</a>&nbsp;&nbsp;&nbsp;drv_ws2812_test2 (via BLX)
<LI><a href="#[15d]">&gt;&gt;</a>&nbsp;&nbsp;&nbsp;drv_ws2812_set_color (via BLX)
</UL>

<P><STRONG><a name="[a6]"></a>__ARM_common_enable_irq</STRONG> (ARM, 0 bytes, Stack size 0 bytes, stack_rom_symbol.txt(ABSOLUTE))
<BR><BR>[Called By]<UL><LI><a href="#[bd]">&gt;&gt;</a>&nbsp;&nbsp;&nbsp;rwble_reset (via BLX)
<LI><a href="#[f]">&gt;&gt;</a>&nbsp;&nbsp;&nbsp;rwip_reset (via BLX)
<LI><a href="#[10]">&gt;&gt;</a>&nbsp;&nbsp;&nbsp;rwip_prevent_sleep_set (via BLX)
<LI><a href="#[11]">&gt;&gt;</a>&nbsp;&nbsp;&nbsp;rwip_prevent_sleep_clear (via BLX)
<LI><a href="#[93]">&gt;&gt;</a>&nbsp;&nbsp;&nbsp;rw_main (via BLX)
<LI><a href="#[176]">&gt;&gt;</a>&nbsp;&nbsp;&nbsp;drv_ws2812_round (via BLX)
<LI><a href="#[174]">&gt;&gt;</a>&nbsp;&nbsp;&nbsp;drv_ws2812_test2 (via BLX)
<LI><a href="#[15d]">&gt;&gt;</a>&nbsp;&nbsp;&nbsp;drv_ws2812_set_color (via BLX)
</UL>

<P><STRONG><a name="[154]"></a>__ARM_common_switch8</STRONG> (ARM, 0 bytes, Stack size 0 bytes, stack_rom_symbol.txt(ABSOLUTE))
<BR><BR>[Called By]<UL><LI><a href="#[182]">&gt;&gt;</a>&nbsp;&nbsp;&nbsp;HSV_TO_RGB (via BLX)
<LI><a href="#[52]">&gt;&gt;</a>&nbsp;&nbsp;&nbsp;diss_value_req_ind_handler (via BLX)
</UL>

<P><STRONG><a name="[7b]"></a>sys_Reset</STRONG> (ARM, 0 bytes, Stack size unknown bytes, boot_handlers.o(SYS_BOOT))
<BR><BR>[Stack]<UL><LI>Max Depth = 152 + Unknown Stack Size
<LI>Call Chain = sys_Reset &rArr; rw_main &rArr; bdaddr_env_init &rArr; Read_NVR_Flash &rArr; flash_read &rArr; flash_readword
</UL>
<BR>[Calls]<UL><LI><a href="#[93]">&gt;&gt;</a>&nbsp;&nbsp;&nbsp;rw_main (via Veneer)
</UL>

<P><STRONG><a name="[7c]"></a>SYSirq_FIQ_Handler</STRONG> (ARM, 16 bytes, Stack size 24 bytes, intc.o(sys_fiq_entry))
<BR><BR>[Stack]<UL><LI>Max Depth = 72<LI>Call Chain = SYSirq_FIQ_Handler &rArr; FIQ_Exception &rArr; rwble_isr &rArr; rwip_wakeup_end &rArr; rwip_prevent_sleep_clear
</UL>
<BR>[Calls]<UL><LI><a href="#[7d]">&gt;&gt;</a>&nbsp;&nbsp;&nbsp;FIQ_Exception (via BLX)
</UL>
<BR>[Called By]<UL><LI><a href="#[7]">&gt;&gt;</a>&nbsp;&nbsp;&nbsp;FIQ_Handler
</UL>

<P><STRONG><a name="[7e]"></a>SYSirq_IRQ_Handler</STRONG> (ARM, 16 bytes, Stack size 24 bytes, intc.o(sys_irq_entry))
<BR><BR>[Stack]<UL><LI>Max Depth = 136<LI>Call Chain = SYSirq_IRQ_Handler &rArr; IRQ_Exception &rArr; uart_isr &rArr; assert_err &rArr; uart_printf &rArr; vsprintf
</UL>
<BR>[Calls]<UL><LI><a href="#[7f]">&gt;&gt;</a>&nbsp;&nbsp;&nbsp;IRQ_Exception (via BLX)
</UL>
<BR>[Called By]<UL><LI><a href="#[6]">&gt;&gt;</a>&nbsp;&nbsp;&nbsp;IRQ_Handler
</UL>

<P><STRONG><a name="[16]"></a>assert_err</STRONG> (Thumb, 24 bytes, Stack size 24 bytes, arch_main.o(.text))
<BR><BR>[Stack]<UL><LI>Max Depth = 80<LI>Call Chain = assert_err &rArr; uart_printf &rArr; vsprintf
</UL>
<BR>[Calls]<UL><LI><a href="#[1f]">&gt;&gt;</a>&nbsp;&nbsp;&nbsp;uart_printf
</UL>
<BR>[Called By]<UL><LI><a href="#[114]">&gt;&gt;</a>&nbsp;&nbsp;&nbsp;uart2_write
<LI><a href="#[113]">&gt;&gt;</a>&nbsp;&nbsp;&nbsp;uart2_read
<LI><a href="#[112]">&gt;&gt;</a>&nbsp;&nbsp;&nbsp;uart2_finish_transfers
<LI><a href="#[f3]">&gt;&gt;</a>&nbsp;&nbsp;&nbsp;uart_isr
<LI><a href="#[f4]">&gt;&gt;</a>&nbsp;&nbsp;&nbsp;uart2_isr
<LI><a href="#[ca]">&gt;&gt;</a>&nbsp;&nbsp;&nbsp;rwip_check_wakeup_boundary
<LI><a href="#[cb]">&gt;&gt;</a>&nbsp;&nbsp;&nbsp;rwip_slot_2_lpcycles
<LI><a href="#[1b]">&gt;&gt;</a>&nbsp;&nbsp;&nbsp;uart_write
<LI><a href="#[1a]">&gt;&gt;</a>&nbsp;&nbsp;&nbsp;uart_read
<LI><a href="#[84]">&gt;&gt;</a>&nbsp;&nbsp;&nbsp;uart_finish_transfers
<LI><a href="#[12]">&gt;&gt;</a>&nbsp;&nbsp;&nbsp;rwip_sleep_lpcycles_2_us
</UL>
<BR>[Address Reference Count : 1]<UL><LI> arch_main.o(.text)
</UL>
<P><STRONG><a name="[17]"></a>assert_param</STRONG> (Thumb, 28 bytes, Stack size 32 bytes, arch_main.o(.text))
<BR><BR>[Stack]<UL><LI>Max Depth = 88<LI>Call Chain = assert_param &rArr; uart_printf &rArr; vsprintf
</UL>
<BR>[Calls]<UL><LI><a href="#[1f]">&gt;&gt;</a>&nbsp;&nbsp;&nbsp;uart_printf
</UL>
<BR>[Address Reference Count : 1]<UL><LI> arch_main.o(.text)
</UL>
<P><STRONG><a name="[80]"></a>assert_warn</STRONG> (Thumb, 28 bytes, Stack size 32 bytes, arch_main.o(.text), UNUSED)
<BR><BR>[Calls]<UL><LI><a href="#[1f]">&gt;&gt;</a>&nbsp;&nbsp;&nbsp;uart_printf
</UL>

<P><STRONG><a name="[81]"></a>dump_data</STRONG> (Thumb, 20 bytes, Stack size 16 bytes, arch_main.o(.text), UNUSED)
<BR><BR>[Calls]<UL><LI><a href="#[1f]">&gt;&gt;</a>&nbsp;&nbsp;&nbsp;uart_printf
</UL>

<P><STRONG><a name="[15]"></a>platform_reset</STRONG> (Thumb, 52 bytes, Stack size 8 bytes, arch_main.o(.text))
<BR><BR>[Stack]<UL><LI>Max Depth = 96<LI>Call Chain = platform_reset &rArr; uart_finish_transfers &rArr; assert_err &rArr; uart_printf &rArr; vsprintf
</UL>
<BR>[Calls]<UL><LI><a href="#[83]">&gt;&gt;</a>&nbsp;&nbsp;&nbsp;__ARM_common_disable_irq (via BLX)
<LI><a href="#[82]">&gt;&gt;</a>&nbsp;&nbsp;&nbsp;__ARM_common_disable_fiq (via BLX)
<LI><a href="#[85]">&gt;&gt;</a>&nbsp;&nbsp;&nbsp;wdt_enable
<LI><a href="#[1f]">&gt;&gt;</a>&nbsp;&nbsp;&nbsp;uart_printf
<LI><a href="#[84]">&gt;&gt;</a>&nbsp;&nbsp;&nbsp;uart_finish_transfers
</UL>
<BR>[Address Reference Count : 1]<UL><LI> arch_main.o(.text)
</UL>
<P><STRONG><a name="[86]"></a>Reverse</STRONG> (Thumb, 46 bytes, Stack size 24 bytes, arch_main.o(.text))
<BR><BR>[Stack]<UL><LI>Max Depth = 24<LI>Call Chain = Reverse
</UL>
<BR>[Calls]<UL><LI><a href="#[87]">&gt;&gt;</a>&nbsp;&nbsp;&nbsp;strlen
</UL>
<BR>[Called By]<UL><LI><a href="#[88]">&gt;&gt;</a>&nbsp;&nbsp;&nbsp;bdaddr_env_init
</UL>

<P><STRONG><a name="[88]"></a>bdaddr_env_init</STRONG> (Thumb, 228 bytes, Stack size 48 bytes, arch_main.o(.text))
<BR><BR>[Stack]<UL><LI>Max Depth = 128<LI>Call Chain = bdaddr_env_init &rArr; Read_NVR_Flash &rArr; flash_read &rArr; flash_readword
</UL>
<BR>[Calls]<UL><LI><a href="#[1f]">&gt;&gt;</a>&nbsp;&nbsp;&nbsp;uart_printf
<LI><a href="#[8a]">&gt;&gt;</a>&nbsp;&nbsp;&nbsp;flash_read
<LI><a href="#[8b]">&gt;&gt;</a>&nbsp;&nbsp;&nbsp;__aeabi_memcpy
<LI><a href="#[8c]">&gt;&gt;</a>&nbsp;&nbsp;&nbsp;StrToHex
<LI><a href="#[89]">&gt;&gt;</a>&nbsp;&nbsp;&nbsp;Read_NVR_Flash
<LI><a href="#[86]">&gt;&gt;</a>&nbsp;&nbsp;&nbsp;Reverse
<LI><a href="#[8d]">&gt;&gt;</a>&nbsp;&nbsp;&nbsp;__2sprintf
</UL>
<BR>[Called By]<UL><LI><a href="#[93]">&gt;&gt;</a>&nbsp;&nbsp;&nbsp;rw_main
</UL>

<P><STRONG><a name="[a2]"></a>ble_clk_enable</STRONG> (Thumb, 10 bytes, Stack size 0 bytes, arch_main.o(.text))
<BR><BR>[Called By]<UL><LI><a href="#[93]">&gt;&gt;</a>&nbsp;&nbsp;&nbsp;rw_main
</UL>

<P><STRONG><a name="[90]"></a>rom_env_init</STRONG> (Thumb, 88 bytes, Stack size 8 bytes, arch_main.o(.text))
<BR><BR>[Stack]<UL><LI>Max Depth = 8<LI>Call Chain = rom_env_init
</UL>
<BR>[Calls]<UL><LI><a href="#[91]">&gt;&gt;</a>&nbsp;&nbsp;&nbsp;__aeabi_memclr4
</UL>
<BR>[Called By]<UL><LI><a href="#[93]">&gt;&gt;</a>&nbsp;&nbsp;&nbsp;rw_main
</UL>

<P><STRONG><a name="[1e]"></a>uart_rx_handler</STRONG> (Thumb, 16 bytes, Stack size 16 bytes, arch_main.o(.text))
<BR><BR>[Stack]<UL><LI>Max Depth = 32<LI>Call Chain = uart_rx_handler &rArr; get_data_to_uart_buffer
</UL>
<BR>[Calls]<UL><LI><a href="#[92]">&gt;&gt;</a>&nbsp;&nbsp;&nbsp;get_data_to_uart_buffer
</UL>
<BR>[Address Reference Count : 1]<UL><LI> arch_main.o(.text)
</UL>
<P><STRONG><a name="[99]"></a>rwip_eif_api_init</STRONG> (Thumb, 20 bytes, Stack size 0 bytes, arch_main.o(.text))
<BR><BR>[Called By]<UL><LI><a href="#[93]">&gt;&gt;</a>&nbsp;&nbsp;&nbsp;rw_main
</UL>

<P><STRONG><a name="[93]"></a>rw_main</STRONG> (Thumb, 1158 bytes, Stack size 24 bytes, arch_main.o(.text))
<BR><BR>[Stack]<UL><LI>Max Depth = 152<LI>Call Chain = rw_main &rArr; bdaddr_env_init &rArr; Read_NVR_Flash &rArr; flash_read &rArr; flash_readword
</UL>
<BR>[Calls]<UL><LI><a href="#[a6]">&gt;&gt;</a>&nbsp;&nbsp;&nbsp;__ARM_common_enable_irq (via BLX)
<LI><a href="#[a5]">&gt;&gt;</a>&nbsp;&nbsp;&nbsp;__ARM_common_enable_fiq (via BLX)
<LI><a href="#[83]">&gt;&gt;</a>&nbsp;&nbsp;&nbsp;__ARM_common_disable_irq (via BLX)
<LI><a href="#[82]">&gt;&gt;</a>&nbsp;&nbsp;&nbsp;__ARM_common_disable_fiq (via BLX)
<LI><a href="#[ac]">&gt;&gt;</a>&nbsp;&nbsp;&nbsp;wdt_disable
<LI><a href="#[1f]">&gt;&gt;</a>&nbsp;&nbsp;&nbsp;uart_printf
<LI><a href="#[9e]">&gt;&gt;</a>&nbsp;&nbsp;&nbsp;uart_init
<LI><a href="#[a0]">&gt;&gt;</a>&nbsp;&nbsp;&nbsp;uart_cb_register
<LI><a href="#[9f]">&gt;&gt;</a>&nbsp;&nbsp;&nbsp;uart2_init
<LI><a href="#[98]">&gt;&gt;</a>&nbsp;&nbsp;&nbsp;timer_init
<LI><a href="#[96]">&gt;&gt;</a>&nbsp;&nbsp;&nbsp;system_sleep_init
<LI><a href="#[95]">&gt;&gt;</a>&nbsp;&nbsp;&nbsp;srand
<LI><a href="#[ad]">&gt;&gt;</a>&nbsp;&nbsp;&nbsp;rwip_sleep
<LI><a href="#[a8]">&gt;&gt;</a>&nbsp;&nbsp;&nbsp;rwip_schedule
<LI><a href="#[10]">&gt;&gt;</a>&nbsp;&nbsp;&nbsp;rwip_prevent_sleep_set
<LI><a href="#[11]">&gt;&gt;</a>&nbsp;&nbsp;&nbsp;rwip_prevent_sleep_clear
<LI><a href="#[a3]">&gt;&gt;</a>&nbsp;&nbsp;&nbsp;rwip_init
<LI><a href="#[ab]">&gt;&gt;</a>&nbsp;&nbsp;&nbsp;oad_updating_user_section_pro
<LI><a href="#[9a]">&gt;&gt;</a>&nbsp;&nbsp;&nbsp;intc_init
<LI><a href="#[a4]">&gt;&gt;</a>&nbsp;&nbsp;&nbsp;icu_set_sleep_mode
<LI><a href="#[94]">&gt;&gt;</a>&nbsp;&nbsp;&nbsp;icu_init
<LI><a href="#[ae]">&gt;&gt;</a>&nbsp;&nbsp;&nbsp;icu_get_sleep_mode
<LI><a href="#[a7]">&gt;&gt;</a>&nbsp;&nbsp;&nbsp;hal_led_open
<LI><a href="#[9b]">&gt;&gt;</a>&nbsp;&nbsp;&nbsp;gpio_sleep
<LI><a href="#[9d]">&gt;&gt;</a>&nbsp;&nbsp;&nbsp;gpio_config
<LI><a href="#[a1]">&gt;&gt;</a>&nbsp;&nbsp;&nbsp;flash_init
<LI><a href="#[aa]">&gt;&gt;</a>&nbsp;&nbsp;&nbsp;error_event_report
<LI><a href="#[97]">&gt;&gt;</a>&nbsp;&nbsp;&nbsp;emi_init
<LI><a href="#[9c]">&gt;&gt;</a>&nbsp;&nbsp;&nbsp;drv_ws2812_gpio_init
<LI><a href="#[b0]">&gt;&gt;</a>&nbsp;&nbsp;&nbsp;cpu_reduce_voltage_sleep
<LI><a href="#[af]">&gt;&gt;</a>&nbsp;&nbsp;&nbsp;cpu_idle_sleep
<LI><a href="#[a9]">&gt;&gt;</a>&nbsp;&nbsp;&nbsp;at_traverse
<LI><a href="#[99]">&gt;&gt;</a>&nbsp;&nbsp;&nbsp;rwip_eif_api_init
<LI><a href="#[90]">&gt;&gt;</a>&nbsp;&nbsp;&nbsp;rom_env_init
<LI><a href="#[a2]">&gt;&gt;</a>&nbsp;&nbsp;&nbsp;ble_clk_enable
<LI><a href="#[88]">&gt;&gt;</a>&nbsp;&nbsp;&nbsp;bdaddr_env_init
<LI><a href="#[8e]">&gt;&gt;</a>&nbsp;&nbsp;&nbsp;Stack_Integrity_Check
<LI><a href="#[8d]">&gt;&gt;</a>&nbsp;&nbsp;&nbsp;__2sprintf
</UL>
<BR>[Called By]<UL><LI><a href="#[7b]">&gt;&gt;</a>&nbsp;&nbsp;&nbsp;sys_Reset (via Veneer)
</UL>

<P><STRONG><a name="[1b7]"></a>rwip_eif_get</STRONG> (Thumb, 26 bytes, Stack size 0 bytes, arch_main.o(.text), UNUSED)

<P><STRONG><a name="[b1]"></a>rwble_hl_init</STRONG> (Thumb, 28 bytes, Stack size 8 bytes, rwble_hl.o(.text))
<BR><BR>[Stack]<UL><LI>Max Depth = 8<LI>Call Chain = rwble_hl_init
</UL>
<BR>[Calls]<UL><LI><a href="#[b5]">&gt;&gt;</a>&nbsp;&nbsp;&nbsp;l2cm_init
<LI><a href="#[b2]">&gt;&gt;</a>&nbsp;&nbsp;&nbsp;attm_init
<LI><a href="#[b4]">&gt;&gt;</a>&nbsp;&nbsp;&nbsp;gattm_init
<LI><a href="#[b3]">&gt;&gt;</a>&nbsp;&nbsp;&nbsp;gapm_init
</UL>
<BR>[Called By]<UL><LI><a href="#[a3]">&gt;&gt;</a>&nbsp;&nbsp;&nbsp;rwip_init
</UL>

<P><STRONG><a name="[e]"></a>rwble_hl_reset</STRONG> (Thumb, 28 bytes, Stack size 8 bytes, rwble_hl.o(.text))
<BR><BR>[Stack]<UL><LI>Max Depth = 8<LI>Call Chain = rwble_hl_reset
</UL>
<BR>[Calls]<UL><LI><a href="#[b5]">&gt;&gt;</a>&nbsp;&nbsp;&nbsp;l2cm_init
<LI><a href="#[b2]">&gt;&gt;</a>&nbsp;&nbsp;&nbsp;attm_init
<LI><a href="#[b4]">&gt;&gt;</a>&nbsp;&nbsp;&nbsp;gattm_init
<LI><a href="#[b3]">&gt;&gt;</a>&nbsp;&nbsp;&nbsp;gapm_init
</UL>
<BR>[Address Reference Count : 1]<UL><LI> arch_main.o(.text)
</UL>
<P><STRONG><a name="[b6]"></a>rwble_init</STRONG> (Thumb, 32 bytes, Stack size 8 bytes, rwble.o(.text))
<BR><BR>[Stack]<UL><LI>Max Depth = 8<LI>Call Chain = rwble_init
</UL>
<BR>[Calls]<UL><LI><a href="#[bb]">&gt;&gt;</a>&nbsp;&nbsp;&nbsp;rwble_diagport_init
<LI><a href="#[bc]">&gt;&gt;</a>&nbsp;&nbsp;&nbsp;llm_ble_ready
<LI><a href="#[ba]">&gt;&gt;</a>&nbsp;&nbsp;&nbsp;llm_init
<LI><a href="#[b8]">&gt;&gt;</a>&nbsp;&nbsp;&nbsp;lld_init
<LI><a href="#[b9]">&gt;&gt;</a>&nbsp;&nbsp;&nbsp;llc_init
<LI><a href="#[b7]">&gt;&gt;</a>&nbsp;&nbsp;&nbsp;em_buf_init
</UL>
<BR>[Called By]<UL><LI><a href="#[a3]">&gt;&gt;</a>&nbsp;&nbsp;&nbsp;rwip_init
</UL>

<P><STRONG><a name="[bd]"></a>rwble_reset</STRONG> (Thumb, 128 bytes, Stack size 24 bytes, rwble.o(.text))
<BR><BR>[Stack]<UL><LI>Max Depth = 24<LI>Call Chain = rwble_reset
</UL>
<BR>[Calls]<UL><LI><a href="#[a6]">&gt;&gt;</a>&nbsp;&nbsp;&nbsp;__ARM_common_enable_irq (via BLX)
<LI><a href="#[a5]">&gt;&gt;</a>&nbsp;&nbsp;&nbsp;__ARM_common_enable_fiq (via BLX)
<LI><a href="#[83]">&gt;&gt;</a>&nbsp;&nbsp;&nbsp;__ARM_common_disable_irq (via BLX)
<LI><a href="#[82]">&gt;&gt;</a>&nbsp;&nbsp;&nbsp;__ARM_common_disable_fiq (via BLX)
<LI><a href="#[ba]">&gt;&gt;</a>&nbsp;&nbsp;&nbsp;llm_init
<LI><a href="#[be]">&gt;&gt;</a>&nbsp;&nbsp;&nbsp;lld_core_reset
<LI><a href="#[b8]">&gt;&gt;</a>&nbsp;&nbsp;&nbsp;lld_init
<LI><a href="#[bf]">&gt;&gt;</a>&nbsp;&nbsp;&nbsp;llc_reset
<LI><a href="#[b7]">&gt;&gt;</a>&nbsp;&nbsp;&nbsp;em_buf_init
<LI><a href="#[95]">&gt;&gt;</a>&nbsp;&nbsp;&nbsp;srand
</UL>
<BR>[Called By]<UL><LI><a href="#[f]">&gt;&gt;</a>&nbsp;&nbsp;&nbsp;rwip_reset
</UL>

<P><STRONG><a name="[d9]"></a>rwble_sleep_check</STRONG> (Thumb, 22 bytes, Stack size 0 bytes, rwble.o(.text))
<BR><BR>[Called By]<UL><LI><a href="#[ad]">&gt;&gt;</a>&nbsp;&nbsp;&nbsp;rwip_sleep
</UL>

<P><STRONG><a name="[1b8]"></a>rwble_activity_ongoing_check</STRONG> (Thumb, 80 bytes, Stack size 0 bytes, rwble.o(.text), UNUSED)

<P><STRONG><a name="[d5]"></a>rwble_version</STRONG> (Thumb, 80 bytes, Stack size 0 bytes, rwble.o(.text), UNUSED)
<BR><BR>[Called By]<UL><LI><a href="#[d4]">&gt;&gt;</a>&nbsp;&nbsp;&nbsp;rwip_version
</UL>

<P><STRONG><a name="[c0]"></a>rwble_isr</STRONG> (Thumb, 312 bytes, Stack size 8 bytes, rwble.o(.text))
<BR><BR>[Stack]<UL><LI>Max Depth = 32<LI>Call Chain = rwble_isr &rArr; rwip_wakeup_end &rArr; rwip_prevent_sleep_clear
</UL>
<BR>[Calls]<UL><LI><a href="#[c5]">&gt;&gt;</a>&nbsp;&nbsp;&nbsp;wdt_feed
<LI><a href="#[c2]">&gt;&gt;</a>&nbsp;&nbsp;&nbsp;rwip_wakeup_end
<LI><a href="#[c1]">&gt;&gt;</a>&nbsp;&nbsp;&nbsp;rwip_wakeup
<LI><a href="#[c7]">&gt;&gt;</a>&nbsp;&nbsp;&nbsp;ea_sw_isr
<LI><a href="#[c3]">&gt;&gt;</a>&nbsp;&nbsp;&nbsp;ea_finetimer_isr
<LI><a href="#[c6]">&gt;&gt;</a>&nbsp;&nbsp;&nbsp;lld_evt_rx_isr
<LI><a href="#[c4]">&gt;&gt;</a>&nbsp;&nbsp;&nbsp;lld_evt_end_isr
<LI><a href="#[c8]">&gt;&gt;</a>&nbsp;&nbsp;&nbsp;lld_evt_timer_isr
<LI><a href="#[c9]">&gt;&gt;</a>&nbsp;&nbsp;&nbsp;lld_crypt_isr
</UL>
<BR>[Called By]<UL><LI><a href="#[7d]">&gt;&gt;</a>&nbsp;&nbsp;&nbsp;FIQ_Exception
</UL>

<P><STRONG><a name="[ca]"></a>rwip_check_wakeup_boundary</STRONG> (Thumb, 80 bytes, Stack size 8 bytes, rwip.o(.text))
<BR><BR>[Stack]<UL><LI>Max Depth = 88<LI>Call Chain = rwip_check_wakeup_boundary &rArr; assert_err &rArr; uart_printf &rArr; vsprintf
</UL>
<BR>[Calls]<UL><LI><a href="#[16]">&gt;&gt;</a>&nbsp;&nbsp;&nbsp;assert_err
</UL>
<BR>[Called By]<UL><LI><a href="#[ad]">&gt;&gt;</a>&nbsp;&nbsp;&nbsp;rwip_sleep
</UL>

<P><STRONG><a name="[a3]"></a>rwip_init</STRONG> (Thumb, 110 bytes, Stack size 8 bytes, rwip.o(.text))
<BR><BR>[Stack]<UL><LI>Max Depth = 96<LI>Call Chain = rwip_init &rArr; appm_init &rArr; Read_NVR_Flash &rArr; flash_read &rArr; flash_readword
</UL>
<BR>[Calls]<UL><LI><a href="#[ce]">&gt;&gt;</a>&nbsp;&nbsp;&nbsp;rf_init
<LI><a href="#[d1]">&gt;&gt;</a>&nbsp;&nbsp;&nbsp;appm_init
<LI><a href="#[b6]">&gt;&gt;</a>&nbsp;&nbsp;&nbsp;rwble_init
<LI><a href="#[b1]">&gt;&gt;</a>&nbsp;&nbsp;&nbsp;rwble_hl_init
<LI><a href="#[cf]">&gt;&gt;</a>&nbsp;&nbsp;&nbsp;hci_init
<LI><a href="#[d0]">&gt;&gt;</a>&nbsp;&nbsp;&nbsp;ea_init
<LI><a href="#[cd]">&gt;&gt;</a>&nbsp;&nbsp;&nbsp;ke_mem_init
<LI><a href="#[cc]">&gt;&gt;</a>&nbsp;&nbsp;&nbsp;ke_init
</UL>
<BR>[Called By]<UL><LI><a href="#[93]">&gt;&gt;</a>&nbsp;&nbsp;&nbsp;rw_main
</UL>

<P><STRONG><a name="[f]"></a>rwip_reset</STRONG> (Thumb, 60 bytes, Stack size 16 bytes, rwip.o(.text))
<BR><BR>[Stack]<UL><LI>Max Depth = 40<LI>Call Chain = rwip_reset &rArr; rwble_reset
</UL>
<BR>[Calls]<UL><LI><a href="#[bd]">&gt;&gt;</a>&nbsp;&nbsp;&nbsp;rwble_reset
<LI><a href="#[a6]">&gt;&gt;</a>&nbsp;&nbsp;&nbsp;__ARM_common_enable_irq (via BLX)
<LI><a href="#[a5]">&gt;&gt;</a>&nbsp;&nbsp;&nbsp;__ARM_common_enable_fiq (via BLX)
<LI><a href="#[83]">&gt;&gt;</a>&nbsp;&nbsp;&nbsp;__ARM_common_disable_irq (via BLX)
<LI><a href="#[82]">&gt;&gt;</a>&nbsp;&nbsp;&nbsp;__ARM_common_disable_fiq (via BLX)
<LI><a href="#[d3]">&gt;&gt;</a>&nbsp;&nbsp;&nbsp;hci_reset
<LI><a href="#[d0]">&gt;&gt;</a>&nbsp;&nbsp;&nbsp;ea_init
<LI><a href="#[d2]">&gt;&gt;</a>&nbsp;&nbsp;&nbsp;ke_flush
</UL>
<BR>[Address Reference Count : 1]<UL><LI> arch_main.o(.text)
</UL>
<P><STRONG><a name="[d4]"></a>rwip_version</STRONG> (Thumb, 16 bytes, Stack size 16 bytes, rwip.o(.text), UNUSED)
<BR><BR>[Calls]<UL><LI><a href="#[d5]">&gt;&gt;</a>&nbsp;&nbsp;&nbsp;rwble_version
</UL>

<P><STRONG><a name="[a8]"></a>rwip_schedule</STRONG> (Thumb, 20 bytes, Stack size 8 bytes, rwip.o(.text))
<BR><BR>[Stack]<UL><LI>Max Depth = 8<LI>Call Chain = rwip_schedule
</UL>
<BR>[Calls]<UL><LI><a href="#[d6]">&gt;&gt;</a>&nbsp;&nbsp;&nbsp;ke_event_schedule
</UL>
<BR>[Called By]<UL><LI><a href="#[93]">&gt;&gt;</a>&nbsp;&nbsp;&nbsp;rw_main
</UL>

<P><STRONG><a name="[10]"></a>rwip_prevent_sleep_set</STRONG> (Thumb, 48 bytes, Stack size 16 bytes, rwip.o(.text))
<BR><BR>[Stack]<UL><LI>Max Depth = 16<LI>Call Chain = rwip_prevent_sleep_set
</UL>
<BR>[Calls]<UL><LI><a href="#[a6]">&gt;&gt;</a>&nbsp;&nbsp;&nbsp;__ARM_common_enable_irq (via BLX)
<LI><a href="#[a5]">&gt;&gt;</a>&nbsp;&nbsp;&nbsp;__ARM_common_enable_fiq (via BLX)
<LI><a href="#[83]">&gt;&gt;</a>&nbsp;&nbsp;&nbsp;__ARM_common_disable_irq (via BLX)
<LI><a href="#[82]">&gt;&gt;</a>&nbsp;&nbsp;&nbsp;__ARM_common_disable_fiq (via BLX)
</UL>
<BR>[Called By]<UL><LI><a href="#[c1]">&gt;&gt;</a>&nbsp;&nbsp;&nbsp;rwip_wakeup
<LI><a href="#[ad]">&gt;&gt;</a>&nbsp;&nbsp;&nbsp;rwip_sleep
<LI><a href="#[93]">&gt;&gt;</a>&nbsp;&nbsp;&nbsp;rw_main
</UL>
<BR>[Address Reference Count : 1]<UL><LI> arch_main.o(.text)
</UL>
<P><STRONG><a name="[ad]"></a>rwip_sleep</STRONG> (Thumb, 180 bytes, Stack size 16 bytes, rwip.o(.text))
<BR><BR>[Stack]<UL><LI>Max Depth = 112<LI>Call Chain = rwip_sleep &rArr; rwip_slot_2_lpcycles &rArr; assert_err &rArr; uart_printf &rArr; vsprintf
</UL>
<BR>[Calls]<UL><LI><a href="#[db]">&gt;&gt;</a>&nbsp;&nbsp;&nbsp;check_uart_stop
<LI><a href="#[ca]">&gt;&gt;</a>&nbsp;&nbsp;&nbsp;rwip_check_wakeup_boundary
<LI><a href="#[cb]">&gt;&gt;</a>&nbsp;&nbsp;&nbsp;rwip_slot_2_lpcycles
<LI><a href="#[d9]">&gt;&gt;</a>&nbsp;&nbsp;&nbsp;rwble_sleep_check
<LI><a href="#[da]">&gt;&gt;</a>&nbsp;&nbsp;&nbsp;ea_sleep_check
<LI><a href="#[dc]">&gt;&gt;</a>&nbsp;&nbsp;&nbsp;lld_sleep_enter
<LI><a href="#[d8]">&gt;&gt;</a>&nbsp;&nbsp;&nbsp;ke_timer_sleep_check
<LI><a href="#[d7]">&gt;&gt;</a>&nbsp;&nbsp;&nbsp;ke_sleep_check
<LI><a href="#[10]">&gt;&gt;</a>&nbsp;&nbsp;&nbsp;rwip_prevent_sleep_set
</UL>
<BR>[Called By]<UL><LI><a href="#[93]">&gt;&gt;</a>&nbsp;&nbsp;&nbsp;rw_main
</UL>

<P><STRONG><a name="[c1]"></a>rwip_wakeup</STRONG> (Thumb, 20 bytes, Stack size 8 bytes, rwip.o(.text))
<BR><BR>[Stack]<UL><LI>Max Depth = 24<LI>Call Chain = rwip_wakeup &rArr; rwip_prevent_sleep_set
</UL>
<BR>[Calls]<UL><LI><a href="#[c5]">&gt;&gt;</a>&nbsp;&nbsp;&nbsp;wdt_feed
<LI><a href="#[dd]">&gt;&gt;</a>&nbsp;&nbsp;&nbsp;lld_sleep_wakeup
<LI><a href="#[10]">&gt;&gt;</a>&nbsp;&nbsp;&nbsp;rwip_prevent_sleep_set
</UL>
<BR>[Called By]<UL><LI><a href="#[c0]">&gt;&gt;</a>&nbsp;&nbsp;&nbsp;rwble_isr
</UL>

<P><STRONG><a name="[11]"></a>rwip_prevent_sleep_clear</STRONG> (Thumb, 48 bytes, Stack size 16 bytes, rwip.o(.text))
<BR><BR>[Stack]<UL><LI>Max Depth = 16<LI>Call Chain = rwip_prevent_sleep_clear
</UL>
<BR>[Calls]<UL><LI><a href="#[a6]">&gt;&gt;</a>&nbsp;&nbsp;&nbsp;__ARM_common_enable_irq (via BLX)
<LI><a href="#[a5]">&gt;&gt;</a>&nbsp;&nbsp;&nbsp;__ARM_common_enable_fiq (via BLX)
<LI><a href="#[83]">&gt;&gt;</a>&nbsp;&nbsp;&nbsp;__ARM_common_disable_irq (via BLX)
<LI><a href="#[82]">&gt;&gt;</a>&nbsp;&nbsp;&nbsp;__ARM_common_disable_fiq (via BLX)
</UL>
<BR>[Called By]<UL><LI><a href="#[c2]">&gt;&gt;</a>&nbsp;&nbsp;&nbsp;rwip_wakeup_end
<LI><a href="#[93]">&gt;&gt;</a>&nbsp;&nbsp;&nbsp;rw_main
</UL>
<BR>[Address Reference Count : 1]<UL><LI> arch_main.o(.text)
</UL>
<P><STRONG><a name="[c2]"></a>rwip_wakeup_end</STRONG> (Thumb, 40 bytes, Stack size 8 bytes, rwip.o(.text))
<BR><BR>[Stack]<UL><LI>Max Depth = 24<LI>Call Chain = rwip_wakeup_end &rArr; rwip_prevent_sleep_clear
</UL>
<BR>[Calls]<UL><LI><a href="#[de]">&gt;&gt;</a>&nbsp;&nbsp;&nbsp;lld_sleep_wakeup_end
<LI><a href="#[df]">&gt;&gt;</a>&nbsp;&nbsp;&nbsp;ke_event_set
<LI><a href="#[11]">&gt;&gt;</a>&nbsp;&nbsp;&nbsp;rwip_prevent_sleep_clear
</UL>
<BR>[Called By]<UL><LI><a href="#[c0]">&gt;&gt;</a>&nbsp;&nbsp;&nbsp;rwble_isr
</UL>

<P><STRONG><a name="[13]"></a>rwip_us_2_lpcycles</STRONG> (Thumb, 20 bytes, Stack size 16 bytes, rwip.o(.text))
<BR><BR>[Stack]<UL><LI>Max Depth = 16<LI>Call Chain = rwip_us_2_lpcycles
</UL>
<BR>[Calls]<UL><LI><a href="#[e0]">&gt;&gt;</a>&nbsp;&nbsp;&nbsp;__aeabi_uidivmod
</UL>
<BR>[Called By]<UL><LI><a href="#[14]">&gt;&gt;</a>&nbsp;&nbsp;&nbsp;rwip_wakeup_delay_set
</UL>
<BR>[Address Reference Count : 1]<UL><LI> arch_main.o(.text)
</UL>
<P><STRONG><a name="[14]"></a>rwip_wakeup_delay_set</STRONG> (Thumb, 16 bytes, Stack size 8 bytes, rwip.o(.text))
<BR><BR>[Stack]<UL><LI>Max Depth = 24<LI>Call Chain = rwip_wakeup_delay_set &rArr; rwip_us_2_lpcycles
</UL>
<BR>[Calls]<UL><LI><a href="#[13]">&gt;&gt;</a>&nbsp;&nbsp;&nbsp;rwip_us_2_lpcycles
</UL>
<BR>[Address Reference Count : 1]<UL><LI> arch_main.o(.text)
</UL>
<P><STRONG><a name="[1b9]"></a>rwip_prevent_sleep_get</STRONG> (Thumb, 8 bytes, Stack size 0 bytes, rwip.o(.text), UNUSED)

<P><STRONG><a name="[1ba]"></a>rwip_sleep_enable</STRONG> (Thumb, 6 bytes, Stack size 0 bytes, rwip.o(.text), UNUSED)

<P><STRONG><a name="[1bb]"></a>rwip_ext_wakeup_enable</STRONG> (Thumb, 6 bytes, Stack size 0 bytes, rwip.o(.text), UNUSED)

<P><STRONG><a name="[12]"></a>rwip_sleep_lpcycles_2_us</STRONG> (Thumb, 62 bytes, Stack size 16 bytes, rwip.o(.text))
<BR><BR>[Stack]<UL><LI>Max Depth = 96<LI>Call Chain = rwip_sleep_lpcycles_2_us &rArr; assert_err &rArr; uart_printf &rArr; vsprintf
</UL>
<BR>[Calls]<UL><LI><a href="#[16]">&gt;&gt;</a>&nbsp;&nbsp;&nbsp;assert_err
</UL>
<BR>[Address Reference Count : 1]<UL><LI> arch_main.o(.text)
</UL>
<P><STRONG><a name="[1bc]"></a>rwip_assert_err</STRONG> (Thumb, 2 bytes, Stack size 0 bytes, rwip.o(.text), UNUSED)

<P><STRONG><a name="[97]"></a>emi_init</STRONG> (Thumb, 22 bytes, Stack size 0 bytes, emi.o(.text))
<BR><BR>[Called By]<UL><LI><a href="#[93]">&gt;&gt;</a>&nbsp;&nbsp;&nbsp;rw_main
</UL>

<P><STRONG><a name="[a1]"></a>flash_init</STRONG> (Thumb, 26 bytes, Stack size 0 bytes, flash.o(.text))
<BR><BR>[Called By]<UL><LI><a href="#[93]">&gt;&gt;</a>&nbsp;&nbsp;&nbsp;rw_main
</UL>

<P><STRONG><a name="[e1]"></a>flash_readword</STRONG> (Thumb, 64 bytes, Stack size 24 bytes, flash.o(.text))
<BR><BR>[Stack]<UL><LI>Max Depth = 24<LI>Call Chain = flash_readword
</UL>
<BR>[Calls]<UL><LI><a href="#[e5]">&gt;&gt;</a>&nbsp;&nbsp;&nbsp;flash_status
<LI><a href="#[e4]">&gt;&gt;</a>&nbsp;&nbsp;&nbsp;flash_start
<LI><a href="#[e6]">&gt;&gt;</a>&nbsp;&nbsp;&nbsp;flash_clearKey
<LI><a href="#[e2]">&gt;&gt;</a>&nbsp;&nbsp;&nbsp;flash_writeKey
<LI><a href="#[e3]">&gt;&gt;</a>&nbsp;&nbsp;&nbsp;flash_unlock
</UL>
<BR>[Called By]<UL><LI><a href="#[8a]">&gt;&gt;</a>&nbsp;&nbsp;&nbsp;flash_read
</UL>

<P><STRONG><a name="[e7]"></a>flash_writeword</STRONG> (Thumb, 66 bytes, Stack size 24 bytes, flash.o(.text))
<BR><BR>[Stack]<UL><LI>Max Depth = 24<LI>Call Chain = flash_writeword
</UL>
<BR>[Calls]<UL><LI><a href="#[e5]">&gt;&gt;</a>&nbsp;&nbsp;&nbsp;flash_status
<LI><a href="#[e4]">&gt;&gt;</a>&nbsp;&nbsp;&nbsp;flash_start
<LI><a href="#[e6]">&gt;&gt;</a>&nbsp;&nbsp;&nbsp;flash_clearKey
<LI><a href="#[e2]">&gt;&gt;</a>&nbsp;&nbsp;&nbsp;flash_writeKey
<LI><a href="#[e3]">&gt;&gt;</a>&nbsp;&nbsp;&nbsp;flash_unlock
</UL>
<BR>[Called By]<UL><LI><a href="#[ea]">&gt;&gt;</a>&nbsp;&nbsp;&nbsp;flash_write
</UL>

<P><STRONG><a name="[e8]"></a>flash_erase_sector</STRONG> (Thumb, 62 bytes, Stack size 16 bytes, flash.o(.text))
<BR><BR>[Stack]<UL><LI>Max Depth = 16<LI>Call Chain = flash_erase_sector
</UL>
<BR>[Calls]<UL><LI><a href="#[e5]">&gt;&gt;</a>&nbsp;&nbsp;&nbsp;flash_status
<LI><a href="#[e4]">&gt;&gt;</a>&nbsp;&nbsp;&nbsp;flash_start
<LI><a href="#[e6]">&gt;&gt;</a>&nbsp;&nbsp;&nbsp;flash_clearKey
<LI><a href="#[e2]">&gt;&gt;</a>&nbsp;&nbsp;&nbsp;flash_writeKey
<LI><a href="#[e3]">&gt;&gt;</a>&nbsp;&nbsp;&nbsp;flash_unlock
</UL>
<BR>[Called By]<UL><LI><a href="#[eb]">&gt;&gt;</a>&nbsp;&nbsp;&nbsp;Write_NVR_Flash
<LI><a href="#[e9]">&gt;&gt;</a>&nbsp;&nbsp;&nbsp;flash_erase
</UL>

<P><STRONG><a name="[e9]"></a>flash_erase</STRONG> (Thumb, 44 bytes, Stack size 24 bytes, flash.o(.text), UNUSED)
<BR><BR>[Calls]<UL><LI><a href="#[e8]">&gt;&gt;</a>&nbsp;&nbsp;&nbsp;flash_erase_sector
</UL>

<P><STRONG><a name="[ea]"></a>flash_write</STRONG> (Thumb, 144 bytes, Stack size 40 bytes, flash.o(.text))
<BR><BR>[Stack]<UL><LI>Max Depth = 64<LI>Call Chain = flash_write &rArr; flash_writeword
</UL>
<BR>[Calls]<UL><LI><a href="#[e7]">&gt;&gt;</a>&nbsp;&nbsp;&nbsp;flash_writeword
</UL>
<BR>[Called By]<UL><LI><a href="#[eb]">&gt;&gt;</a>&nbsp;&nbsp;&nbsp;Write_NVR_Flash
<LI><a href="#[ab]">&gt;&gt;</a>&nbsp;&nbsp;&nbsp;oad_updating_user_section_pro
</UL>

<P><STRONG><a name="[8a]"></a>flash_read</STRONG> (Thumb, 114 bytes, Stack size 40 bytes, flash.o(.text))
<BR><BR>[Stack]<UL><LI>Max Depth = 64<LI>Call Chain = flash_read &rArr; flash_readword
</UL>
<BR>[Calls]<UL><LI><a href="#[e1]">&gt;&gt;</a>&nbsp;&nbsp;&nbsp;flash_readword
<LI><a href="#[8b]">&gt;&gt;</a>&nbsp;&nbsp;&nbsp;__aeabi_memcpy
</UL>
<BR>[Called By]<UL><LI><a href="#[89]">&gt;&gt;</a>&nbsp;&nbsp;&nbsp;Read_NVR_Flash
<LI><a href="#[88]">&gt;&gt;</a>&nbsp;&nbsp;&nbsp;bdaddr_env_init
<LI><a href="#[13a]">&gt;&gt;</a>&nbsp;&nbsp;&nbsp;oadImgBlockWrite
<LI><a href="#[138]">&gt;&gt;</a>&nbsp;&nbsp;&nbsp;oadImgIdentifyWrite
</UL>

<P><STRONG><a name="[1bd]"></a>crc16</STRONG> (Thumb, 52 bytes, Stack size 28 bytes, flash.o(.text), UNUSED)

<P><STRONG><a name="[1be]"></a>write_lmecc_pointq</STRONG> (Thumb, 2 bytes, Stack size 0 bytes, flash.o(.text), UNUSED)

<P><STRONG><a name="[1bf]"></a>read_lmecc_pointq_status</STRONG> (Thumb, 4 bytes, Stack size 0 bytes, flash.o(.text), UNUSED)

<P><STRONG><a name="[1c0]"></a>read_lmecc_pointq</STRONG> (Thumb, 2 bytes, Stack size 0 bytes, flash.o(.text), UNUSED)

<P><STRONG><a name="[eb]"></a>Write_NVR_Flash</STRONG> (Thumb, 30 bytes, Stack size 16 bytes, flash.o(.text))
<BR><BR>[Stack]<UL><LI>Max Depth = 80<LI>Call Chain = Write_NVR_Flash &rArr; flash_write &rArr; flash_writeword
</UL>
<BR>[Calls]<UL><LI><a href="#[ea]">&gt;&gt;</a>&nbsp;&nbsp;&nbsp;flash_write
<LI><a href="#[e8]">&gt;&gt;</a>&nbsp;&nbsp;&nbsp;flash_erase_sector
</UL>
<BR>[Called By]<UL><LI><a href="#[78]">&gt;&gt;</a>&nbsp;&nbsp;&nbsp;at_del_cfg
<LI><a href="#[74]">&gt;&gt;</a>&nbsp;&nbsp;&nbsp;at_set_mac_addres_cb
</UL>

<P><STRONG><a name="[89]"></a>Read_NVR_Flash</STRONG> (Thumb, 22 bytes, Stack size 16 bytes, flash.o(.text))
<BR><BR>[Stack]<UL><LI>Max Depth = 80<LI>Call Chain = Read_NVR_Flash &rArr; flash_read &rArr; flash_readword
</UL>
<BR>[Calls]<UL><LI><a href="#[8a]">&gt;&gt;</a>&nbsp;&nbsp;&nbsp;flash_read
</UL>
<BR>[Called By]<UL><LI><a href="#[d1]">&gt;&gt;</a>&nbsp;&nbsp;&nbsp;appm_init
<LI><a href="#[88]">&gt;&gt;</a>&nbsp;&nbsp;&nbsp;bdaddr_env_init
<LI><a href="#[74]">&gt;&gt;</a>&nbsp;&nbsp;&nbsp;at_set_mac_addres_cb
</UL>

<P><STRONG><a name="[9d]"></a>gpio_config</STRONG> (Thumb, 268 bytes, Stack size 32 bytes, gpio.o(.text))
<BR><BR>[Stack]<UL><LI>Max Depth = 32<LI>Call Chain = gpio_config
</UL>
<BR>[Called By]<UL><LI><a href="#[105]">&gt;&gt;</a>&nbsp;&nbsp;&nbsp;adc_get_value
<LI><a href="#[104]">&gt;&gt;</a>&nbsp;&nbsp;&nbsp;adc_deinit
<LI><a href="#[103]">&gt;&gt;</a>&nbsp;&nbsp;&nbsp;adc_init
<LI><a href="#[ef]">&gt;&gt;</a>&nbsp;&nbsp;&nbsp;gpio_test_init
<LI><a href="#[9c]">&gt;&gt;</a>&nbsp;&nbsp;&nbsp;drv_ws2812_gpio_init
<LI><a href="#[93]">&gt;&gt;</a>&nbsp;&nbsp;&nbsp;rw_main
<LI><a href="#[19a]">&gt;&gt;</a>&nbsp;&nbsp;&nbsp;motor_receive
<LI><a href="#[16c]">&gt;&gt;</a>&nbsp;&nbsp;&nbsp;hal_load_gpio_init
<LI><a href="#[16b]">&gt;&gt;</a>&nbsp;&nbsp;&nbsp;hal_adc_ain_init
<LI><a href="#[16a]">&gt;&gt;</a>&nbsp;&nbsp;&nbsp;hal_led_init
<LI><a href="#[168]">&gt;&gt;</a>&nbsp;&nbsp;&nbsp;hal_charger_pw_gpio_init
</UL>

<P><STRONG><a name="[19b]"></a>gpio_get_input</STRONG> (Thumb, 36 bytes, Stack size 12 bytes, gpio.o(.text), UNUSED)
<BR><BR>[Called By]<UL><LI><a href="#[19a]">&gt;&gt;</a>&nbsp;&nbsp;&nbsp;motor_receive
</UL>

<P><STRONG><a name="[ed]"></a>gpio_set</STRONG> (Thumb, 54 bytes, Stack size 16 bytes, gpio.o(.text))
<BR><BR>[Stack]<UL><LI>Max Depth = 16<LI>Call Chain = gpio_set
</UL>
<BR>[Called By]<UL><LI><a href="#[104]">&gt;&gt;</a>&nbsp;&nbsp;&nbsp;adc_deinit
<LI><a href="#[ec]">&gt;&gt;</a>&nbsp;&nbsp;&nbsp;gpio_triger
<LI><a href="#[a7]">&gt;&gt;</a>&nbsp;&nbsp;&nbsp;hal_led_open
<LI><a href="#[9c]">&gt;&gt;</a>&nbsp;&nbsp;&nbsp;drv_ws2812_gpio_init
<LI><a href="#[16d]">&gt;&gt;</a>&nbsp;&nbsp;&nbsp;hal_load_open
<LI><a href="#[16c]">&gt;&gt;</a>&nbsp;&nbsp;&nbsp;hal_load_gpio_init
<LI><a href="#[169]">&gt;&gt;</a>&nbsp;&nbsp;&nbsp;hal_charger_pw_open
<LI><a href="#[168]">&gt;&gt;</a>&nbsp;&nbsp;&nbsp;hal_charger_pw_gpio_init
<LI><a href="#[160]">&gt;&gt;</a>&nbsp;&nbsp;&nbsp;hal_load_power_open
<LI><a href="#[15a]">&gt;&gt;</a>&nbsp;&nbsp;&nbsp;hal_load_close
<LI><a href="#[15c]">&gt;&gt;</a>&nbsp;&nbsp;&nbsp;hal_charger_pw_close
<LI><a href="#[15f]">&gt;&gt;</a>&nbsp;&nbsp;&nbsp;hal_adc_ain_open
<LI><a href="#[14b]">&gt;&gt;</a>&nbsp;&nbsp;&nbsp;hal_load_power_close
<LI><a href="#[14a]">&gt;&gt;</a>&nbsp;&nbsp;&nbsp;hal_led_close
<LI><a href="#[14c]">&gt;&gt;</a>&nbsp;&nbsp;&nbsp;hal_adc_ain_close
</UL>

<P><STRONG><a name="[16f]"></a>gpio_set_value_get</STRONG> (Thumb, 46 bytes, Stack size 16 bytes, gpio.o(.text))
<BR><BR>[Stack]<UL><LI>Max Depth = 16<LI>Call Chain = gpio_set_value_get
</UL>
<BR>[Called By]<UL><LI><a href="#[176]">&gt;&gt;</a>&nbsp;&nbsp;&nbsp;drv_ws2812_round
<LI><a href="#[175]">&gt;&gt;</a>&nbsp;&nbsp;&nbsp;drv_ws2812_test
<LI><a href="#[174]">&gt;&gt;</a>&nbsp;&nbsp;&nbsp;drv_ws2812_test2
<LI><a href="#[15d]">&gt;&gt;</a>&nbsp;&nbsp;&nbsp;drv_ws2812_set_color
</UL>

<P><STRONG><a name="[1c1]"></a>gpio_init</STRONG> (Thumb, 2 bytes, Stack size 0 bytes, gpio.o(.text), UNUSED)

<P><STRONG><a name="[ec]"></a>gpio_triger</STRONG> (Thumb, 22 bytes, Stack size 8 bytes, gpio.o(.text), UNUSED)
<BR><BR>[Calls]<UL><LI><a href="#[ed]">&gt;&gt;</a>&nbsp;&nbsp;&nbsp;gpio_set
</UL>

<P><STRONG><a name="[1c2]"></a>gpio_cb_register</STRONG> (Thumb, 10 bytes, Stack size 0 bytes, gpio.o(.text), UNUSED)

<P><STRONG><a name="[ee]"></a>gpio_isr</STRONG> (Thumb, 48 bytes, Stack size 8 bytes, gpio.o(.text))
<BR><BR>[Stack]<UL><LI>Max Depth = 64<LI>Call Chain = gpio_isr &rArr; uart_printf &rArr; vsprintf
</UL>
<BR>[Calls]<UL><LI><a href="#[1f]">&gt;&gt;</a>&nbsp;&nbsp;&nbsp;uart_printf
</UL>
<BR>[Called By]<UL><LI><a href="#[7f]">&gt;&gt;</a>&nbsp;&nbsp;&nbsp;IRQ_Exception
</UL>

<P><STRONG><a name="[ef]"></a>gpio_test_init</STRONG> (Thumb, 54 bytes, Stack size 4 bytes, gpio.o(.text), UNUSED)
<BR><BR>[Calls]<UL><LI><a href="#[9d]">&gt;&gt;</a>&nbsp;&nbsp;&nbsp;gpio_config
</UL>

<P><STRONG><a name="[9b]"></a>gpio_sleep</STRONG> (Thumb, 112 bytes, Stack size 0 bytes, gpio.o(.text))
<BR><BR>[Called By]<UL><LI><a href="#[93]">&gt;&gt;</a>&nbsp;&nbsp;&nbsp;rw_main
</UL>

<P><STRONG><a name="[1c3]"></a>gpio_wakeup</STRONG> (Thumb, 66 bytes, Stack size 0 bytes, gpio.o(.text), UNUSED)

<P><STRONG><a name="[1c4]"></a>DEBUG_MSG</STRONG> (Thumb, 2 bytes, Stack size 0 bytes, gpio.o(.text), UNUSED)

<P><STRONG><a name="[96]"></a>system_sleep_init</STRONG> (Thumb, 8 bytes, Stack size 0 bytes, icu.o(.text))
<BR><BR>[Called By]<UL><LI><a href="#[93]">&gt;&gt;</a>&nbsp;&nbsp;&nbsp;rw_main
</UL>

<P><STRONG><a name="[94]"></a>icu_init</STRONG> (Thumb, 90 bytes, Stack size 0 bytes, icu.o(.text))
<BR><BR>[Called By]<UL><LI><a href="#[93]">&gt;&gt;</a>&nbsp;&nbsp;&nbsp;rw_main
</UL>

<P><STRONG><a name="[ae]"></a>icu_get_sleep_mode</STRONG> (Thumb, 6 bytes, Stack size 0 bytes, icu.o(.text))
<BR><BR>[Called By]<UL><LI><a href="#[93]">&gt;&gt;</a>&nbsp;&nbsp;&nbsp;rw_main
</UL>

<P><STRONG><a name="[a4]"></a>icu_set_sleep_mode</STRONG> (Thumb, 6 bytes, Stack size 0 bytes, icu.o(.text))
<BR><BR>[Called By]<UL><LI><a href="#[93]">&gt;&gt;</a>&nbsp;&nbsp;&nbsp;rw_main
</UL>

<P><STRONG><a name="[f0]"></a>enter_deep_sleep</STRONG> (Thumb, 58 bytes, Stack size 0 bytes, icu.o(.text), UNUSED)
<BR><BR>[Calls]<UL><LI><a href="#[f1]">&gt;&gt;</a>&nbsp;&nbsp;&nbsp;Delay_us
</UL>

<P><STRONG><a name="[b0]"></a>cpu_reduce_voltage_sleep</STRONG> (Thumb, 82 bytes, Stack size 0 bytes, icu.o(.text))
<BR><BR>[Called By]<UL><LI><a href="#[93]">&gt;&gt;</a>&nbsp;&nbsp;&nbsp;rw_main
</UL>

<P><STRONG><a name="[f2]"></a>cpu_wakeup</STRONG> (Thumb, 34 bytes, Stack size 0 bytes, icu.o(.text))
<BR><BR>[Called By]<UL><LI><a href="#[7d]">&gt;&gt;</a>&nbsp;&nbsp;&nbsp;FIQ_Exception
<LI><a href="#[7f]">&gt;&gt;</a>&nbsp;&nbsp;&nbsp;IRQ_Exception
</UL>

<P><STRONG><a name="[af]"></a>cpu_idle_sleep</STRONG> (Thumb, 8 bytes, Stack size 0 bytes, icu.o(.text))
<BR><BR>[Called By]<UL><LI><a href="#[93]">&gt;&gt;</a>&nbsp;&nbsp;&nbsp;rw_main
</UL>

<P><STRONG><a name="[1c5]"></a>system_reset_reson</STRONG> (Thumb, 22 bytes, Stack size 0 bytes, icu.o(.text), UNUSED)

<P><STRONG><a name="[16e]"></a>switch_clk</STRONG> (Thumb, 84 bytes, Stack size 0 bytes, icu.o(.text))
<BR><BR>[Called By]<UL><LI><a href="#[176]">&gt;&gt;</a>&nbsp;&nbsp;&nbsp;drv_ws2812_round
<LI><a href="#[15d]">&gt;&gt;</a>&nbsp;&nbsp;&nbsp;drv_ws2812_set_color
</UL>

<P><STRONG><a name="[1c6]"></a>intc_spurious</STRONG> (Thumb, 2 bytes, Stack size 0 bytes, intc.o(.text), UNUSED)

<P><STRONG><a name="[9a]"></a>intc_init</STRONG> (Thumb, 52 bytes, Stack size 0 bytes, intc.o(.text))
<BR><BR>[Called By]<UL><LI><a href="#[93]">&gt;&gt;</a>&nbsp;&nbsp;&nbsp;rw_main
</UL>

<P><STRONG><a name="[1c7]"></a>intc_stat_clear</STRONG> (Thumb, 10 bytes, Stack size 0 bytes, intc.o(.text), UNUSED)

<P><STRONG><a name="[7f]"></a>IRQ_Exception</STRONG> (Thumb, 198 bytes, Stack size 16 bytes, intc.o(.text))
<BR><BR>[Stack]<UL><LI>Max Depth = 112<LI>Call Chain = IRQ_Exception &rArr; uart_isr &rArr; assert_err &rArr; uart_printf &rArr; vsprintf
</UL>
<BR>[Calls]<UL><LI><a href="#[f3]">&gt;&gt;</a>&nbsp;&nbsp;&nbsp;uart_isr
<LI><a href="#[f4]">&gt;&gt;</a>&nbsp;&nbsp;&nbsp;uart2_isr
<LI><a href="#[f5]">&gt;&gt;</a>&nbsp;&nbsp;&nbsp;adc_isr
<LI><a href="#[f2]">&gt;&gt;</a>&nbsp;&nbsp;&nbsp;cpu_wakeup
<LI><a href="#[ee]">&gt;&gt;</a>&nbsp;&nbsp;&nbsp;gpio_isr
</UL>
<BR>[Called By]<UL><LI><a href="#[7e]">&gt;&gt;</a>&nbsp;&nbsp;&nbsp;SYSirq_IRQ_Handler (via BLX)
</UL>

<P><STRONG><a name="[7d]"></a>FIQ_Exception</STRONG> (Thumb, 60 bytes, Stack size 16 bytes, intc.o(.text))
<BR><BR>[Stack]<UL><LI>Max Depth = 48<LI>Call Chain = FIQ_Exception &rArr; rwble_isr &rArr; rwip_wakeup_end &rArr; rwip_prevent_sleep_clear
</UL>
<BR>[Calls]<UL><LI><a href="#[f2]">&gt;&gt;</a>&nbsp;&nbsp;&nbsp;cpu_wakeup
<LI><a href="#[c0]">&gt;&gt;</a>&nbsp;&nbsp;&nbsp;rwble_isr
</UL>
<BR>[Called By]<UL><LI><a href="#[7c]">&gt;&gt;</a>&nbsp;&nbsp;&nbsp;SYSirq_FIQ_Handler (via BLX)
</UL>

<P><STRONG><a name="[98]"></a>timer_init</STRONG> (Thumb, 2 bytes, Stack size 0 bytes, timer.o(.text))
[...]
</UL>
<BR>[Calls]<UL><LI><a href="#[13c]">&gt;&gt;</a>&nbsp;&nbsp;&nbsp;__aeabi_memclr
<LI><a href="#[149]">&gt;&gt;</a>&nbsp;&nbsp;&nbsp;ke_timer_clear
<LI><a href="#[14d]">&gt;&gt;</a>&nbsp;&nbsp;&nbsp;ke_timer_set
<LI><a href="#[1f]">&gt;&gt;</a>&nbsp;&nbsp;&nbsp;uart_printf
<LI><a href="#[8b]">&gt;&gt;</a>&nbsp;&nbsp;&nbsp;__aeabi_memcpy
</UL>
<BR>[Address Reference Count : 1]<UL><LI> app_fff0.o(.constdata)
</UL>
<P><STRONG><a name="[56]"></a>fff1_period_ntf_handler</STRONG> (Thumb, 8 bytes, Stack size 8 bytes, app_fff0.o(.text))
<BR><BR>[Stack]<UL><LI>Max Depth = 8<LI>Call Chain = fff1_period_ntf_handler
</UL>
<BR>[Address Reference Count : 1]<UL><LI> app_fff0.o(.constdata)
</UL>
<P><STRONG><a name="[68]"></a>app_battery_timer_handler</STRONG> (Thumb, 140 bytes, Stack size 40 bytes, app_task.o(.text))
<BR><BR>[Stack]<UL><LI>Max Depth = 216<LI>Call Chain = app_battery_timer_handler &rArr; drv_get_battery_vol &rArr; __aeabi_dmul &rArr; _double_epilogue &rArr; __aeabi_llsr
</UL>
<BR>[Calls]<UL><LI><a href="#[158]">&gt;&gt;</a>&nbsp;&nbsp;&nbsp;__aeabi_memset
<LI><a href="#[14d]">&gt;&gt;</a>&nbsp;&nbsp;&nbsp;ke_timer_set
<LI><a href="#[87]">&gt;&gt;</a>&nbsp;&nbsp;&nbsp;strlen
<LI><a href="#[159]">&gt;&gt;</a>&nbsp;&nbsp;&nbsp;drv_get_battery_vol
<LI><a href="#[156]">&gt;&gt;</a>&nbsp;&nbsp;&nbsp;app_fff1_send_lvl
<LI><a href="#[8d]">&gt;&gt;</a>&nbsp;&nbsp;&nbsp;__2sprintf
</UL>
<BR>[Address Reference Count : 1]<UL><LI> app_task.o(.constdata)
</UL>
<P><STRONG><a name="[69]"></a>app_load_close_timer_handler</STRONG> (Thumb, 90 bytes, Stack size 24 bytes, app_task.o(.text))
<BR><BR>[Stack]<UL><LI>Max Depth = 80<LI>Call Chain = app_load_close_timer_handler &rArr; uart_printf &rArr; vsprintf
</UL>
<BR>[Calls]<UL><LI><a href="#[1f]">&gt;&gt;</a>&nbsp;&nbsp;&nbsp;uart_printf
<LI><a href="#[87]">&gt;&gt;</a>&nbsp;&nbsp;&nbsp;strlen
<LI><a href="#[15a]">&gt;&gt;</a>&nbsp;&nbsp;&nbsp;hal_load_close
<LI><a href="#[156]">&gt;&gt;</a>&nbsp;&nbsp;&nbsp;app_fff1_send_lvl
<LI><a href="#[8d]">&gt;&gt;</a>&nbsp;&nbsp;&nbsp;__2sprintf
</UL>
<BR>[Address Reference Count : 1]<UL><LI> app_task.o(.constdata)
</UL>
<P><STRONG><a name="[6a]"></a>app_ble_disc_timer_handler</STRONG> (Thumb, 44 bytes, Stack size 24 bytes, app_task.o(.text))
<BR><BR>[Stack]<UL><LI>Max Depth = 80<LI>Call Chain = app_ble_disc_timer_handler &rArr; uart_printf &rArr; vsprintf
</UL>
<BR>[Calls]<UL><LI><a href="#[1f]">&gt;&gt;</a>&nbsp;&nbsp;&nbsp;uart_printf
<LI><a href="#[146]">&gt;&gt;</a>&nbsp;&nbsp;&nbsp;appm_disconnect
</UL>
<BR>[Address Reference Count : 1]<UL><LI> app_task.o(.constdata)
</UL>
<P><STRONG><a name="[15b]"></a>app_charger_close_timer_handler</STRONG> (Thumb, 28 bytes, Stack size 24 bytes, app_task.o(.text), UNUSED)
<BR><BR>[Calls]<UL><LI><a href="#[1f]">&gt;&gt;</a>&nbsp;&nbsp;&nbsp;uart_printf
<LI><a href="#[15c]">&gt;&gt;</a>&nbsp;&nbsp;&nbsp;hal_charger_pw_close
</UL>

<P><STRONG><a name="[6b]"></a>app_boot_led_timer_handler</STRONG> (Thumb, 34 bytes, Stack size 24 bytes, app_task.o(.text))
<BR><BR>[Stack]<UL><LI>Max Depth = 80<LI>Call Chain = app_boot_led_timer_handler &rArr; uart_printf &rArr; vsprintf
</UL>
<BR>[Calls]<UL><LI><a href="#[149]">&gt;&gt;</a>&nbsp;&nbsp;&nbsp;ke_timer_clear
<LI><a href="#[1f]">&gt;&gt;</a>&nbsp;&nbsp;&nbsp;uart_printf
<LI><a href="#[14a]">&gt;&gt;</a>&nbsp;&nbsp;&nbsp;hal_led_close
</UL>
<BR>[Address Reference Count : 1]<UL><LI> app_task.o(.constdata)
</UL>
<P><STRONG><a name="[6c]"></a>app_rgb_timer_handler</STRONG> (Thumb, 126 bytes, Stack size 24 bytes, app_task.o(.text))
<BR><BR>[Stack]<UL><LI>Max Depth = 104<LI>Call Chain = app_rgb_timer_handler &rArr; drv_ws2812_set_color &rArr; gpio_set_value_get
</UL>
<BR>[Calls]<UL><LI><a href="#[14d]">&gt;&gt;</a>&nbsp;&nbsp;&nbsp;ke_timer_set
<LI><a href="#[15d]">&gt;&gt;</a>&nbsp;&nbsp;&nbsp;drv_ws2812_set_color
</UL>
<BR>[Address Reference Count : 1]<UL><LI> app_task.o(.constdata)
</UL>
<P><STRONG><a name="[161]"></a>appm_get_handler</STRONG> (Thumb, 78 bytes, Stack size 48 bytes, app_task.o(.text))
<BR><BR>[Stack]<UL><LI>Max Depth = 48<LI>Call Chain = appm_get_handler
</UL>
<BR>[Called By]<UL><LI><a href="#[58]">&gt;&gt;</a>&nbsp;&nbsp;&nbsp;appm_msg_handler
</UL>

<P><STRONG><a name="[59]"></a>gapm_device_ready_ind_handler</STRONG> (Thumb, 36 bytes, Stack size 24 bytes, app_task.o(.text))
<BR><BR>[Stack]<UL><LI>Max Depth = 24<LI>Call Chain = gapm_device_ready_ind_handler
</UL>
<BR>[Calls]<UL><LI><a href="#[121]">&gt;&gt;</a>&nbsp;&nbsp;&nbsp;ke_msg_send
<LI><a href="#[120]">&gt;&gt;</a>&nbsp;&nbsp;&nbsp;ke_msg_alloc
</UL>
<BR>[Address Reference Count : 1]<UL><LI> app_task.o(.constdata)
</UL>
<P><STRONG><a name="[5a]"></a>gapm_cmp_evt_handler</STRONG> (Thumb, 262 bytes, Stack size 24 bytes, app_task.o(.text))
<BR><BR>[Stack]<UL><LI>Max Depth = 96<LI>Call Chain = gapm_cmp_evt_handler &rArr; appm_start_advertising &rArr; uart_printf &rArr; vsprintf
</UL>
<BR>[Calls]<UL><LI><a href="#[14d]">&gt;&gt;</a>&nbsp;&nbsp;&nbsp;ke_timer_set
<LI><a href="#[11a]">&gt;&gt;</a>&nbsp;&nbsp;&nbsp;ke_state_set
<LI><a href="#[121]">&gt;&gt;</a>&nbsp;&nbsp;&nbsp;ke_msg_send
<LI><a href="#[120]">&gt;&gt;</a>&nbsp;&nbsp;&nbsp;ke_msg_alloc
<LI><a href="#[1f]">&gt;&gt;</a>&nbsp;&nbsp;&nbsp;uart_printf
<LI><a href="#[8b]">&gt;&gt;</a>&nbsp;&nbsp;&nbsp;__aeabi_memcpy
<LI><a href="#[147]">&gt;&gt;</a>&nbsp;&nbsp;&nbsp;appm_start_advertising
<LI><a href="#[15e]">&gt;&gt;</a>&nbsp;&nbsp;&nbsp;appm_add_svc
</UL>
<BR>[Address Reference Count : 1]<UL><LI> app_task.o(.constdata)
</UL>
<P><STRONG><a name="[5b]"></a>gapc_get_dev_info_req_ind_handler</STRONG> (Thumb, 594 bytes, Stack size 24 bytes, app_task.o(.text))
<BR><BR>[Stack]<UL><LI>Max Depth = 80<LI>Call Chain = gapc_get_dev_info_req_ind_handler &rArr; uart_printf &rArr; vsprintf
</UL>
<BR>[Calls]<UL><LI><a href="#[121]">&gt;&gt;</a>&nbsp;&nbsp;&nbsp;ke_msg_send
<LI><a href="#[120]">&gt;&gt;</a>&nbsp;&nbsp;&nbsp;ke_msg_alloc
<LI><a href="#[1f]">&gt;&gt;</a>&nbsp;&nbsp;&nbsp;uart_printf
<LI><a href="#[150]">&gt;&gt;</a>&nbsp;&nbsp;&nbsp;appm_get_dev_name
</UL>
<BR>[Address Reference Count : 1]<UL><LI> app_task.o(.constdata)
</UL>
<P><STRONG><a name="[5c]"></a>gapc_set_dev_info_req_ind_handler</STRONG> (Thumb, 40 bytes, Stack size 24 bytes, app_task.o(.text))
<BR><BR>[Stack]<UL><LI>Max Depth = 24<LI>Call Chain = gapc_set_dev_info_req_ind_handler
</UL>
<BR>[Calls]<UL><LI><a href="#[121]">&gt;&gt;</a>&nbsp;&nbsp;&nbsp;ke_msg_send
<LI><a href="#[120]">&gt;&gt;</a>&nbsp;&nbsp;&nbsp;ke_msg_alloc
</UL>
<BR>[Address Reference Count : 1]<UL><LI> app_task.o(.constdata)
</UL>
<P><STRONG><a name="[5d]"></a>gapc_connection_req_ind_handler</STRONG> (Thumb, 174 bytes, Stack size 24 bytes, app_task.o(.text))
<BR><BR>[Stack]<UL><LI>Max Depth = 104<LI>Call Chain = gapc_connection_req_ind_handler &rArr; drv_ws2812_set_color &rArr; gpio_set_value_get
</UL>
<BR>[Calls]<UL><LI><a href="#[148]">&gt;&gt;</a>&nbsp;&nbsp;&nbsp;ke_timer_active
<LI><a href="#[149]">&gt;&gt;</a>&nbsp;&nbsp;&nbsp;ke_timer_clear
<LI><a href="#[14d]">&gt;&gt;</a>&nbsp;&nbsp;&nbsp;ke_timer_set
<LI><a href="#[11a]">&gt;&gt;</a>&nbsp;&nbsp;&nbsp;ke_state_set
<LI><a href="#[121]">&gt;&gt;</a>&nbsp;&nbsp;&nbsp;ke_msg_send
<LI><a href="#[120]">&gt;&gt;</a>&nbsp;&nbsp;&nbsp;ke_msg_alloc
<LI><a href="#[1f]">&gt;&gt;</a>&nbsp;&nbsp;&nbsp;uart_printf
<LI><a href="#[a7]">&gt;&gt;</a>&nbsp;&nbsp;&nbsp;hal_led_open
<LI><a href="#[160]">&gt;&gt;</a>&nbsp;&nbsp;&nbsp;hal_load_power_open
<LI><a href="#[15f]">&gt;&gt;</a>&nbsp;&nbsp;&nbsp;hal_adc_ain_open
<LI><a href="#[15d]">&gt;&gt;</a>&nbsp;&nbsp;&nbsp;drv_ws2812_set_color
<LI><a href="#[147]">&gt;&gt;</a>&nbsp;&nbsp;&nbsp;appm_start_advertising
</UL>
<BR>[Address Reference Count : 1]<UL><LI> app_task.o(.constdata)
</UL>
<P><STRONG><a name="[5e]"></a>gapc_cmp_evt_handler</STRONG> (Thumb, 134 bytes, Stack size 24 bytes, app_task.o(.text))
<BR><BR>[Stack]<UL><LI>Max Depth = 80<LI>Call Chain = gapc_cmp_evt_handler &rArr; uart_printf &rArr; vsprintf
</UL>
<BR>[Calls]<UL><LI><a href="#[1f]">&gt;&gt;</a>&nbsp;&nbsp;&nbsp;uart_printf
</UL>
<BR>[Address Reference Count : 1]<UL><LI> app_task.o(.constdata)
</UL>
<P><STRONG><a name="[5f]"></a>gapc_disconnect_ind_handler</STRONG> (Thumb, 108 bytes, Stack size 24 bytes, app_task.o(.text))
<BR><BR>[Stack]<UL><LI>Max Depth = 96<LI>Call Chain = gapc_disconnect_ind_handler &rArr; appm_start_advertising &rArr; uart_printf &rArr; vsprintf
</UL>
<BR>[Calls]<UL><LI><a href="#[104]">&gt;&gt;</a>&nbsp;&nbsp;&nbsp;adc_deinit
<LI><a href="#[148]">&gt;&gt;</a>&nbsp;&nbsp;&nbsp;ke_timer_active
<LI><a href="#[149]">&gt;&gt;</a>&nbsp;&nbsp;&nbsp;ke_timer_clear
<LI><a href="#[11a]">&gt;&gt;</a>&nbsp;&nbsp;&nbsp;ke_state_set
<LI><a href="#[1f]">&gt;&gt;</a>&nbsp;&nbsp;&nbsp;uart_printf
<LI><a href="#[14b]">&gt;&gt;</a>&nbsp;&nbsp;&nbsp;hal_load_power_close
<LI><a href="#[14a]">&gt;&gt;</a>&nbsp;&nbsp;&nbsp;hal_led_close
<LI><a href="#[14c]">&gt;&gt;</a>&nbsp;&nbsp;&nbsp;hal_adc_ain_close
<LI><a href="#[147]">&gt;&gt;</a>&nbsp;&nbsp;&nbsp;appm_start_advertising
</UL>
<BR>[Address Reference Count : 1]<UL><LI> app_task.o(.constdata)
</UL>
<P><STRONG><a name="[60]"></a>gapm_profile_added_ind_handler</STRONG> (Thumb, 30 bytes, Stack size 24 bytes, app_task.o(.text))
<BR><BR>[Stack]<UL><LI>Max Depth = 24<LI>Call Chain = gapm_profile_added_ind_handler
</UL>
<BR>[Calls]<UL><LI><a href="#[124]">&gt;&gt;</a>&nbsp;&nbsp;&nbsp;ke_state_get
</UL>
<BR>[Address Reference Count : 1]<UL><LI> app_task.o(.constdata)
</UL>
<P><STRONG><a name="[67]"></a>app_period_timer_handler</STRONG> (Thumb, 122 bytes, Stack size 24 bytes, app_task.o(.text))
<BR><BR>[Stack]<UL><LI>Max Depth = 24<LI>Call Chain = app_period_timer_handler
</UL>
<BR>[Calls]<UL><LI><a href="#[14d]">&gt;&gt;</a>&nbsp;&nbsp;&nbsp;ke_timer_set
</UL>
<BR>[Address Reference Count : 1]<UL><LI> app_task.o(.constdata)
</UL>
<P><STRONG><a name="[58]"></a>appm_msg_handler</STRONG> (Thumb, 120 bytes, Stack size 24 bytes, app_task.o(.text))
<BR><BR>[Stack]<UL><LI>Max Depth = 72<LI>Call Chain = appm_msg_handler &rArr; appm_get_handler
</UL>
<BR>[Calls]<UL><LI><a href="#[161]">&gt;&gt;</a>&nbsp;&nbsp;&nbsp;appm_get_handler
</UL>
<BR>[Address Reference Count : 1]<UL><LI> app_task.o(.constdata)
</UL>
<P><STRONG><a name="[65]"></a>gapc_update_conn_param_req_ind_handler</STRONG> (Thumb, 44 bytes, Stack size 32 bytes, app_task.o(.text))
<BR><BR>[Stack]<UL><LI>Max Depth = 104<LI>Call Chain = gapc_update_conn_param_req_ind_handler &rArr; appm_update_param &rArr; uart_printf &rArr; vsprintf
</UL>
<BR>[Calls]<UL><LI><a href="#[1f]">&gt;&gt;</a>&nbsp;&nbsp;&nbsp;uart_printf
<LI><a href="#[139]">&gt;&gt;</a>&nbsp;&nbsp;&nbsp;appm_update_param
</UL>
<BR>[Address Reference Count : 1]<UL><LI> app_task.o(.constdata)
</UL>
<P><STRONG><a name="[61]"></a>gapc_le_pkt_size_ind_handler</STRONG> (Thumb, 54 bytes, Stack size 24 bytes, app_task.o(.text))
<BR><BR>[Stack]<UL><LI>Max Depth = 80<LI>Call Chain = gapc_le_pkt_size_ind_handler &rArr; uart_printf &rArr; vsprintf
</UL>
<BR>[Calls]<UL><LI><a href="#[1f]">&gt;&gt;</a>&nbsp;&nbsp;&nbsp;uart_printf
</UL>
<BR>[Address Reference Count : 1]<UL><LI> app_task.o(.constdata)
</UL>
<P><STRONG><a name="[62]"></a>gapc_param_updated_ind_handler</STRONG> (Thumb, 46 bytes, Stack size 24 bytes, app_task.o(.text))
<BR><BR>[Stack]<UL><LI>Max Depth = 80<LI>Call Chain = gapc_param_updated_ind_handler &rArr; uart_printf &rArr; vsprintf
</UL>
<BR>[Calls]<UL><LI><a href="#[1f]">&gt;&gt;</a>&nbsp;&nbsp;&nbsp;uart_printf
</UL>
<BR>[Address Reference Count : 1]<UL><LI> app_task.o(.constdata)
</UL>
<P><STRONG><a name="[63]"></a>gattc_mtu_changed_ind_handler</STRONG> (Thumb, 42 bytes, Stack size 24 bytes, app_task.o(.text))
<BR><BR>[Stack]<UL><LI>Max Depth = 80<LI>Call Chain = gattc_mtu_changed_ind_handler &rArr; uart_printf &rArr; vsprintf
</UL>
<BR>[Calls]<UL><LI><a href="#[149]">&gt;&gt;</a>&nbsp;&nbsp;&nbsp;ke_timer_clear
<LI><a href="#[1f]">&gt;&gt;</a>&nbsp;&nbsp;&nbsp;uart_printf
</UL>
<BR>[Address Reference Count : 1]<UL><LI> app_task.o(.constdata)
</UL>
<P><STRONG><a name="[64]"></a>gapc_param_update_req_ind_handler</STRONG> (Thumb, 54 bytes, Stack size 24 bytes, app_task.o(.text))
<BR><BR>[Stack]<UL><LI>Max Depth = 80<LI>Call Chain = gapc_param_update_req_ind_handler &rArr; uart_printf &rArr; vsprintf
</UL>
<BR>[Calls]<UL><LI><a href="#[121]">&gt;&gt;</a>&nbsp;&nbsp;&nbsp;ke_msg_send
<LI><a href="#[120]">&gt;&gt;</a>&nbsp;&nbsp;&nbsp;ke_msg_alloc
<LI><a href="#[1f]">&gt;&gt;</a>&nbsp;&nbsp;&nbsp;uart_printf
</UL>
<BR>[Address Reference Count : 1]<UL><LI> app_task.o(.constdata)
</UL>
<P><STRONG><a name="[66]"></a>gattc_mtu_exchange_req_handler</STRONG> (Thumb, 632 bytes, Stack size 24 bytes, app_task.o(.text))
<BR><BR>[Stack]<UL><LI>Max Depth = 80<LI>Call Chain = gattc_mtu_exchange_req_handler &rArr; uart_printf &rArr; vsprintf
</UL>
<BR>[Calls]<UL><LI><a href="#[121]">&gt;&gt;</a>&nbsp;&nbsp;&nbsp;ke_msg_send
<LI><a href="#[120]">&gt;&gt;</a>&nbsp;&nbsp;&nbsp;ke_msg_alloc
<LI><a href="#[1f]">&gt;&gt;</a>&nbsp;&nbsp;&nbsp;uart_printf
</UL>
<BR>[Address Reference Count : 1]<UL><LI> app_task.o(.constdata)
</UL>
<P><STRONG><a name="[6e]"></a>oads_enable_rsp_handler</STRONG> (Thumb, 8 bytes, Stack size 8 bytes, app_oads.o(.text))
<BR><BR>[Stack]<UL><LI>Max Depth = 8<LI>Call Chain = oads_enable_rsp_handler
</UL>
<BR>[Address Reference Count : 1]<UL><LI> app_oads.o(.constdata)
</UL>
<P><STRONG><a name="[6d]"></a>app_oads_msg_dflt_handler</STRONG> (Thumb, 34 bytes, Stack size 24 bytes, app_oads.o(.text))
<BR><BR>[Stack]<UL><LI>Max Depth = 80<LI>Call Chain = app_oads_msg_dflt_handler &rArr; uart_printf &rArr; vsprintf
</UL>
<BR>[Calls]<UL><LI><a href="#[1f]">&gt;&gt;</a>&nbsp;&nbsp;&nbsp;uart_printf
</UL>
<BR>[Address Reference Count : 1]<UL><LI> app_oads.o(.constdata)
</UL>
<P><STRONG><a name="[6f]"></a>app_ffc1_writer_req_handler</STRONG> (Thumb, 32 bytes, Stack size 24 bytes, app_oads.o(.text))
<BR><BR>[Stack]<UL><LI>Max Depth = 176<LI>Call Chain = app_ffc1_writer_req_handler &rArr; oadImgIdentifyWrite &rArr; oadImgIdentifyReq &rArr; uart_printf &rArr; vsprintf
</UL>
<BR>[Calls]<UL><LI><a href="#[1f]">&gt;&gt;</a>&nbsp;&nbsp;&nbsp;uart_printf
<LI><a href="#[138]">&gt;&gt;</a>&nbsp;&nbsp;&nbsp;oadImgIdentifyWrite
</UL>
<BR>[Address Reference Count : 1]<UL><LI> app_oads.o(.constdata)
</UL>
<P><STRONG><a name="[71]"></a>app_ffc2_writer_req_handler</STRONG> (Thumb, 22 bytes, Stack size 24 bytes, app_oads.o(.text))
<BR><BR>[Stack]<UL><LI>Max Depth = 80<LI>Call Chain = app_ffc2_writer_req_handler &rArr; uart_printf &rArr; vsprintf
</UL>
<BR>[Calls]<UL><LI><a href="#[1f]">&gt;&gt;</a>&nbsp;&nbsp;&nbsp;uart_printf
</UL>
<BR>[Address Reference Count : 1]<UL><LI> app_oads.o(.constdata)
</UL>
<P><STRONG><a name="[70]"></a>oads_ffc1_upd_rsp_handler</STRONG> (Thumb, 22 bytes, Stack size 24 bytes, app_oads.o(.text))
<BR><BR>[Stack]<UL><LI>Max Depth = 80<LI>Call Chain = oads_ffc1_upd_rsp_handler &rArr; uart_printf &rArr; vsprintf
</UL>
<BR>[Calls]<UL><LI><a href="#[1f]">&gt;&gt;</a>&nbsp;&nbsp;&nbsp;uart_printf
</UL>
<BR>[Address Reference Count : 1]<UL><LI> app_oads.o(.constdata)
</UL>
<P><STRONG><a name="[72]"></a>oads_ffc2_upd_rsp_handler</STRONG> (Thumb, 22 bytes, Stack size 24 bytes, app_oads.o(.text))
<BR><BR>[Stack]<UL><LI>Max Depth = 80<LI>Call Chain = oads_ffc2_upd_rsp_handler &rArr; uart_printf &rArr; vsprintf
</UL>
<BR>[Calls]<UL><LI><a href="#[1f]">&gt;&gt;</a>&nbsp;&nbsp;&nbsp;uart_printf
</UL>
<BR>[Address Reference Count : 1]<UL><LI> app_oads.o(.constdata)
</UL>
<P><STRONG><a name="[177]"></a>minValue</STRONG> (Thumb, 24 bytes, Stack size 16 bytes, drv_rgb.o(.text), UNUSED)
<BR><BR>[Calls]<UL><LI><a href="#[178]">&gt;&gt;</a>&nbsp;&nbsp;&nbsp;__aeabi_cfcmple
</UL>
<BR>[Called By]<UL><LI><a href="#[17b]">&gt;&gt;</a>&nbsp;&nbsp;&nbsp;RGB_TO_HSV
</UL>

<P><STRONG><a name="[179]"></a>maxValue</STRONG> (Thumb, 24 bytes, Stack size 16 bytes, drv_rgb.o(.text), UNUSED)
<BR><BR>[Calls]<UL><LI><a href="#[17a]">&gt;&gt;</a>&nbsp;&nbsp;&nbsp;__aeabi_cfrcmple
</UL>
<BR>[Called By]<UL><LI><a href="#[17b]">&gt;&gt;</a>&nbsp;&nbsp;&nbsp;RGB_TO_HSV
</UL>

<P><STRONG><a name="[17b]"></a>RGB_TO_HSV</STRONG> (Thumb, 302 bytes, Stack size 48 bytes, drv_rgb.o(.text), UNUSED)
<BR><BR>[Calls]<UL><LI><a href="#[17c]">&gt;&gt;</a>&nbsp;&nbsp;&nbsp;__aeabi_ui2f
<LI><a href="#[17e]">&gt;&gt;</a>&nbsp;&nbsp;&nbsp;__aeabi_fsub
<LI><a href="#[181]">&gt;&gt;</a>&nbsp;&nbsp;&nbsp;__aeabi_fmul
<LI><a href="#[17d]">&gt;&gt;</a>&nbsp;&nbsp;&nbsp;__aeabi_fdiv
<LI><a href="#[180]">&gt;&gt;</a>&nbsp;&nbsp;&nbsp;__aeabi_fadd
<LI><a href="#[178]">&gt;&gt;</a>&nbsp;&nbsp;&nbsp;__aeabi_cfcmple
<LI><a href="#[17f]">&gt;&gt;</a>&nbsp;&nbsp;&nbsp;__aeabi_cfcmpeq
<LI><a href="#[179]">&gt;&gt;</a>&nbsp;&nbsp;&nbsp;maxValue
<LI><a href="#[177]">&gt;&gt;</a>&nbsp;&nbsp;&nbsp;minValue
</UL>
<BR>[Called By]<UL><LI><a href="#[188]">&gt;&gt;</a>&nbsp;&nbsp;&nbsp;adjustBrightness
</UL>

<P><STRONG><a name="[182]"></a>HSV_TO_RGB</STRONG> (Thumb, 304 bytes, Stack size 64 bytes, drv_rgb.o(.text), UNUSED)
<BR><BR>[Calls]<UL><LI><a href="#[154]">&gt;&gt;</a>&nbsp;&nbsp;&nbsp;__ARM_common_switch8 (via BLX)
<LI><a href="#[184]">&gt;&gt;</a>&nbsp;&nbsp;&nbsp;floor (via BLX)
<LI><a href="#[185]">&gt;&gt;</a>&nbsp;&nbsp;&nbsp;__aeabi_i2f
<LI><a href="#[17e]">&gt;&gt;</a>&nbsp;&nbsp;&nbsp;__aeabi_fsub
<LI><a href="#[186]">&gt;&gt;</a>&nbsp;&nbsp;&nbsp;__aeabi_frsub
<LI><a href="#[181]">&gt;&gt;</a>&nbsp;&nbsp;&nbsp;__aeabi_fmul
<LI><a href="#[187]">&gt;&gt;</a>&nbsp;&nbsp;&nbsp;__aeabi_f2uiz
<LI><a href="#[183]">&gt;&gt;</a>&nbsp;&nbsp;&nbsp;__aeabi_f2d
<LI><a href="#[178]">&gt;&gt;</a>&nbsp;&nbsp;&nbsp;__aeabi_cfcmple
<LI><a href="#[17f]">&gt;&gt;</a>&nbsp;&nbsp;&nbsp;__aeabi_cfcmpeq
</UL>
<BR>[Called By]<UL><LI><a href="#[188]">&gt;&gt;</a>&nbsp;&nbsp;&nbsp;adjustBrightness
</UL>

<P><STRONG><a name="[1ae]"></a>_fp_digits</STRONG> (Thumb, 344 bytes, Stack size 64 bytes, printfa.o(i._fp_digits), UNUSED)
<BR><BR>[Calls]<UL><LI><a href="#[10a]">&gt;&gt;</a>&nbsp;&nbsp;&nbsp;__aeabi_dmul
<LI><a href="#[10c]">&gt;&gt;</a>&nbsp;&nbsp;&nbsp;__aeabi_dadd
<LI><a href="#[1af]">&gt;&gt;</a>&nbsp;&nbsp;&nbsp;__aeabi_cdrcmple
<LI><a href="#[189]">&gt;&gt;</a>&nbsp;&nbsp;&nbsp;__aeabi_ddiv
<LI><a href="#[1a7]">&gt;&gt;</a>&nbsp;&nbsp;&nbsp;__aeabi_uldivmod
<LI><a href="#[1aa]">&gt;&gt;</a>&nbsp;&nbsp;&nbsp;__aeabi_d2ulz
</UL>
<BR>[Called By]<UL><LI><a href="#[1ac]">&gt;&gt;</a>&nbsp;&nbsp;&nbsp;_printf_core
</UL>

<P><STRONG><a name="[1ac]"></a>_printf_core</STRONG> (Thumb, 1768 bytes, Stack size 128 bytes, printfa.o(i._printf_core), UNUSED)
<BR><BR>[Calls]<UL><LI><a href="#[e0]">&gt;&gt;</a>&nbsp;&nbsp;&nbsp;__aeabi_uidivmod
<LI><a href="#[1a7]">&gt;&gt;</a>&nbsp;&nbsp;&nbsp;__aeabi_uldivmod
<LI><a href="#[1b0]">&gt;&gt;</a>&nbsp;&nbsp;&nbsp;_printf_pre_padding
<LI><a href="#[1b1]">&gt;&gt;</a>&nbsp;&nbsp;&nbsp;_printf_post_padding
<LI><a href="#[1ae]">&gt;&gt;</a>&nbsp;&nbsp;&nbsp;_fp_digits
</UL>
<BR>[Called By]<UL><LI><a href="#[1ad]">&gt;&gt;</a>&nbsp;&nbsp;&nbsp;__0vsprintf
<LI><a href="#[1ab]">&gt;&gt;</a>&nbsp;&nbsp;&nbsp;__0sprintf
</UL>

<P><STRONG><a name="[1b1]"></a>_printf_post_padding</STRONG> (Thumb, 32 bytes, Stack size 24 bytes, printfa.o(i._printf_post_padding), UNUSED)
<BR><BR>[Called By]<UL><LI><a href="#[1ac]">&gt;&gt;</a>&nbsp;&nbsp;&nbsp;_printf_core
</UL>

<P><STRONG><a name="[1b0]"></a>_printf_pre_padding</STRONG> (Thumb, 44 bytes, Stack size 40 bytes, printfa.o(i._printf_pre_padding), UNUSED)
<BR><BR>[Called By]<UL><LI><a href="#[1ac]">&gt;&gt;</a>&nbsp;&nbsp;&nbsp;_printf_core
</UL>

<P><STRONG><a name="[27]"></a>_sputc</STRONG> (Thumb, 10 bytes, Stack size 0 bytes, printfa.o(i._sputc))
<BR><BR>[Called By]<UL><LI><a href="#[1ad]">&gt;&gt;</a>&nbsp;&nbsp;&nbsp;__0vsprintf
<LI><a href="#[1ab]">&gt;&gt;</a>&nbsp;&nbsp;&nbsp;__0sprintf
</UL>
<BR>[Address Reference Count : 2]<UL><LI> printfa.o(i.__0sprintf)
<LI> printfa.o(i.__0vsprintf)
</UL><P>
<H3>
Undefined Global Symbols
</H3><HR></body></html>
