Component: ARM Compiler 5.06 update 7 (build 960) Tool: armlink [4d3601]

==============================================================================

Section Cross References

    arch_main.o(.text) refers to uart.o(.text) for uart_printf
    arch_main.o(.text) refers to wdt.o(.text) for wdt_enable
    arch_main.o(.text) refers to strlen.o(.text) for strlen
    arch_main.o(.text) refers to flash.o(.text) for Read_NVR_Flash
    arch_main.o(.text) refers to tools.o(.text) for StrToHex
    arch_main.o(.text) refers to printfa.o(i.__0sprintf) for __2sprintf
    arch_main.o(.text) refers to app_uart.o(.text) for get_data_to_uart_buffer
    arch_main.o(.text) refers to icu.o(.text) for icu_init
    arch_main.o(.text) refers to emi.o(.text) for emi_init
    arch_main.o(.text) refers to timer.o(.text) for timer_init
    arch_main.o(.text) refers to intc.o(.text) for intc_init
    arch_main.o(.text) refers to gpio.o(.text) for gpio_sleep
    arch_main.o(.text) refers to drv_rgb.o(.text) for drv_ws2812_gpio_init
    arch_main.o(.text) refers to uart2.o(.text) for uart2_init
    arch_main.o(.text) refers to rwip.o(.text) for rwip_init
    arch_main.o(.text) refers to drv_load.o(.text) for hal_led_open
    arch_main.o(.text) refers to at.o(.text) for at_traverse
    arch_main.o(.text) refers to arch_main.o(.constdata) for __func__
    arch_main.o(.text) refers to sys_manager.o(.bss) for __sys_manager
    arch_main.o(.text) refers to boot_handlers.o(SYS_BOOT) for boot_stack_base_UNUSED
    arch_main.o(.text) refers to prf.o(.text) for prf_get_id_from_task
    arch_main.o(.text) refers to rwble_hl.o(.text) for rwble_hl_reset
    arch_main.o(.text) refers to arch_main.o(.bss) for uart_api
    arch_main.o(.text) refers to at.o(.data) for AT_Shell
    arch_main.o(.text) refers to oads.o(.text) for oad_updating_user_section_pro
    arch_main.o(.text) refers to uart.o(.data) for uart_rx_done
    arch_main.o(.text) refers to app_uart.o(.bss) for uart_buffer
    arch_main.o(.text) refers to wdt.o(.data) for wdt_disable_flag
    boot_handlers.o(SYS_BOOT) refers to arch_main.o(.text) for rw_main
    boot_vectors.o(SYS_BOOT) refers to boot_handlers.o(SYS_BOOT) for sys_Reset
    boot_vectors.o(SYS_BOOT) refers to intc.o(sys_irq_entry) for SYSirq_IRQ_Handler
    boot_vectors.o(SYS_BOOT) refers to intc.o(sys_fiq_entry) for SYSirq_FIQ_Handler
    rwble.o(.text) refers to rwip.o(.text) for rwip_wakeup
    rwble.o(.text) refers to wdt.o(.text) for wdt_feed
    rwip.o(.text) refers to arch_main.o(.text) for assert_err
    rwip.o(.text) refers to rf_xvr.o(.text) for rf_init
    rwip.o(.text) refers to rwble_hl.o(.text) for rwble_hl_init
    rwip.o(.text) refers to rwble.o(.text) for rwble_init
    rwip.o(.text) refers to app.o(.text) for appm_init
    rwip.o(.text) refers to uart.o(.text) for check_uart_stop
    rwip.o(.text) refers to wdt.o(.text) for wdt_feed
    rwip.o(.text) refers to rwip.o(.bss) for rwip_env
    flash.o(.text) refers to flash.o(.bss) for flash_env
    flash.o(.text) refers to flash.o(.data) for poly
    gpio.o(.text) refers to uart.o(.text) for uart_printf
    gpio.o(.text) refers to gpio.o(.data) for GPIO_CFG
    gpio.o(.text) refers to gpio.o(.bss) for GPIO_CFG_BACKUP
    icu.o(.text) refers to rf_xvr.o(.text) for Delay_us
    icu.o(.text) refers to icu.o(.data) for default_sleep_mode
    intc.o(.text) refers to icu.o(.text) for cpu_wakeup
    intc.o(.text) refers to uart.o(.text) for uart_isr
    intc.o(.text) refers to uart2.o(.text) for uart2_isr
    intc.o(.text) refers to gpio.o(.text) for gpio_isr
    intc.o(.text) refers to adc.o(.text) for adc_isr
    intc.o(.text) refers to rwble.o(.text) for rwble_isr
    intc.o(.text) refers to rwip.o(.bss) for rwip_sleep_time
    intc.o(sys_fiq_entry) refers to intc.o(.text) for FIQ_Exception
    intc.o(sys_irq_entry) refers to intc.o(.text) for IRQ_Exception
    pwm.o(.text) refers to pwm.o(.bss) for p_PWM_Int_Handler
    wdt.o(.text) refers to wdt.o(.data) for wdt_enable_status
    uart.o(.text) refers to printfa.o(i.__0vsprintf) for vsprintf
    uart.o(.text) refers to arch_main.o(.text) for assert_err
    uart.o(.text) refers to uart.o(.data) for cur_read_buf_idx
    uart.o(.text) refers to uart.o(.bss) for uart_rx_buf
    rf_xvr.o(.text) refers to rf_xvr.o(.bss) for XVR_ANALOG_REG_BAK
    adc.o(.text) refers to gpio.o(.text) for gpio_config
    adc.o(.text) refers to rf_xvr.o(.text) for Delay
    adc.o(.text) refers to uart.o(.text) for uart_printf
    adc.o(.text) refers to dfltui.o(.text) for __aeabi_ui2d
    adc.o(.text) refers to dmul.o(.text) for __aeabi_dmul
    adc.o(.text) refers to dfixui.o(.text) for __aeabi_d2uiz
    adc.o(.text) refers to dadd.o(.text) for __aeabi_dadd
    adc.o(.text) refers to adc.o(.data) for adc_flag
    uart2.o(.text) refers to printfa.o(i.__0vsprintf) for vsprintf
    uart2.o(.text) refers to arch_main.o(.text) for assert_err
    uart2.o(.text) refers to uart2.o(.data) for uart2_cur_read_buf_idx
[...]
    gapc_is_sec_set                          0x0000af4f   Thumb Code     0  stack_rom_symbol.txt ABSOLUTE
    gapc_lk_sec_lvl_get                      0x0000af83   Thumb Code     0  stack_rom_symbol.txt ABSOLUTE
    gapc_enc_keysize_get                     0x0000af9d   Thumb Code     0  stack_rom_symbol.txt ABSOLUTE
    gapc_enc_keysize_set                     0x0000afb5   Thumb Code     0  stack_rom_symbol.txt ABSOLUTE
    gapc_link_encrypted                      0x0000afc9   Thumb Code     0  stack_rom_symbol.txt ABSOLUTE
    gapc_auth_set                            0x0000afe1   Thumb Code     0  stack_rom_symbol.txt ABSOLUTE
    gapc_auth_get                            0x0000b029   Thumb Code     0  stack_rom_symbol.txt ABSOLUTE
    gapc_svc_chg_ccc_get                     0x0000b059   Thumb Code     0  stack_rom_symbol.txt ABSOLUTE
    gapc_svc_chg_ccc_set                     0x0000b069   Thumb Code     0  stack_rom_symbol.txt ABSOLUTE
    gapc_param_update_sanity                 0x0000b07f   Thumb Code     0  stack_rom_symbol.txt ABSOLUTE
    gapc_hci_handler                         0x0000b62d   Thumb Code     0  stack_rom_symbol.txt ABSOLUTE
    gapc_sig_pdu_recv_handler                0x0000b735   Thumb Code     0  stack_rom_symbol.txt ABSOLUTE
    gapc_process_op                          0x0000b771   Thumb Code     0  stack_rom_symbol.txt ABSOLUTE
    gapm_update_state                        0x0000c5cd   Thumb Code     0  stack_rom_symbol.txt ABSOLUTE
    gapm_init                                0x0000c64b   Thumb Code     0  stack_rom_symbol.txt ABSOLUTE
    gapm_init_attr                           0x0000c6b9   Thumb Code     0  stack_rom_symbol.txt ABSOLUTE
    gapm_get_operation                       0x0000c6e5   Thumb Code     0  stack_rom_symbol.txt ABSOLUTE
    gapm_get_requester                       0x0000c6f7   Thumb Code     0  stack_rom_symbol.txt ABSOLUTE
    gapm_reschedule_operation                0x0000c70f   Thumb Code     0  stack_rom_symbol.txt ABSOLUTE
    gapm_send_complete_evt                   0x0000c731   Thumb Code     0  stack_rom_symbol.txt ABSOLUTE
    gapm_send_error_evt                      0x0000c767   Thumb Code     0  stack_rom_symbol.txt ABSOLUTE
    gapm_get_address_type                    0x0000c787   Thumb Code     0  stack_rom_symbol.txt ABSOLUTE
    gapm_con_create                          0x0000c793   Thumb Code     0  stack_rom_symbol.txt ABSOLUTE
    gapm_con_enable                          0x0000c801   Thumb Code     0  stack_rom_symbol.txt ABSOLUTE
    gapm_con_cleanup                         0x0000c80d   Thumb Code     0  stack_rom_symbol.txt ABSOLUTE
    gapm_get_id_from_task                    0x0000c843   Thumb Code     0  stack_rom_symbol.txt ABSOLUTE
    gapm_get_task_from_id                    0x0000c883   Thumb Code     0  stack_rom_symbol.txt ABSOLUTE
    gapm_is_disc_connection                  0x0000c8c5   Thumb Code     0  stack_rom_symbol.txt ABSOLUTE
    gapm_get_max_mtu                         0x0000c8eb   Thumb Code     0  stack_rom_symbol.txt ABSOLUTE
    gapm_get_max_mps                         0x0000c8f1   Thumb Code     0  stack_rom_symbol.txt ABSOLUTE
    gapm_set_max_mtu                         0x0000c8f7   Thumb Code     0  stack_rom_symbol.txt ABSOLUTE
    gapm_set_max_mps                         0x0000c911   Thumb Code     0  stack_rom_symbol.txt ABSOLUTE
    gapm_addr_check                          0x0000c927   Thumb Code     0  stack_rom_symbol.txt ABSOLUTE
    gapm_dle_val_check                       0x0000c943   Thumb Code     0  stack_rom_symbol.txt ABSOLUTE
    gapm_is_legacy_pairing_supp              0x0000c95f   Thumb Code     0  stack_rom_symbol.txt ABSOLUTE
    gapm_is_sec_con_pairing_supp             0x0000c96b   Thumb Code     0  stack_rom_symbol.txt ABSOLUTE
    gapm_is_pref_con_param_pres              0x0000ca21   Thumb Code     0  stack_rom_symbol.txt ABSOLUTE
    gapm_get_att_handle                      0x0000ca2b   Thumb Code     0  stack_rom_symbol.txt ABSOLUTE
    gapm_svc_chg_en                          0x0000ca53   Thumb Code     0  stack_rom_symbol.txt ABSOLUTE
    gapm_hci_handler                         0x0000d2e9   Thumb Code     0  stack_rom_symbol.txt ABSOLUTE
    gapm_get_local_addrtype                  0x0000de81   Thumb Code     0  stack_rom_symbol.txt ABSOLUTE
    gapm_get_role                            0x0000e067   Thumb Code     0  stack_rom_symbol.txt ABSOLUTE
    gapm_update_air_op_state                 0x0000e06d   Thumb Code     0  stack_rom_symbol.txt ABSOLUTE
    gapm_get_irk                             0x0000e121   Thumb Code     0  stack_rom_symbol.txt ABSOLUTE
    gapm_get_bdaddr                          0x0000e127   Thumb Code     0  stack_rom_symbol.txt ABSOLUTE
    gapm_basic_hci_cmd_send                  0x0000e12d   Thumb Code     0  stack_rom_symbol.txt ABSOLUTE
    gapm_setup_conn                          0x0000e141   Thumb Code     0  stack_rom_symbol.txt ABSOLUTE
    gapm_get_adv_mode                        0x0000e19d   Thumb Code     0  stack_rom_symbol.txt ABSOLUTE
    gapm_op_reset_continue                   0x0000e1b9   Thumb Code     0  stack_rom_symbol.txt ABSOLUTE
    gapm_op_setup_continue                   0x0000e23f   Thumb Code     0  stack_rom_symbol.txt ABSOLUTE
    smpc_send_use_enc_block_cmd              0x0000e3d5   Thumb Code     0  stack_rom_symbol.txt ABSOLUTE
    smpc_send_start_enc_cmd                  0x0000e40d   Thumb Code     0  stack_rom_symbol.txt ABSOLUTE
    smpc_send_ltk_req_rsp                    0x0000e47d   Thumb Code     0  stack_rom_symbol.txt ABSOLUTE
    smpc_send_pairing_req_ind                0x0000e4d9   Thumb Code     0  stack_rom_symbol.txt ABSOLUTE
    smpc_send_pairing_ind                    0x0000e58b   Thumb Code     0  stack_rom_symbol.txt ABSOLUTE
    smpc_check_pairing_feat                  0x0000e615   Thumb Code     0  stack_rom_symbol.txt ABSOLUTE
    smpc_launch_rep_att_timer                0x0000e63b   Thumb Code     0  stack_rom_symbol.txt ABSOLUTE
    smpc_check_repeated_attempts             0x0000e675   Thumb Code     0  stack_rom_symbol.txt ABSOLUTE
    smpc_check_max_key_size                  0x0000e6c7   Thumb Code     0  stack_rom_symbol.txt ABSOLUTE
    smpc_check_key_distrib                   0x0000e6ef   Thumb Code     0  stack_rom_symbol.txt ABSOLUTE
    smpc_xor                                 0x0000e775   Thumb Code     0  stack_rom_symbol.txt ABSOLUTE
    smpc_generate_l                          0x0000e78d   Thumb Code     0  stack_rom_symbol.txt ABSOLUTE
    smpc_generate_ci                         0x0000e7f5   Thumb Code     0  stack_rom_symbol.txt ABSOLUTE
    smpc_generate_rand                       0x0000e855   Thumb Code     0  stack_rom_symbol.txt ABSOLUTE
    smpc_generate_e1                         0x0000e87b   Thumb Code     0  stack_rom_symbol.txt ABSOLUTE
    smpc_generate_cfm                        0x0000e939   Thumb Code     0  stack_rom_symbol.txt ABSOLUTE
    smpc_generate_stk                        0x0000e9b3   Thumb Code     0  stack_rom_symbol.txt ABSOLUTE
    smpc_calc_subkeys                        0x0000ea09   Thumb Code     0  stack_rom_symbol.txt ABSOLUTE
    smpc_clear_timeout_timer                 0x0000ea7f   Thumb Code     0  stack_rom_symbol.txt ABSOLUTE
    smpc_pairing_end                         0x0000eaa7   Thumb Code     0  stack_rom_symbol.txt ABSOLUTE
    smpc_tkdp_rcp_continue                   0x0000eb0f   Thumb Code     0  stack_rom_symbol.txt ABSOLUTE
    smpc_tkdp_rcp_start                      0x0000eb9f   Thumb Code     0  stack_rom_symbol.txt ABSOLUTE
    smpc_pdu_send                            0x0000ebcf   Thumb Code     0  stack_rom_symbol.txt ABSOLUTE
    smpc_tkdp_send_continue                  0x0000ec63   Thumb Code     0  stack_rom_symbol.txt ABSOLUTE
    smpc_tkdp_send_start                     0x0000ed2d   Thumb Code     0  stack_rom_symbol.txt ABSOLUTE
    smpc_get_key_sec_prop                    0x0000ed5d   Thumb Code     0  stack_rom_symbol.txt ABSOLUTE
    smpc_is_sec_mode_reached                 0x0000edd5   Thumb Code     0  stack_rom_symbol.txt ABSOLUTE
    smpc_handle_enc_change_evt               0x0000edff   Thumb Code     0  stack_rom_symbol.txt ABSOLUTE
    smpc_pdu_recv                            0x0000ee8f   Thumb Code     0  stack_rom_symbol.txt ABSOLUTE
    smpc_pairing_tk_exch                     0x0000eefd   Thumb Code     0  stack_rom_symbol.txt ABSOLUTE
    smpc_pairing_ltk_exch                    0x0000ef61   Thumb Code     0  stack_rom_symbol.txt ABSOLUTE
    smpc_pairing_irk_exch                    0x0000efc7   Thumb Code     0  stack_rom_symbol.txt ABSOLUTE
    smpc_pairing_csrk_exch                   0x0000f003   Thumb Code     0  stack_rom_symbol.txt ABSOLUTE
    smpc_pairing_rsp                         0x0000f047   Thumb Code     0  stack_rom_symbol.txt ABSOLUTE
    smpc_sign_command                        0x0000f209   Thumb Code     0  stack_rom_symbol.txt ABSOLUTE
    smpc_sign_cont                           0x0000f2d3   Thumb Code     0  stack_rom_symbol.txt ABSOLUTE
    smpc_calc_confirm_cont                   0x0000f481   Thumb Code     0  stack_rom_symbol.txt ABSOLUTE
    smpc_confirm_gen_rand                    0x0000f55d   Thumb Code     0  stack_rom_symbol.txt ABSOLUTE
    smpc_key_press_notification_ind          0x0000f5ab   Thumb Code     0  stack_rom_symbol.txt ABSOLUTE
    smpc_check_param                         0x0000f5d1   Thumb Code     0  stack_rom_symbol.txt ABSOLUTE
    smpm_gen_rand_addr                       0x0000f979   Thumb Code     0  stack_rom_symbol.txt ABSOLUTE
    smpm_send_encrypt_req                    0x0000f995   Thumb Code     0  stack_rom_symbol.txt ABSOLUTE
    smpm_resolv_addr                         0x0000f9c3   Thumb Code     0  stack_rom_symbol.txt ABSOLUTE
    smpm_use_enc_block                       0x0000f9e5   Thumb Code     0  stack_rom_symbol.txt ABSOLUTE
    smpm_gen_rand_nb                         0x0000f9e7   Thumb Code     0  stack_rom_symbol.txt ABSOLUTE
    attc_l2cc_pdu_recv_handler               0x000103f7   Thumb Code     0  stack_rom_symbol.txt ABSOLUTE
    attm_convert_to128                       0x0001044d   Thumb Code     0  stack_rom_symbol.txt ABSOLUTE
    attm_uuid_comp                           0x0001047d   Thumb Code     0  stack_rom_symbol.txt ABSOLUTE
    attm_uuid16_comp                         0x000104d5   Thumb Code     0  stack_rom_symbol.txt ABSOLUTE
    attm_is_bt16_uuid                        0x000104e1   Thumb Code     0  stack_rom_symbol.txt ABSOLUTE
    attm_is_bt32_uuid                        0x00010507   Thumb Code     0  stack_rom_symbol.txt ABSOLUTE
    attm_convert_to128_ti                    0x0001052f   Thumb Code     0  stack_rom_symbol.txt ABSOLUTE
    attm_svc_create_db                       0x0001055f   Thumb Code     0  stack_rom_symbol.txt ABSOLUTE
    attm_svc_create_db_128                   0x0001065f   Thumb Code     0  stack_rom_symbol.txt ABSOLUTE
    attm_svc_create_db128                    0x0001078b   Thumb Code     0  stack_rom_symbol.txt ABSOLUTE
    attm_reserve_handle_range                0x000108c9   Thumb Code     0  stack_rom_symbol.txt ABSOLUTE
    attm_att_set_value                       0x000108eb   Thumb Code     0  stack_rom_symbol.txt ABSOLUTE
    attm_get_value                           0x0001099d   Thumb Code     0  stack_rom_symbol.txt ABSOLUTE
    attm_att_set_permission                  0x00010b05   Thumb Code     0  stack_rom_symbol.txt ABSOLUTE
    attm_att_update_perm                     0x00010b7b   Thumb Code     0  stack_rom_symbol.txt ABSOLUTE
    attm_svc_set_permission                  0x00010be9   Thumb Code     0  stack_rom_symbol.txt ABSOLUTE
    attm_svc_get_permission                  0x00010c0d   Thumb Code     0  stack_rom_symbol.txt ABSOLUTE
    attm_init                                0x00010c2b   Thumb Code     0  stack_rom_symbol.txt ABSOLUTE
    attmdb_svc_check_hdl                     0x00010f43   Thumb Code     0  stack_rom_symbol.txt ABSOLUTE
    attmdb_add_service                       0x00010f93   Thumb Code     0  stack_rom_symbol.txt ABSOLUTE
    attmdb_destroy                           0x00011009   Thumb Code     0  stack_rom_symbol.txt ABSOLUTE
    attmdb_get_service                       0x00011023   Thumb Code     0  stack_rom_symbol.txt ABSOLUTE
    attmdb_get_attribute                     0x00011061   Thumb Code     0  stack_rom_symbol.txt ABSOLUTE
    attmdb_get_next_att                      0x00011095   Thumb Code     0  stack_rom_symbol.txt ABSOLUTE
    attmdb_uuid16_comp                       0x0001110b   Thumb Code     0  stack_rom_symbol.txt ABSOLUTE
    attmdb_get_max_len                       0x00011149   Thumb Code     0  stack_rom_symbol.txt ABSOLUTE
    attmdb_get_uuid                          0x000111b3   Thumb Code     0  stack_rom_symbol.txt ABSOLUTE
    attmdb_att_get_permission                0x00011289   Thumb Code     0  stack_rom_symbol.txt ABSOLUTE
    atts_clear_read_cache                    0x00011439   Thumb Code     0  stack_rom_symbol.txt ABSOLUTE
    atts_send_error                          0x00011593   Thumb Code     0  stack_rom_symbol.txt ABSOLUTE
    atts_write_signed_cfm                    0x000115b7   Thumb Code     0  stack_rom_symbol.txt ABSOLUTE
    atts_send_event                          0x000115f9   Thumb Code     0  stack_rom_symbol.txt ABSOLUTE
    atts_clear_prep_data                     0x00011685   Thumb Code     0  stack_rom_symbol.txt ABSOLUTE
    atts_clear_rsp_data                      0x000116a1   Thumb Code     0  stack_rom_symbol.txt ABSOLUTE
    atts_write_rsp_send                      0x000116bd   Thumb Code     0  stack_rom_symbol.txt ABSOLUTE
    atts_process_pdu                         0x00012357   Thumb Code     0  stack_rom_symbol.txt ABSOLUTE
    atts_l2cc_pdu_recv_handler               0x000123bd   Thumb Code     0  stack_rom_symbol.txt ABSOLUTE
    gattc_update_state                       0x00012603   Thumb Code     0  stack_rom_symbol.txt ABSOLUTE
    gattc_get_requester                      0x00012627   Thumb Code     0  stack_rom_symbol.txt ABSOLUTE
    gattc_send_complete_evt                  0x00012643   Thumb Code     0  stack_rom_symbol.txt ABSOLUTE
    gattc_cleanup                            0x000126a1   Thumb Code     0  stack_rom_symbol.txt ABSOLUTE
    gattc_init                               0x0001273b   Thumb Code     0  stack_rom_symbol.txt ABSOLUTE
    gattc_create                             0x0001276f   Thumb Code     0  stack_rom_symbol.txt ABSOLUTE
    gattc_con_enable                         0x000127e1   Thumb Code     0  stack_rom_symbol.txt ABSOLUTE
    gattc_get_mtu                            0x000127f5   Thumb Code     0  stack_rom_symbol.txt ABSOLUTE
    gattc_set_mtu                            0x00012801   Thumb Code     0  stack_rom_symbol.txt ABSOLUTE
    gattc_send_error_evt                     0x0001283f   Thumb Code     0  stack_rom_symbol.txt ABSOLUTE
    gattc_get_operation                      0x00012865   Thumb Code     0  stack_rom_symbol.txt ABSOLUTE
    gattc_get_op_seq_num                     0x0001287b   Thumb Code     0  stack_rom_symbol.txt ABSOLUTE
    gattc_get_operation_ptr                  0x00012891   Thumb Code     0  stack_rom_symbol.txt ABSOLUTE
    gattc_set_operation_ptr                  0x0001289d   Thumb Code     0  stack_rom_symbol.txt ABSOLUTE
    gattc_reschedule_operation               0x000128a9   Thumb Code     0  stack_rom_symbol.txt ABSOLUTE
    gattm_svc_get_start_hdl                  0x000137c9   Thumb Code     0  stack_rom_symbol.txt ABSOLUTE
    gattm_init                               0x000137cf   Thumb Code     0  stack_rom_symbol.txt ABSOLUTE
    gattm_init_attr                          0x000137ed   Thumb Code     0  stack_rom_symbol.txt ABSOLUTE
    gattm_create                             0x00013855   Thumb Code     0  stack_rom_symbol.txt ABSOLUTE
    gattm_cleanup                            0x0001385d   Thumb Code     0  stack_rom_symbol.txt ABSOLUTE
    l2cc_send_error_evt                      0x00013879   Thumb Code     0  stack_rom_symbol.txt ABSOLUTE
    l2cc_update_state                        0x000138a1   Thumb Code     0  stack_rom_symbol.txt ABSOLUTE
    l2cc_send_complete_evt                   0x000138c7   Thumb Code     0  stack_rom_symbol.txt ABSOLUTE
    l2cc_cleanup                             0x00013919   Thumb Code     0  stack_rom_symbol.txt ABSOLUTE
    l2cc_init                                0x000139cf   Thumb Code     0  stack_rom_symbol.txt ABSOLUTE
    l2cc_create                              0x00013a05   Thumb Code     0  stack_rom_symbol.txt ABSOLUTE
    l2cc_get_operation                       0x00013a47   Thumb Code     0  stack_rom_symbol.txt ABSOLUTE
    l2cc_get_operation_ptr                   0x00013a5b   Thumb Code     0  stack_rom_symbol.txt ABSOLUTE
    l2cc_set_operation_ptr                   0x00013a67   Thumb Code     0  stack_rom_symbol.txt ABSOLUTE
    l2cc_data_send                           0x00013a73   Thumb Code     0  stack_rom_symbol.txt ABSOLUTE
    l2cc_pdu_pack                            0x00014007   Thumb Code     0  stack_rom_symbol.txt ABSOLUTE
    l2cc_pdu_unpack                          0x00014277   Thumb Code     0  stack_rom_symbol.txt ABSOLUTE
    l2cc_pdu_header_check                    0x000144d9   Thumb Code     0  stack_rom_symbol.txt ABSOLUTE
    l2cc_sig_send_cmd_reject                 0x00014721   Thumb Code     0  stack_rom_symbol.txt ABSOLUTE
    l2cc_sig_pdu_recv_handler                0x00014c01   Thumb Code     0  stack_rom_symbol.txt ABSOLUTE
    l2cc_process_op                          0x00014c51   Thumb Code     0  stack_rom_symbol.txt ABSOLUTE
    l2cc_pdu_alloc                           0x00015343   Thumb Code     0  stack_rom_symbol.txt ABSOLUTE
    l2cc_pdu_send                            0x0001536d   Thumb Code     0  stack_rom_symbol.txt ABSOLUTE
    l2cm_init                                0x000153d3   Thumb Code     0  stack_rom_symbol.txt ABSOLUTE
    l2cm_create                              0x000153f9   Thumb Code     0  stack_rom_symbol.txt ABSOLUTE
    l2cm_cleanup                             0x00015401   Thumb Code     0  stack_rom_symbol.txt ABSOLUTE
    l2cm_set_link_layer_buff_size            0x0001540b   Thumb Code     0  stack_rom_symbol.txt ABSOLUTE
    l2cm_get_nb_buffer_available             0x00015415   Thumb Code     0  stack_rom_symbol.txt ABSOLUTE
    l2cm_tx_status                           0x00015421   Thumb Code     0  stack_rom_symbol.txt ABSOLUTE
    hci_evt_mask_set                         0x00015455   Thumb Code     0  stack_rom_symbol.txt ABSOLUTE
    hci_init                                 0x0001549f   Thumb Code     0  stack_rom_symbol.txt ABSOLUTE
    hci_reset                                0x000154bb   Thumb Code     0  stack_rom_symbol.txt ABSOLUTE
    hci_send_2_host                          0x000154d7   Thumb Code     0  stack_rom_symbol.txt ABSOLUTE
    hci_send_2_controller                    0x0001555f   Thumb Code     0  stack_rom_symbol.txt ABSOLUTE
    hci_fc_init                              0x00015621   Thumb Code     0  stack_rom_symbol.txt ABSOLUTE
    hci_fc_acl_buf_size_set                  0x0001562d   Thumb Code     0  stack_rom_symbol.txt ABSOLUTE
    hci_fc_acl_en                            0x0001564d   Thumb Code     0  stack_rom_symbol.txt ABSOLUTE
    hci_fc_acl_packet_sent                   0x00015675   Thumb Code     0  stack_rom_symbol.txt ABSOLUTE
    hci_fc_host_nb_acl_pkts_complete         0x00015685   Thumb Code     0  stack_rom_symbol.txt ABSOLUTE
    hci_fc_check_host_available_nb_acl_packets 0x00015697   Thumb Code     0  stack_rom_symbol.txt ABSOLUTE
    hci_look_for_cmd_desc                    0x000156c1   Thumb Code     0  stack_rom_symbol.txt ABSOLUTE
    hci_look_for_evt_desc                    0x00015711   Thumb Code     0  stack_rom_symbol.txt ABSOLUTE
    hci_look_for_le_evt_desc                 0x00015737   Thumb Code     0  stack_rom_symbol.txt ABSOLUTE
    __aeabi_uidiv                            0x00015761   Thumb Code     0  stack_rom_symbol.txt ABSOLUTE
    __aeabi_uidivmod                         0x00015761   Thumb Code     0  stack_rom_symbol.txt ABSOLUTE
    __aeabi_idiv                             0x0001578d   Thumb Code     0  stack_rom_symbol.txt ABSOLUTE
    __aeabi_idivmod                          0x0001578d   Thumb Code     0  stack_rom_symbol.txt ABSOLUTE
    rand                                     0x000157b5   Thumb Code     0  stack_rom_symbol.txt ABSOLUTE
    srand                                    0x000157c7   Thumb Code     0  stack_rom_symbol.txt ABSOLUTE
    __aeabi_memcpy                           0x000157d9   Thumb Code     0  stack_rom_symbol.txt ABSOLUTE
    __aeabi_memcpy4                          0x000157d9   Thumb Code     0  stack_rom_symbol.txt ABSOLUTE
    __aeabi_memcpy8                          0x000157d9   Thumb Code     0  stack_rom_symbol.txt ABSOLUTE
    __aeabi_memset                           0x000157fd   Thumb Code     0  stack_rom_symbol.txt ABSOLUTE
    __aeabi_memset4                          0x000157fd   Thumb Code     0  stack_rom_symbol.txt ABSOLUTE
    __aeabi_memset8                          0x000157fd   Thumb Code     0  stack_rom_symbol.txt ABSOLUTE
    __aeabi_memclr                           0x0001580d   Thumb Code     0  stack_rom_symbol.txt ABSOLUTE
    __aeabi_memclr4                          0x0001580d   Thumb Code     0  stack_rom_symbol.txt ABSOLUTE
    __aeabi_memclr8                          0x0001580d   Thumb Code     0  stack_rom_symbol.txt ABSOLUTE
    _memset$wrapper                          0x00015811   Thumb Code     0  stack_rom_symbol.txt ABSOLUTE
    memcmp                                   0x00015823   Thumb Code     0  stack_rom_symbol.txt ABSOLUTE
    __ARM_clz                                0x0001583c   ARM Code       0  stack_rom_symbol.txt ABSOLUTE
    __ARM_common_disable_fiq                 0x00015844   ARM Code       0  stack_rom_symbol.txt ABSOLUTE
    __ARM_common_disable_irq                 0x00015858   ARM Code       0  stack_rom_symbol.txt ABSOLUTE
    __ARM_common_enable_fiq                  0x0001586c   ARM Code       0  stack_rom_symbol.txt ABSOLUTE
    __ARM_common_enable_irq                  0x0001587c   ARM Code       0  stack_rom_symbol.txt ABSOLUTE
    __ARM_common_switch8                     0x0001588c   ARM Code       0  stack_rom_symbol.txt ABSOLUTE
    one_bits                                 0x000158a8   Data           0  stack_rom_symbol.txt ABSOLUTE
    co_sca2ppm                               0x000158b8   Data           0  stack_rom_symbol.txt ABSOLUTE
    co_null_bdaddr                           0x000158c8   Data           0  stack_rom_symbol.txt ABSOLUTE
    llc_default_handler                      0x00015a80   Data           0  stack_rom_symbol.txt ABSOLUTE
    rwip_coex_cfg                            0x00015a98   Data           0  stack_rom_symbol.txt ABSOLUTE
    rwip_priority                            0x00015a9d   Data           0  stack_rom_symbol.txt ABSOLUTE
    lld_pdu_adv_pk_desc_tab                  0x00015aac   Data           0  stack_rom_symbol.txt ABSOLUTE
    lld_pdu_llcp_pk_desc_tab                 0x00015b00   Data           0  stack_rom_symbol.txt ABSOLUTE
    llm_local_data_len_values                0x00015c0e   Data           0  stack_rom_symbol.txt ABSOLUTE
    llm_local_cmds                           0x00015c2c   Data           0  stack_rom_symbol.txt ABSOLUTE
    llm_local_le_feats                       0x00015c6c   Data           0  stack_rom_symbol.txt ABSOLUTE
    llm_local_le_states                      0x00015c74   Data           0  stack_rom_symbol.txt ABSOLUTE
    llm_default_handler                      0x00015ddc   Data           0  stack_rom_symbol.txt ABSOLUTE
    LLM_AA_CT1                               0x00015de4   Data           0  stack_rom_symbol.txt ABSOLUTE
    LLM_AA_CT2                               0x00015de7   Data           0  stack_rom_symbol.txt ABSOLUTE
    gapc_sig_handlers                        0x00015ea4   Data           0  stack_rom_symbol.txt ABSOLUTE
    gapc_default_state                       0x00015ebc   Data           0  stack_rom_symbol.txt ABSOLUTE
    gapc_default_handler                     0x00015fcc   Data           0  stack_rom_symbol.txt ABSOLUTE
    gapm_default_state                       0x0001615c   Data           0  stack_rom_symbol.txt ABSOLUTE
    gapm_default_handler                     0x00016224   Data           0  stack_rom_symbol.txt ABSOLUTE
    smpc_construct_pdu                       0x00016248   Data           0  stack_rom_symbol.txt ABSOLUTE
    smpc_recv_pdu                            0x00016284   Data           0  stack_rom_symbol.txt ABSOLUTE
    atts_handlers                            0x00016354   Data           0  stack_rom_symbol.txt ABSOLUTE
    gattc_default_state                      0x000163cc   Data           0  stack_rom_symbol.txt ABSOLUTE
    gattc_default_handler                    0x000164ac   Data           0  stack_rom_symbol.txt ABSOLUTE
    gattm_default_state                      0x000164e8   Data           0  stack_rom_symbol.txt ABSOLUTE
    gattm_default_handler                    0x000164f0   Data           0  stack_rom_symbol.txt ABSOLUTE
    l2cc_sig_handlers                        0x0001661c   Data           0  stack_rom_symbol.txt ABSOLUTE
    l2cc_default_state                       0x0001665c   Data           0  stack_rom_symbol.txt ABSOLUTE
    l2cc_default_handler                     0x000166bc   Data           0  stack_rom_symbol.txt ABSOLUTE
    hci_cmd_desc_tab_lk_ctrl                 0x000166d4   Data           0  stack_rom_symbol.txt ABSOLUTE
    hci_cmd_desc_tab_ctrl_bb                 0x000166e0   Data           0  stack_rom_symbol.txt ABSOLUTE
    hci_cmd_desc_tab_info_par                0x00016708   Data           0  stack_rom_symbol.txt ABSOLUTE
    hci_cmd_desc_tab_stat_par                0x0001671c   Data           0  stack_rom_symbol.txt ABSOLUTE
    hci_cmd_desc_tab_le                      0x00016720   Data           0  stack_rom_symbol.txt ABSOLUTE
    hci_cmd_desc_tab_vs                      0x000167d8   Data           0  stack_rom_symbol.txt ABSOLUTE
    hci_cmd_desc_root_tab                    0x000167e4   Data           0  stack_rom_symbol.txt ABSOLUTE
    hci_evt_desc_tab                         0x00016814   Data           0  stack_rom_symbol.txt ABSOLUTE
    hci_evt_le_desc_tab                      0x00016826   Data           0  stack_rom_symbol.txt ABSOLUTE
    boot_stack_base_UNUSED                   0x00017084   Data           4  boot_handlers.o(SYS_BOOT)
    boot_stack_len_UNUSED                    0x00017088   Data           4  boot_handlers.o(SYS_BOOT)
    boot_stack_base_IRQ                      0x0001708c   Data           4  boot_handlers.o(SYS_BOOT)
    boot_stack_len_IRQ                       0x00017090   Data           4  boot_handlers.o(SYS_BOOT)
    boot_stack_base_SVC                      0x00017094   Data           4  boot_handlers.o(SYS_BOOT)
    boot_stack_len_SVC                       0x00017098   Data           4  boot_handlers.o(SYS_BOOT)
    boot_stack_base_FIQ                      0x0001709c   Data           4  boot_handlers.o(SYS_BOOT)
    boot_stack_len_FIQ                       0x000170a0   Data           4  boot_handlers.o(SYS_BOOT)
    sys_Reset                                0x000170a4   ARM Code       0  boot_handlers.o(SYS_BOOT)
    Long ARM to Thumb Veneer to Undefined_Exception 0x00017270   ARM Code       8  anon$$obj.o(Veneer$$Code)
    Long ARM to Thumb Veneer to SoftwareInterrupt_Exception 0x00017278   ARM Code       8  anon$$obj.o(Veneer$$Code)
    Long ARM to Thumb Veneer to PrefetchAbort_Exception 0x00017280   ARM Code       8  anon$$obj.o(Veneer$$Code)
    Long ARM to Thumb Veneer to DataAbort_Exception 0x00017288   ARM Code       8  anon$$obj.o(Veneer$$Code)
    Long ARM to Thumb Veneer to Reserved_Exception 0x00017290   ARM Code       8  anon$$obj.o(Veneer$$Code)
    Long ARM to Thumb Veneer to rw_main      0x00017298   ARM Code       8  anon$$obj.o(Veneer$$Code)
    SYSirq_FIQ_Handler                       0x00017300   ARM Code      16  intc.o(sys_fiq_entry)
    SYSirq_IRQ_Handler                       0x00017320   ARM Code      16  intc.o(sys_irq_entry)
    assert_err                               0x00017339   Thumb Code    24  arch_main.o(.text)
    assert_param                             0x00017351   Thumb Code    28  arch_main.o(.text)
    assert_warn                              0x0001736d   Thumb Code    28  arch_main.o(.text)
    dump_data                                0x00017389   Thumb Code    20  arch_main.o(.text)
    platform_reset                           0x0001739d   Thumb Code    52  arch_main.o(.text)
    Reverse                                  0x000173d1   Thumb Code    46  arch_main.o(.text)
    bdaddr_env_init                          0x000173ff   Thumb Code   228  arch_main.o(.text)
    ble_clk_enable                           0x000174e3   Thumb Code    10  arch_main.o(.text)
    rom_env_init                             0x00017549   Thumb Code    88  arch_main.o(.text)
    uart_rx_handler                          0x000175a1   Thumb Code    16  arch_main.o(.text)
    rwip_eif_api_init                        0x000175b1   Thumb Code    20  arch_main.o(.text)
    rw_main                                  0x000175c5   Thumb Code  1158  arch_main.o(.text)
    rwip_eif_get                             0x00017a4b   Thumb Code    26  arch_main.o(.text)
    rwble_hl_init                            0x00017ad9   Thumb Code    28  rwble_hl.o(.text)
    rwble_hl_reset                           0x00017af5   Thumb Code    28  rwble_hl.o(.text)
    rwble_init                               0x00017b13   Thumb Code    32  rwble.o(.text)
    rwble_reset                              0x00017b33   Thumb Code   128  rwble.o(.text)
    rwble_sleep_check                        0x00017bb3   Thumb Code    22  rwble.o(.text)
    rwble_activity_ongoing_check             0x00017bc9   Thumb Code    80  rwble.o(.text)
    rwble_version                            0x00017c19   Thumb Code    80  rwble.o(.text)
    rwble_isr                                0x00017c69   Thumb Code   312  rwble.o(.text)
    rwip_check_wakeup_boundary               0x00017da9   Thumb Code    80  rwip.o(.text)
    rwip_init                                0x00017e1f   Thumb Code   110  rwip.o(.text)
    rwip_reset                               0x00017e8d   Thumb Code    60  rwip.o(.text)
    rwip_version                             0x00017ec9   Thumb Code    16  rwip.o(.text)
    rwip_schedule                            0x00017ed9   Thumb Code    20  rwip.o(.text)
    rwip_prevent_sleep_set                   0x00017eed   Thumb Code    48  rwip.o(.text)
    rwip_sleep                               0x00017f1d   Thumb Code   180  rwip.o(.text)
    rwip_wakeup                              0x00017fd1   Thumb Code    20  rwip.o(.text)
    rwip_prevent_sleep_clear                 0x00017fe5   Thumb Code    48  rwip.o(.text)
    rwip_wakeup_end                          0x00018015   Thumb Code    40  rwip.o(.text)
    rwip_us_2_lpcycles                       0x0001803d   Thumb Code    20  rwip.o(.text)
    rwip_wakeup_delay_set                    0x00018051   Thumb Code    16  rwip.o(.text)
    rwip_prevent_sleep_get                   0x00018061   Thumb Code     8  rwip.o(.text)
    rwip_sleep_enable                        0x00018069   Thumb Code     6  rwip.o(.text)
    rwip_ext_wakeup_enable                   0x0001806f   Thumb Code     6  rwip.o(.text)
    rwip_sleep_lpcycles_2_us                 0x00018075   Thumb Code    62  rwip.o(.text)
    rwip_assert_err                          0x000180b3   Thumb Code     2  rwip.o(.text)
    emi_init                                 0x00018161   Thumb Code    22  emi.o(.text)
    flash_init                               0x000181b7   Thumb Code    26  flash.o(.text)
    flash_readword                           0x000181d1   Thumb Code    64  flash.o(.text)
    flash_writeword                          0x00018211   Thumb Code    66  flash.o(.text)
    flash_erase_sector                       0x00018253   Thumb Code    62  flash.o(.text)
    flash_erase                              0x00018291   Thumb Code    44  flash.o(.text)
    flash_write                              0x000182bd   Thumb Code   144  flash.o(.text)
    flash_read                               0x0001834d   Thumb Code   114  flash.o(.text)
    crc16                                    0x000183bf   Thumb Code    52  flash.o(.text)
    write_lmecc_pointq                       0x000183f3   Thumb Code     2  flash.o(.text)
    read_lmecc_pointq_status                 0x000183f5   Thumb Code     4  flash.o(.text)
    read_lmecc_pointq                        0x000183f9   Thumb Code     2  flash.o(.text)
    Write_NVR_Flash                          0x000183fb   Thumb Code    30  flash.o(.text)
    Read_NVR_Flash                           0x00018419   Thumb Code    22  flash.o(.text)
    gpio_config                              0x00018449   Thumb Code   268  gpio.o(.text)
    gpio_get_input                           0x00018555   Thumb Code    36  gpio.o(.text)
    gpio_set                                 0x00018579   Thumb Code    54  gpio.o(.text)
    gpio_set_value_get                       0x000185af   Thumb Code    46  gpio.o(.text)
    gpio_init                                0x000185dd   Thumb Code     2  gpio.o(.text)
    gpio_triger                              0x000185df   Thumb Code    22  gpio.o(.text)
    gpio_cb_register                         0x000185f5   Thumb Code    10  gpio.o(.text)
    gpio_isr                                 0x000185ff   Thumb Code    48  gpio.o(.text)
    gpio_test_init                           0x0001862f   Thumb Code    54  gpio.o(.text)
    gpio_sleep                               0x00018665   Thumb Code   112  gpio.o(.text)
    gpio_wakeup                              0x000186d5   Thumb Code    66  gpio.o(.text)
    DEBUG_MSG                                0x00018717   Thumb Code     2  gpio.o(.text)
    system_sleep_init                        0x0001873d   Thumb Code     8  icu.o(.text)
    icu_init                                 0x00018745   Thumb Code    90  icu.o(.text)
    icu_get_sleep_mode                       0x0001879f   Thumb Code     6  icu.o(.text)
    icu_set_sleep_mode                       0x000187a5   Thumb Code     6  icu.o(.text)
    enter_deep_sleep                         0x000187ab   Thumb Code    58  icu.o(.text)
    cpu_reduce_voltage_sleep                 0x000187e5   Thumb Code    82  icu.o(.text)
    cpu_wakeup                               0x00018837   Thumb Code    34  icu.o(.text)
    cpu_idle_sleep                           0x00018859   Thumb Code     8  icu.o(.text)
    system_reset_reson                       0x00018861   Thumb Code    22  icu.o(.text)
    switch_clk                               0x00018877   Thumb Code    84  icu.o(.text)
    intc_spurious                            0x000188f1   Thumb Code     2  intc.o(.text)
    intc_init                                0x000188f3   Thumb Code    52  intc.o(.text)
    intc_stat_clear                          0x00018927   Thumb Code    10  intc.o(.text)
    IRQ_Exception                            0x00018931   Thumb Code   198  intc.o(.text)
    FIQ_Exception                            0x000189f7   Thumb Code    60  intc.o(.text)
    timer_init                               0x00018a45   Thumb Code     2  timer.o(.text)
    timer_set_timeout                        0x00018a47   Thumb Code    10  timer.o(.text)
    timer_get_time                           0x00018a51   Thumb Code     8  timer.o(.text)
    timer_enable                             0x00018a59   Thumb Code    10  timer.o(.text)
    timer_isr                                0x00018a63   Thumb Code    24  timer.o(.text)
    wdt_disable                              0x00018a81   Thumb Code    28  wdt.o(.text)
    wdt_enable                               0x00018a9d   Thumb Code    44  wdt.o(.text)
    wdt_feed                                 0x00018ac9   Thumb Code    28  wdt.o(.text)
    Read_Uart_Buf                            0x00018af1   Thumb Code    18  uart.o(.text)
    Uart_Read_Byte                           0x00018b03   Thumb Code    10  uart.o(.text)
    uart_putchar                             0x00018b0d   Thumb Code    42  uart.o(.text)
    uart_printf                              0x00018b37   Thumb Code    50  uart.o(.text)
    uart_printf_null                         0x00018b69   Thumb Code     8  uart.o(.text)
    hex2Str                                  0x00018b71   Thumb Code    48  uart.o(.text)
    uart_print_int                           0x00018ba1   Thumb Code    56  uart.o(.text)
    cpu_delay                                0x00018bd9   Thumb Code    30  uart.o(.text)
    uart_init                                0x00018bf7   Thumb Code   230  uart.o(.text)
    uart_flow_on                             0x00018cdd   Thumb Code     2  uart.o(.text)
    uart_clear_rxfifo                        0x00018cdf   Thumb Code    36  uart.o(.text)
    uart_flow_off                            0x00018d03   Thumb Code     4  uart.o(.text)
    uart_finish_transfers                    0x00018d07   Thumb Code    72  uart.o(.text)
    uart_read                                0x00018d4f   Thumb Code    78  uart.o(.text)
    uart_write                               0x00018d9d   Thumb Code   138  uart.o(.text)
    uart_send                                0x00018e41   Thumb Code    26  uart.o(.text)
    uart_cb_register                         0x00018e5b   Thumb Code    10  uart.o(.text)
    uart_cb_clear                            0x00018e65   Thumb Code    16  uart.o(.text)
    uart_isr                                 0x00018e75   Thumb Code   442  uart.o(.text)
    check_uart_stop                          0x0001902f   Thumb Code    18  uart.o(.text)
    rf_rssi_convert                          0x000190b1   Thumb Code    18  rf_xvr.o(.text)
    Delay_ms                                 0x000190e3   Thumb Code    24  rf_xvr.o(.text)
    kmod_calibration                         0x000190fb   Thumb Code   424  rf_xvr.o(.text)
    initial_xver_BK3432_openLoop             0x000192a3   Thumb Code   340  rf_xvr.o(.text)
    rf_init                                  0x000193f7   Thumb Code    44  rf_xvr.o(.text)
    Delay_us                                 0x00019423   Thumb Code    22  rf_xvr.o(.text)
    Delay                                    0x00019439   Thumb Code    22  rf_xvr.o(.text)
    CLK32K_AutoCali_init                     0x0001944f   Thumb Code    22  rf_xvr.o(.text)
    bk3432_singleWaveCfg                     0x00019465   Thumb Code   308  rf_xvr.o(.text)
    bk3432_tx_en                             0x00019599   Thumb Code    32  rf_xvr.o(.text)
    adc_init                                 0x000195bd   Thumb Code    80  adc.o(.text)
    adc_deinit                               0x0001960d   Thumb Code    74  adc.o(.text)
    adc_isr                                  0x00019657   Thumb Code    22  adc.o(.text)
    adc_get_value                            0x0001966d   Thumb Code   152  adc.o(.text)
    adc_get_vol                              0x00019705   Thumb Code   156  adc.o(.text)
    Read_Uart2_Buf                           0x000197fd   Thumb Code    18  uart2.o(.text)
    Uart2_Read_Byte                          0x0001980f   Thumb Code    10  uart2.o(.text)
    uart2_putchar                            0x00019819   Thumb Code    42  uart2.o(.text)
    uart2_printf                             0x00019843   Thumb Code    50  uart2.o(.text)
    uart2_printf_null                        0x00019875   Thumb Code     8  uart2.o(.text)
    uart2_init                               0x0001987d   Thumb Code   184  uart2.o(.text)
    uart2_flow_on                            0x00019935   Thumb Code     2  uart2.o(.text)
    uart2_clear_rxfifo                       0x00019937   Thumb Code    36  uart2.o(.text)
    uart2_flow_off                           0x0001995b   Thumb Code     4  uart2.o(.text)
    uart2_finish_transfers                   0x0001995f   Thumb Code    72  uart2.o(.text)
    uart2_read                               0x000199a7   Thumb Code    78  uart2.o(.text)
    uart2_write                              0x000199f5   Thumb Code   138  uart2.o(.text)
    uart2_send                               0x00019a99   Thumb Code    26  uart2.o(.text)
    uart2_cb_register                        0x00019ab3   Thumb Code    10  uart2.o(.text)
    uart2_cb_clear                           0x00019abd   Thumb Code    16  uart2.o(.text)
    uart2_isr                                0x00019acd   Thumb Code   192  uart2.o(.text)
    check_uart2_stop                         0x00019b8d   Thumb Code    18  uart2.o(.text)
    bass_get_att_handle                      0x00019e53   Thumb Code   142  bass.o(.text)
    bass_prf_itf_get                         0x00019f29   Thumb Code     4  bass.o(.text)
    bass_get_att_idx                         0x00019f2d   Thumb Code   148  bass.o(.text)
    bass_exe_operation                       0x00019fc1   Thumb Code   372  bass.o(.text)
    diss_compute_cfg_flag                    0x0001a499   Thumb Code    46  diss.o(.text)
    diss_prf_itf_get                         0x0001a59d   Thumb Code     4  diss.o(.text)
    diss_handle_to_value                     0x0001a5a1   Thumb Code    62  diss.o(.text)
    diss_value_to_handle                     0x0001a5df   Thumb Code    72  diss.o(.text)
    diss_check_val_len                       0x0001a627   Thumb Code    56  diss.o(.text)
    fff0s_get_att_handle                     0x0001a9e1   Thumb Code    60  fff0s.o(.text)
    fff0s_notify_fff1_lvl                    0x0001aa1d   Thumb Code    72  fff0s.o(.text)
    fff0s_prf_itf_get                        0x0001aa65   Thumb Code     4  fff0s.o(.text)
    fff0s_get_att_idx                        0x0001aa69   Thumb Code    82  fff0s.o(.text)
    oad_save_reciveData                      0x0001af23   Thumb Code    42  oads.o(.text)
    oad_updating_user_section_begin          0x0001af4d   Thumb Code    36  oads.o(.text)
    oad_updating_user_section_pro            0x0001af71   Thumb Code   134  oads.o(.text)
    oad_updating_user_section_end            0x0001aff7   Thumb Code    18  oads.o(.text)
    oadImgIdentifyWrite                      0x0001b105   Thumb Code   782  oads.o(.text)
    oadImgBlockWrite                         0x0001b413   Thumb Code   348  oads.o(.text)
    oads_prf_itf_get                         0x0001b56f   Thumb Code     4  oads.o(.text)
    prf_init                                 0x0001ba2b   Thumb Code   216  prf.o(.text)
    prf_add_profile                          0x0001bb03   Thumb Code   172  prf.o(.text)
    prf_create                               0x0001bbaf   Thumb Code    54  prf.o(.text)
    prf_cleanup                              0x0001bbe5   Thumb Code    58  prf.o(.text)
    prf_env_get                              0x0001bc1f   Thumb Code    48  prf.o(.text)
    prf_src_task_get                         0x0001bc4f   Thumb Code    30  prf.o(.text)
    prf_dst_task_get                         0x0001bc6d   Thumb Code    30  prf.o(.text)
    prf_get_id_from_task                     0x0001bc8b   Thumb Code    58  prf.o(.text)
    prf_get_task_from_id                     0x0001bcc5   Thumb Code    58  prf.o(.text)
    prf_pack_char_pres_fmt                   0x0001bd05   Thumb Code    64  prf_utils.o(.text)
    prf_pack_date_time                       0x0001bd45   Thumb Code    50  prf_utils.o(.text)
    prf_unpack_date_time                     0x0001bd77   Thumb Code    44  prf_utils.o(.text)
    appm_init                                0x0001bda5   Thumb Code   214  app.o(.text)
    appm_add_svc                             0x0001be7b   Thumb Code    40  app.o(.text)
    appm_disconnect                          0x0001bea3   Thumb Code    40  app.o(.text)
    appm_start_advertising                   0x0001becb   Thumb Code  1310  app.o(.text)
    appm_stop_advertising                    0x0001c3e9   Thumb Code    54  app.o(.text)
    appm_update_param                        0x0001c41f   Thumb Code    80  app.o(.text)
    appm_update_adv_data                     0x0001c46f   Thumb Code    94  app.o(.text)
    appm_get_dev_name                        0x0001c4cd   Thumb Code    22  app.o(.text)
    app_batt_init                            0x0001c599   Thumb Code    16  app_batt.o(.text)
    app_batt_add_bas                         0x0001c5a9   Thumb Code    54  app_batt.o(.text)
    app_batt_enable_prf                      0x0001c5df   Thumb Code    50  app_batt.o(.text)
    app_batt_send_lvl                        0x0001c611   Thumb Code    40  app_batt.o(.text)
    app_dis_init                             0x0001c701   Thumb Code     2  app_dis.o(.text)
    app_dis_add_dis                          0x0001c703   Thumb Code    52  app_dis.o(.text)
    app_fff0_init                            0x0001c79d   Thumb Code    10  app_fff0.o(.text)
    app_fff0_add_fff0s                       0x0001c7a7   Thumb Code    52  app_fff0.o(.text)
    app_fff1_send_lvl                        0x0001c7db   Thumb Code    48  app_fff0.o(.text)
    app_oads_init                            0x0001d5b9   Thumb Code     8  app_oads.o(.text)
    app_oad_add_oads                         0x0001d5c1   Thumb Code    68  app_oads.o(.text)
    app_oads_enable_prf                      0x0001d605   Thumb Code    48  app_oads.o(.text)
    app_ffc1_ntf_req                         0x0001d695   Thumb Code    48  app_oads.o(.text)
    app_ffc2_ntf_req                         0x0001d6c5   Thumb Code    50  app_oads.o(.text)
    get_data_to_uart_buffer                  0x0001d7b9   Thumb Code    32  app_uart.o(.text)
    byte_cpy                                 0x0001d7dd   Thumb Code    24  tools.o(.text)
    compareValue                             0x0001d7f5   Thumb Code    52  tools.o(.text)
    Uint4BToStr                              0x0001d829   Thumb Code    92  tools.o(.text)
    StrToHex                                 0x0001d885   Thumb Code    92  tools.o(.text)
    HexToAsc                                 0x0001d8e1   Thumb Code    62  tools.o(.text)
    String4ByteToInt                         0x0001d91f   Thumb Code    40  tools.o(.text)
    pack_string_to_buffer                    0x0001d947   Thumb Code    50  tools.o(.text)
    hal_charger_pw_gpio_init                 0x0001d985   Thumb Code    22  drv_charger.o(.text)
    hal_charger_pw_open                      0x0001d99b   Thumb Code    12  drv_charger.o(.text)
    hal_charger_pw_close                     0x0001d9a7   Thumb Code    12  drv_charger.o(.text)
    hal_led_init                             0x0001d9b5   Thumb Code    14  drv_load.o(.text)
    hal_led_open                             0x0001d9c3   Thumb Code    12  drv_load.o(.text)
    hal_led_close                            0x0001d9cf   Thumb Code    12  drv_load.o(.text)
    get_delay_time                           0x0001d9db   Thumb Code    84  drv_load.o(.text)
    hal_adc_ain_close                        0x0001da2f   Thumb Code    12  drv_load.o(.text)
    hal_load_power_close                     0x0001da3b   Thumb Code    16  drv_load.o(.text)
    hal_adc_ain_init                         0x0001da4b   Thumb Code    14  drv_load.o(.text)
    hal_load_gpio_init                       0x0001da59   Thumb Code    72  drv_load.o(.text)
    hal_load_open                            0x0001daa1   Thumb Code    30  drv_load.o(.text)
    hal_load_close                           0x0001dabf   Thumb Code    30  drv_load.o(.text)
    hal_adc_ain_open                         0x0001dadd   Thumb Code    12  drv_load.o(.text)
    hal_load_power_open                      0x0001dae9   Thumb Code    22  drv_load.o(.text)
    drv_ws2812_gpio_init                     0x0001db29   Thumb Code    76  drv_rgb.o(.text)
    Delay_tick                               0x0001db75   Thumb Code    14  drv_rgb.o(.text)
    Delay_tick2                              0x0001db83   Thumb Code    12  drv_rgb.o(.text)
    drv_ws2812_set_color                     0x0001db8f   Thumb Code   360  drv_rgb.o(.text)
    rgb2grb                                  0x0001dcf7   Thumb Code    32  drv_rgb.o(.text)
    rgb_table_2_grb_table                    0x0001dd17   Thumb Code    38  drv_rgb.o(.text)
    drv_ws2812_test2                         0x0001dd3d   Thumb Code   320  drv_rgb.o(.text)
    drv_ws2812_test                          0x0001de7d   Thumb Code   292  drv_rgb.o(.text)
    drv_ws2812_round                         0x0001dfa1   Thumb Code   328  drv_rgb.o(.text)
    adjustBrightness                         0x0001e377   Thumb Code   162  drv_rgb.o(.text)
    BLN                                      0x0001e419   Thumb Code     2  drv_rgb.o(.text)
    BLN_timer_handle                         0x0001e41b   Thumb Code   288  drv_rgb.o(.text)
    at_outoput_cb                            0x0001e54d   Thumb Code   172  at.o(.text)
    at_charger_cb                            0x0001e5f9   Thumb Code   138  at.o(.text)
    at_charger_cb_chb                        0x0001e683   Thumb Code   122  at.o(.text)
    at_em_cb                                 0x0001e6fd   Thumb Code     8  at.o(.text)
    at_restart_cb                            0x0001e705   Thumb Code    10  at.o(.text)
    at_factory_cb                            0x0001e70f   Thumb Code    26  at.o(.text)
    cut_buffer_decimal_number                0x0001e729   Thumb Code    74  at.o(.text)
    at_set_mac_addres_cb                     0x0001e773   Thumb Code   316  at.o(.text)
    at_sleep_cb                              0x0001e8af   Thumb Code    14  at.o(.text)
    at_vol_get_cb                            0x0001e8bd   Thumb Code   726  at.o(.text)
    at_open_all_cb                           0x0001eb93   Thumb Code     8  at.o(.text)
    at_ver_cb                                0x0001eb9b   Thumb Code    32  at.o(.text)
    at_del_cfg                               0x0001ebbb   Thumb Code    28  at.o(.text)
    rgb_test                                 0x0001ebd7   Thumb Code    50  at.o(.text)
    at_st_cb                                 0x0001ec09   Thumb Code    38  at.o(.text)
    at_swt_cb                                0x0001ec2f   Thumb Code     8  at.o(.text)
    at_set_cb                                0x0001ec37   Thumb Code     8  at.o(.text)
    at_traverse                              0x0001ec3f   Thumb Code   102  at.o(.text)
    error_event_report                       0x0001eca5   Thumb Code    82  at.o(.text)
    drv_get_battery_vol                      0x0001ed75   Thumb Code   144  drv_battery.o(.text)
    motor_send_msg                           0x0001ee25   Thumb Code    16  app_motor.o(.text)
    motor_rest                               0x0001ee35   Thumb Code    12  app_motor.o(.text)
    motor_receive                            0x0001ee41   Thumb Code   110  app_motor.o(.text)
    __rt_ctype_table                         0x0001eebd   Thumb Code     4  ctype_o.o(.text)
    toupper                                  0x0001eec5   Thumb Code    12  toupper.o(.text)
    strstr                                   0x0001eed1   Thumb Code    40  strstr.o(.text)
    strlen                                   0x0001eef9   Thumb Code    14  strlen.o(.text)
    strcmp                                   0x0001ef07   Thumb Code    32  strcmp.o(.text)
    strtoul                                  0x0001ef27   Thumb Code   118  strtoul.o(.text)
    atoi                                     0x0001ef9d   Thumb Code    26  atoi.o(.text)
    __aeabi_fadd                             0x0001efb7   Thumb Code   166  fadd.o(.text)
    __aeabi_fsub                             0x0001f05d   Thumb Code     8  fadd.o(.text)
    __aeabi_frsub                            0x0001f065   Thumb Code     8  fadd.o(.text)
    __aeabi_fmul                             0x0001f06d   Thumb Code   124  fmul.o(.text)
    __aeabi_fdiv                             0x0001f0e9   Thumb Code   124  fdiv.o(.text)
    __aeabi_dadd                             0x0001f165   Thumb Code   330  dadd.o(.text)
    __aeabi_dsub                             0x0001f2af   Thumb Code    12  dadd.o(.text)
    __aeabi_drsub                            0x0001f2bb   Thumb Code    12  dadd.o(.text)
    __aeabi_dmul                             0x0001f2cd   Thumb Code   202  dmul.o(.text)
    __aeabi_ddiv                             0x0001f39d   Thumb Code   234  ddiv.o(.text)
    __aeabi_i2f                              0x0001f48d   Thumb Code    22  fflti.o(.text)
    __aeabi_ui2f                             0x0001f4a3   Thumb Code    14  ffltui.o(.text)
    __aeabi_i2d                              0x0001f4b1   Thumb Code    34  dflti.o(.text)
    __aeabi_ui2d                             0x0001f4d9   Thumb Code    24  dfltui.o(.text)
    __aeabi_f2uiz                            0x0001f4f5   Thumb Code    40  ffixui.o(.text)
    __aeabi_d2iz                             0x0001f51d   Thumb Code    62  dfixi.o(.text)
    __aeabi_d2uiz                            0x0001f565   Thumb Code    50  dfixui.o(.text)
    __aeabi_f2d                              0x0001f5a1   Thumb Code    40  f2d.o(.text)
    __aeabi_d2f                              0x0001f5c9   Thumb Code    56  d2f.o(.text)
    __aeabi_cfcmpeq                          0x0001f601   Thumb Code     0  cfcmple.o(.text)
    __aeabi_cfcmple                          0x0001f601   Thumb Code    20  cfcmple.o(.text)
    __aeabi_cfrcmple                         0x0001f615   Thumb Code    20  cfrcmple.o(.text)
    __aeabi_uldivmod                         0x0001f629   Thumb Code    96  uldiv.o(.text)
    __aeabi_llsl                             0x0001f689   Thumb Code    32  llshl.o(.text)
    _ll_shift_l                              0x0001f689   Thumb Code     0  llshl.o(.text)
    __aeabi_llsr                             0x0001f6a9   Thumb Code    34  llushr.o(.text)
    _ll_ushift_r                             0x0001f6a9   Thumb Code     0  llushr.o(.text)
    __aeabi_lasr                             0x0001f6cb   Thumb Code    38  llsshr.o(.text)
    _ll_sshift_r                             0x0001f6cb   Thumb Code     0  llsshr.o(.text)
    _strtoul                                 0x0001f6f1   Thumb Code   168  _strtoul.o(.text)
    strtol                                   0x0001f799   Thumb Code   108  strtol.o(.text)
    __I$use$fp                               0x0001f808   ARM Code       0  iusefp.o(.text)
    _float_round                             0x0001f809   Thumb Code    16  fepilogue.o(.text)
    _float_epilogue                          0x0001f819   Thumb Code    88  fepilogue.o(.text)
    _double_round                            0x0001f871   Thumb Code    26  depilogue.o(.text)
    _double_epilogue                         0x0001f88b   Thumb Code   164  depilogue.o(.text)
    __aeabi_d2ulz                            0x0001f931   Thumb Code    54  dfixul.o(.text)
    __aeabi_cdrcmple                         0x0001f971   Thumb Code    38  cdrcmple.o(.text)
    _chval                                   0x0001f999   Thumb Code    30  _chval.o(.text)
    __0sprintf                               0x0001f9b9   Thumb Code    36  printfa.o(i.__0sprintf)
    __1sprintf                               0x0001f9b9   Thumb Code     0  printfa.o(i.__0sprintf)
    __2sprintf                               0x0001f9b9   Thumb Code     0  printfa.o(i.__0sprintf)
    __c89sprintf                             0x0001f9b9   Thumb Code     0  printfa.o(i.__0sprintf)
    sprintf                                  0x0001f9b9   Thumb Code     0  printfa.o(i.__0sprintf)
    __0vsprintf                              0x0001f9e1   Thumb Code    30  printfa.o(i.__0vsprintf)
    __1vsprintf                              0x0001f9e1   Thumb Code     0  printfa.o(i.__0vsprintf)
    __2vsprintf                              0x0001f9e1   Thumb Code     0  printfa.o(i.__0vsprintf)
    __c89vsprintf                            0x0001f9e1   Thumb Code     0  printfa.o(i.__0vsprintf)
    vsprintf                                 0x0001f9e1   Thumb Code     0  printfa.o(i.__0vsprintf)
    __aeabi_errno_addr                       0x0001fa05   Thumb Code     4  errno.o(i.__aeabi_errno_addr)
    __rt_errno_addr                          0x0001fa05   Thumb Code     0  errno.o(i.__aeabi_errno_addr)
    floor                                    0x000202d0   ARM Code     284  floor.o(i.floor)
    bas_att_db                               0x00020430   Data          40  bass.o(.constdata)
    bass_itf                                 0x00020458   Data          16  bass.o(.constdata)
    bass_default_state                       0x00020468   Data          48  bass_task.o(.constdata)
    bass_default_handler                     0x00020498   Data           8  bass_task.o(.constdata)
    diss_att_db                              0x000204a0   Data         152  diss.o(.constdata)
    diss_itf                                 0x00020538   Data          16  diss.o(.constdata)
    diss_default_state                       0x00020548   Data          24  diss_task.o(.constdata)
    diss_default_handler                     0x00020560   Data           8  diss_task.o(.constdata)
    fff0_att_db                              0x00020568   Data          48  fff0s.o(.constdata)
    fff0s_itf                                0x00020598   Data          16  fff0s.o(.constdata)
    fff0s_default_state                      0x000205a8   Data          40  fff0s_task.o(.constdata)
    fff0s_default_handler                    0x000205d0   Data           8  fff0s_task.o(.constdata)
    oads_att_db                              0x000205d8   Data          72  oads.o(.constdata)
    oads_itf                                 0x00020620   Data          16  oads.o(.constdata)
    oads_default_state                       0x00020678   Data          48  oads_task.o(.constdata)
    braces_default_handler                   0x000206a8   Data           8  oads_task.o(.constdata)
    app_batt_msg_handler_list                0x000206fc   Data          32  app_batt.o(.constdata)
    app_batt_table_handler                   0x0002071c   Data           8  app_batt.o(.constdata)
    app_dis_msg_handler_list                 0x00020724   Data           8  app_dis.o(.constdata)
    app_dis_table_handler                    0x0002072c   Data           8  app_dis.o(.constdata)
    app_fff0_msg_handler_list                0x00020734   Data          40  app_fff0.o(.constdata)
    app_fff0_table_handler                   0x0002075c   Data           8  app_fff0.o(.constdata)
    appm_default_state                       0x0002078c   Data         168  app_task.o(.constdata)
    appm_default_handler                     0x00020834   Data           8  app_task.o(.constdata)
    app_oads_msg_handler_list                0x000208f8   Data          48  app_oads.o(.constdata)
    app_oads_table_handler                   0x00020928   Data           8  app_oads.o(.constdata)
    __ctype_table                            0x000209d8   Data         129  ctype_o.o(.constdata)
    Load$$RAM_DATA$$Base                     0x00020ab4   Number         0  anon$$obj.o ABSOLUTE
    co_default_bdaddr                        0x00400024   Data           0  stack_rom_symbol.txt ABSOLUTE
    llc_env                                  0x0040002c   Data           0  stack_rom_symbol.txt ABSOLUTE
    llc_state                                0x00400030   Data           0  stack_rom_symbol.txt ABSOLUTE
    latency_disable_state                    0x00400031   Data           0  stack_rom_symbol.txt ABSOLUTE
    system_sleep_flag                        0x00400032   Data           0  stack_rom_symbol.txt ABSOLUTE
    lld_sleep_env                            0x00400034   Data           0  stack_rom_symbol.txt ABSOLUTE
    llm_state                                0x00400038   Data           0  stack_rom_symbol.txt ABSOLUTE
    gapc_env                                 0x0040003c   Data           0  stack_rom_symbol.txt ABSOLUTE
    gapc_state                               0x00400040   Data           0  stack_rom_symbol.txt ABSOLUTE
    gapm_state                               0x00400041   Data           0  stack_rom_symbol.txt ABSOLUTE
    gattc_env                                0x00400044   Data           0  stack_rom_symbol.txt ABSOLUTE
    gattc_state                              0x00400048   Data           0  stack_rom_symbol.txt ABSOLUTE
    gattm_state                              0x00400049   Data           0  stack_rom_symbol.txt ABSOLUTE
    l2cc_env                                 0x0040004c   Data           0  stack_rom_symbol.txt ABSOLUTE
    l2cc_state                               0x00400050   Data           0  stack_rom_symbol.txt ABSOLUTE
    ke_env                                   0x0040007c   Data           0  stack_rom_symbol.txt ABSOLUTE
    rwip_rf                                  0x0040011c   Data           0  stack_rom_symbol.txt ABSOLUTE
    rom_env                                  0x00400150   Data           0  stack_rom_symbol.txt ABSOLUTE
    em_buf_env                               0x0040019c   Data           0  stack_rom_symbol.txt ABSOLUTE
    lld_evt_env                              0x004004e4   Data           0  stack_rom_symbol.txt ABSOLUTE
    llm_le_env                               0x00400510   Data           0  stack_rom_symbol.txt ABSOLUTE
    gapm_env                                 0x0040058c   Data           0  stack_rom_symbol.txt ABSOLUTE
    gattm_env                                0x004005c0   Data           0  stack_rom_symbol.txt ABSOLUTE
    l2cm_env                                 0x004005e0   Data           0  stack_rom_symbol.txt ABSOLUTE
    hci_env                                  0x004005ec   Data           0  stack_rom_symbol.txt ABSOLUTE
    hci_fc_env                               0x004005fc   Data           0  stack_rom_symbol.txt ABSOLUTE
    Image$$RAM_DATA$$Base                    0x00400620   Number         0  anon$$obj.o ABSOLUTE
    GPIO_CFG                                 0x00400624   Data          20  gpio.o(.data)
    GPIO_DATA                                0x00400638   Data          20  gpio.o(.data)
    wdt_disable_flag                         0x00400652   Data           1  wdt.o(.data)
    uart_rx_done                             0x00400654   Data           1  uart.o(.data)
    uart_rx_index                            0x00400658   Data           4  uart.o(.data)
    cur_read_buf_idx                         0x0040065c   Data           1  uart.o(.data)
    g_adc_value                              0x00400668   Data           2  adc.o(.data)
    adc_flag                                 0x0040066a   Data           2  adc.o(.data)
    uart2_rx_done                            0x0040066c   Data           1  uart2.o(.data)
    uart2_rx_index                           0x00400670   Data           4  uart2.o(.data)
    uart2_cur_read_buf_idx                   0x00400674   Data           1  uart2.o(.data)
    uart2_dut_reg_flag                       0x0040067c   Data           1  uart2.o(.data)
    oad_firmware_type                        0x00400683   Data           1  oads.o(.data)
    app_batt_env                             0x00400686   Data           2  app_batt.o(.data)
    app_fff0_env                             0x00400688   Data           2  app_fff0.o(.data)
    centre_rgb                               0x00400690   Data           4  app_task.o(.data)
    led_up_down                              0x00400694   Data           4  app_task.o(.data)
    appm_state                               0x0040069a   Data           1  app_task.o(.data)
    app_oads_env                             0x004006a0   Data           1  app_oads.o(.data)
    LOAD_CTR_GPIO_TAB                        0x004006a4   Data           7  drv_load.o(.data)
    delay_time_ms                            0x004006ac   Data           4  drv_load.o(.data)
    rgb_v                                    0x004006b0   Data           4  drv_rgb.o(.data)
    rgb_io_pin                               0x004006b4   Data           3  drv_rgb.o(.data)
    wave_cnt                                 0x004006b8   Data           4  drv_rgb.o(.data)
    test_rgb                                 0x004006bc   Data           4  drv_rgb.o(.data)
    rgb_up_down                              0x004006c0   Data           1  drv_rgb.o(.data)
    RGB_i                                    0x004006c4   Data           4  drv_rgb.o(.data)
    color                                    0x004006c8   Data           4  drv_rgb.o(.data)
    ver_str                                  0x004006d8   Data           4  at.o(.data)
    AT_Shell                                 0x004006dc   Data         104  at.o(.data)
    position_table                           0x00400744   Data           7  app_motor.o(.data)
    Image$$RAM_BSS$$Base                     0x00400750   Number         0  anon$$obj.o ABSOLUTE
    uart_api                                 0x00400750   Data          16  arch_main.o(.bss)
    adv_buffer                               0x00400760   Data          31  arch_main.o(.bss)
    rwip_heap_env                            0x00400790   Data         868  rwip.o(.bss)
    rwip_heap_db                             0x00400af4   Data        1036  rwip.o(.bss)
    rwip_heap_msg                            0x00400f00   Data        1404  rwip.o(.bss)
    rwip_heap_non_ret                        0x0040147c   Data        1548  rwip.o(.bss)
    rwip_sleep_time                          0x00401a88   Data          12  rwip.o(.bss)
    GPIO_CFG_BACKUP                          0x00401aa0   Data          20  gpio.o(.bss)
    GPIO_DATA_BACKUP                         0x00401ab4   Data          20  gpio.o(.bss)
    uart_rx_buf                              0x00401ac8   Data          64  uart.o(.bss)
    uart_tx_buf                              0x00401b08   Data          64  uart.o(.bss)
    uart_env                                 0x00401b48   Data          20  uart.o(.bss)
    uart_buff                                0x00401b5c   Data          64  uart.o(.bss)
    XVR_ANALOG_REG_BAK                       0x00401b9c   Data          36  rf_xvr.o(.bss)
    uart2_rx_buf                             0x00401bc0   Data          64  uart2.o(.bss)
    uart2_tx_buf                             0x00401c00   Data          64  uart2.o(.bss)
    uart2_env                                0x00401c40   Data          20  uart2.o(.bss)
    uart2_buff                               0x00401c54   Data          64  uart2.o(.bss)
    bsec                                     0x00401c94   Data         192  oads.o(.bss)
    prf_env                                  0x00401d54   Data         240  prf.o(.bss)
    app_env                                  0x00401e44   Data          40  app.o(.bss)
    buffer                                   0x00401e6c   Data          24  app_task.o(.bss)
    uart_buffer                              0x00401e84   Data         260  app_uart.o(.bss)
    __sys_manager                            0x00401f88   Data         180  sys_manager.o(.bss)
    index_0_1                                0x0040203c   Data         288  drv_rgb.o(.bss)
    GBR_TABLE                                0x0040215c   Data          48  drv_rgb.o(.bss)
    LED_OFF                                  0x0040218c   Data          48  drv_rgb.o(.bss)
    Image$$RAM_STACK_UNUSED$$Base            0x0040330c   Number         0  anon$$obj.o ABSOLUTE
    Image$$RAM_STACK_SVC$$Base               0x0040332c   Number         0  anon$$obj.o ABSOLUTE
    Image$$RAM_STACK_IRQ$$Base               0x00403a1c   Number         0  anon$$obj.o ABSOLUTE
    Image$$RAM_STACK_FIQ$$Base               0x00403d0c   Number         0  anon$$obj.o ABSOLUTE



==============================================================================

Memory Map of the image

  Image Entry point : 0x000170a4

  Load Region SECTIONS (Base: 0x00017020, Size: 0x00009bc4, Max: 0xffffffff, ABSOLUTE)

    Execution Region ROM_SYS (Exec base: 0x00017020, Load base: 0x00017020, Size: 0x00000280, Max: 0xffffffff, ABSOLUTE)

    Exec Addr    Load Addr    Size         Type   Attr      Idx    E Section Name        Object

    0x00017020   0x00017020   0x0000005c   Code   RO          342  * SYS_BOOT            boot_vectors.o
    0x0001707c   0x0001707c   0x000001f4   Code   RO          338  * SYS_BOOT            boot_handlers.o
    0x00017270   0x00017270   0x00000008   Ven    RO         1810    Veneer$$Code        anon$$obj.o
    0x00017278   0x00017278   0x00000008   Ven    RO         1811    Veneer$$Code        anon$$obj.o
    0x00017280   0x00017280   0x00000008   Ven    RO         1812    Veneer$$Code        anon$$obj.o
    0x00017288   0x00017288   0x00000008   Ven    RO         1813    Veneer$$Code        anon$$obj.o
    0x00017290   0x00017290   0x00000008   Ven    RO         1814    Veneer$$Code        anon$$obj.o
    0x00017298   0x00017298   0x00000008   Ven    RO         1815    Veneer$$Code        anon$$obj.o


    Execution Region FAST_CALL_SEG (Exec base: 0x00017300, Load base: 0x00017300, Size: 0x00000030, Max: 0xffffffff, ABSOLUTE, FIXED)

    Exec Addr    Load Addr    Size         Type   Attr      Idx    E Section Name        Object

    0x00017300   0x00017300   0x00000010   Code   RO          625    sys_fiq_entry       intc.o
    0x00017310   0x00017310   0x00000010   PAD
    0x00017320   0x00017320   0x00000010   Code   RO          626    sys_irq_entry       intc.o


    Execution Region ROM (Exec base: 0x00017330, Load base: 0x00017330, Size: 0x00009784, Max: 0xffffffff, ABSOLUTE)

    Exec Addr    Load Addr    Size         Type   Attr      Idx    E Section Name        Object

    0x00017330   0x00017330   0x000007a8   Code   RO            5    .text               arch_main.o
    0x00017ad8   0x00017ad8   0x00000038   Code   RO          345    .text               rwble_hl.o
    0x00017b10   0x00017b10   0x00000298   Code   RO          378    .text               rwble.o
    0x00017da8   0x00017da8   0x000003b8   Code   RO          468    .text               rwip.o
    0x00018160   0x00018160   0x0000001c   Code   RO          553    .text               emi.o
    0x0001817c   0x0001817c   0x000002cc   Code   RO          571    .text               flash.o
    0x00018448   0x00018448   0x000002f4   Code   RO          589    .text               gpio.o
    0x0001873c   0x0001873c   0x000001b4   Code   RO          609    .text               icu.o
    0x000188f0   0x000188f0   0x00000154   Code   RO          624    .text               intc.o
    0x00018a44   0x00018a44   0x0000003c   Code   RO          678    .text               timer.o
    0x00018a80   0x00018a80   0x00000070   Code   RO          699    .text               wdt.o
    0x00018af0   0x00018af0   0x0000059c   Code   RO          717    .text               uart.o
    0x0001908c   0x0001908c   0x00000530   Code   RO          746    .text               rf_xvr.o
    0x000195bc   0x000195bc   0x00000240   Code   RO          767    .text               adc.o
    0x000197fc   0x000197fc   0x000004a8   Code   RO          797    .text               uart2.o
    0x00019ca4   0x00019ca4   0x00000490   Code   RO          823    .text               bass.o
    0x0001a134   0x0001a134   0x00000364   Code   RO          867    .text               bass_task.o
    0x0001a498   0x0001a498   0x000001d8   Code   RO          904    .text               diss.o
    0x0001a670   0x0001a670   0x0000023c   Code   RO          936    .text               diss_task.o
    0x0001a8ac   0x0001a8ac   0x00000220   Code   RO          972    .text               fff0s.o
    0x0001aacc   0x0001aacc   0x00000330   Code   RO         1000    .text               fff0s_task.o
    0x0001adfc   0x0001adfc   0x00000838   Code   RO         1017    .text               oads.o
    0x0001b634   0x0001b634   0x000003b4   Code   RO         1042    .text               oads_task.o
    0x0001b9e8   0x0001b9e8   0x0000031c   Code   RO         1070    .text               prf.o
    0x0001bd04   0x0001bd04   0x0000009e   Code   RO         1092    .text               prf_utils.o
    0x0001bda2   0x0001bda2   0x00000002   PAD
    0x0001bda4   0x0001bda4   0x000007f4   Code   RO         1104    .text               app.o
    0x0001c598   0x0001c598   0x000000cc   Code   RO         1149    .text               app_batt.o
    0x0001c664   0x0001c664   0x00000138   Code   RO         1172    .text               app_dis.o
    0x0001c79c   0x0001c79c   0x00000244   Code   RO         1196    .text               app_fff0.o
    0x0001c9e0   0x0001c9e0   0x00000bd8   Code   RO         1223    .text               app_task.o
    0x0001d5b8   0x0001d5b8   0x00000200   Code   RO         1245    .text               app_oads.o
    0x0001d7b8   0x0001d7b8   0x00000024   Code   RO         1264    .text               app_uart.o
    0x0001d7dc   0x0001d7dc   0x000001a8   Code   RO         1294    .text               tools.o
    0x0001d984   0x0001d984   0x0000002e   Code   RO         1316    .text               drv_charger.o
    0x0001d9b2   0x0001d9b2   0x00000002   PAD
    0x0001d9b4   0x0001d9b4   0x00000174   Code   RO         1328    .text               drv_load.o
    0x0001db28   0x0001db28   0x00000a24   Code   RO         1343    .text               drv_rgb.o
    0x0001e54c   0x0001e54c   0x00000828   Code   RO         1363    .text               at.o
    0x0001ed74   0x0001ed74   0x000000b0   Code   RO         1400    .text               drv_battery.o
    0x0001ee24   0x0001ee24   0x00000098   Code   RO         1412    .text               app_motor.o
    0x0001eebc   0x0001eebc   0x00000008   Code   RO         1437    .text               mc_5.l(ctype_o.o)
    0x0001eec4   0x0001eec4   0x0000000c   Code   RO         1465    .text               mc_5.l(toupper.o)
    0x0001eed0   0x0001eed0   0x00000028   Code   RO         1467    .text               mc_5.l(strstr.o)
    0x0001eef8   0x0001eef8   0x0000000e   Code   RO         1469    .text               mc_5.l(strlen.o)
    0x0001ef06   0x0001ef06   0x00000020   Code   RO         1471    .text               mc_5.l(strcmp.o)
    0x0001ef26   0x0001ef26   0x00000076   Code   RO         1734    .text               mc_5.l(strtoul.o)
    0x0001ef9c   0x0001ef9c   0x0000001a   Code   RO         1736    .text               mc_5.l(atoi.o)
    0x0001efb6   0x0001efb6   0x000000b6   Code   RO         1738    .text               mf_5.l(fadd.o)
    0x0001f06c   0x0001f06c   0x0000007c   Code   RO         1740    .text               mf_5.l(fmul.o)
    0x0001f0e8   0x0001f0e8   0x0000007c   Code   RO         1742    .text               mf_5.l(fdiv.o)
    0x0001f164   0x0001f164   0x00000168   Code   RO         1744    .text               mf_5.l(dadd.o)
    0x0001f2cc   0x0001f2cc   0x000000d0   Code   RO         1746    .text               mf_5.l(dmul.o)
    0x0001f39c   0x0001f39c   0x000000f0   Code   RO         1748    .text               mf_5.l(ddiv.o)
    0x0001f48c   0x0001f48c   0x00000016   Code   RO         1750    .text               mf_5.l(fflti.o)
    0x0001f4a2   0x0001f4a2   0x0000000e   Code   RO         1752    .text               mf_5.l(ffltui.o)
    0x0001f4b0   0x0001f4b0   0x00000028   Code   RO         1754    .text               mf_5.l(dflti.o)
    0x0001f4d8   0x0001f4d8   0x0000001c   Code   RO         1756    .text               mf_5.l(dfltui.o)
    0x0001f4f4   0x0001f4f4   0x00000028   Code   RO         1758    .text               mf_5.l(ffixui.o)
    0x0001f51c   0x0001f51c   0x00000048   Code   RO         1760    .text               mf_5.l(dfixi.o)
    0x0001f564   0x0001f564   0x0000003c   Code   RO         1762    .text               mf_5.l(dfixui.o)
    0x0001f5a0   0x0001f5a0   0x00000028   Code   RO         1764    .text               mf_5.l(f2d.o)
    0x0001f5c8   0x0001f5c8   0x00000038   Code   RO         1766    .text               mf_5.l(d2f.o)
    0x0001f600   0x0001f600   0x00000014   Code   RO         1768    .text               mf_5.l(cfcmple.o)
    0x0001f614   0x0001f614   0x00000014   Code   RO         1770    .text               mf_5.l(cfrcmple.o)
    0x0001f628   0x0001f628   0x00000060   Code   RO         1775    .text               mc_5.l(uldiv.o)
    0x0001f688   0x0001f688   0x00000020   Code   RO         1777    .text               mc_5.l(llshl.o)
    0x0001f6a8   0x0001f6a8   0x00000022   Code   RO         1779    .text               mc_5.l(llushr.o)
    0x0001f6ca   0x0001f6ca   0x00000026   Code   RO         1781    .text               mc_5.l(llsshr.o)
    0x0001f6f0   0x0001f6f0   0x000000a8   Code   RO         1790    .text               mc_5.l(_strtoul.o)
    0x0001f798   0x0001f798   0x00000070   Code   RO         1792    .text               mc_5.l(strtol.o)
    0x0001f808   0x0001f808   0x00000000   Code   RO         1794    .text               mc_5.l(iusefp.o)
    0x0001f808   0x0001f808   0x00000068   Code   RO         1795    .text               mf_5.l(fepilogue.o)
    0x0001f870   0x0001f870   0x000000be   Code   RO         1799    .text               mf_5.l(depilogue.o)
    0x0001f92e   0x0001f92e   0x00000002   PAD
    0x0001f930   0x0001f930   0x00000040   Code   RO         1801    .text               mf_5.l(dfixul.o)
    0x0001f970   0x0001f970   0x00000028   Code   RO         1803    .text               mf_5.l(cdrcmple.o)
    0x0001f998   0x0001f998   0x0000001e   Code   RO         1806    .text               mc_5.l(_chval.o)
    0x0001f9b6   0x0001f9b6   0x00000002   PAD
    0x0001f9b8   0x0001f9b8   0x00000028   Code   RO         1708    i.__0sprintf        mc_5.l(printfa.o)
    0x0001f9e0   0x0001f9e0   0x00000024   Code   RO         1712    i.__0vsprintf       mc_5.l(printfa.o)
    0x0001fa04   0x0001fa04   0x00000008   Code   RO         1783    i.__aeabi_errno_addr  mc_5.l(errno.o)
    0x0001fa0c   0x0001fa0c   0x00000174   Code   RO         1713    i._fp_digits        mc_5.l(printfa.o)
    0x0001fb80   0x0001fb80   0x000006f8   Code   RO         1714    i._printf_core      mc_5.l(printfa.o)
    0x00020278   0x00020278   0x00000020   Code   RO         1715    i._printf_post_padding  mc_5.l(printfa.o)
    0x00020298   0x00020298   0x0000002c   Code   RO         1716    i._printf_pre_padding  mc_5.l(printfa.o)
    0x000202c4   0x000202c4   0x0000000a   Code   RO         1718    i._sputc            mc_5.l(printfa.o)
    0x000202ce   0x000202ce   0x00000002   PAD
    0x000202d0   0x000202d0   0x00000130   Code   RO         1432    i.floor             m_5s.l(floor.o)
    0x00020400   0x00020400   0x0000002e   Data   RO            7    .constdata          arch_main.o
    0x0002042e   0x0002042e   0x00000002   PAD
    0x00020430   0x00020430   0x00000038   Data   RO          824    .constdata          bass.o
    0x00020468   0x00020468   0x00000038   Data   RO          868    .constdata          bass_task.o
    0x000204a0   0x000204a0   0x000000a8   Data   RO          905    .constdata          diss.o
    0x00020548   0x00020548   0x00000020   Data   RO          937    .constdata          diss_task.o
    0x00020568   0x00020568   0x00000040   Data   RO          973    .constdata          fff0s.o
    0x000205a8   0x000205a8   0x00000030   Data   RO         1001    .constdata          fff0s_task.o
    0x000205d8   0x000205d8   0x0000009e   Data   RO         1019    .constdata          oads.o
    0x00020676   0x00020676   0x00000002   PAD
    0x00020678   0x00020678   0x0000006a   Data   RO         1043    .constdata          oads_task.o
    0x000206e2   0x000206e2   0x00000002   PAD
    0x000206e4   0x000206e4   0x00000018   Data   RO         1106    .constdata          app.o
    0x000206fc   0x000206fc   0x00000028   Data   RO         1150    .constdata          app_batt.o
    0x00020724   0x00020724   0x00000010   Data   RO         1173    .constdata          app_dis.o
    0x00020734   0x00020734   0x0000004a   Data   RO         1197    .constdata          app_fff0.o
    0x0002077e   0x0002077e   0x00000002   PAD
    0x00020780   0x00020780   0x00000177   Data   RO         1225    .constdata          app_task.o
    0x000208f7   0x000208f7   0x00000001   PAD
    0x000208f8   0x000208f8   0x000000e0   Data   RO         1246    .constdata          app_oads.o
    0x000209d8   0x000209d8   0x00000081   Data   RO         1438    .constdata          mc_5.l(ctype_o.o)
    0x00020a59   0x00020a59   0x00000003   PAD
    0x00020a5c   0x00020a5c   0x00000004   Data   RO         1439    .constdata          mc_5.l(ctype_o.o)
    0x00020a60   0x00020a60   0x00000047   Data   RO         1365    .conststring        at.o
    0x00020aa7   0x00020aa7   0x00000001   PAD
    0x00020aa8   0x00020aa8   0x0000000c   Data   RO         1366    .conststrlit        at.o


    Execution Region RAM_DATA (Exec base: 0x00400620, Load base: 0x00020ab4, Size: 0x00000130, Max: 0xffffffff, ABSOLUTE)

    Exec Addr    Load Addr    Size         Type   Attr      Idx    E Section Name        Object

    0x00400620   0x00020ab4   0x00000004   Data   RW          573    .data               flash.o
    0x00400624   0x00020ab8   0x0000002c   Data   RW          591    .data               gpio.o
    0x00400650   0x00020ae4   0x00000002   Data   RW          610    .data               icu.o
    0x00400652   0x00020ae6   0x00000002   Data   RW          700    .data               wdt.o
    0x00400654   0x00020ae8   0x00000013   Data   RW          719    .data               uart.o
    0x00400667   0x00020afb   0x00000001   PAD
    0x00400668   0x00020afc   0x00000004   Data   RW          768    .data               adc.o
    0x0040066c   0x00020b00   0x00000011   Data   RW          799    .data               uart2.o
    0x0040067d   0x00020b11   0x00000001   PAD
    0x0040067e   0x00020b12   0x00000008   Data   RW         1020    .data               oads.o
    0x00400686   0x00020b1a   0x00000002   Data   RW         1151    .data               app_batt.o
    0x00400688   0x00020b1c   0x00000002   Data   RW         1198    .data               app_fff0.o
    0x0040068a   0x00020b1e   0x00000002   PAD
    0x0040068c   0x00020b20   0x00000014   Data   RW         1226    .data               app_task.o
    0x004006a0   0x00020b34   0x00000001   Data   RW         1247    .data               app_oads.o
    0x004006a1   0x00020b35   0x00000003   PAD
    0x004006a4   0x00020b38   0x0000000c   Data   RW         1329    .data               drv_load.o
    0x004006b0   0x00020b44   0x0000001c   Data   RW         1346    .data               drv_rgb.o
    0x004006cc   0x00020b60   0x00000078   Data   RW         1367    .data               at.o
    0x00400744   0x00020bd8   0x00000007   Data   RW         1413    .data               app_motor.o
    0x0040074b   0x00020bdf   0x00000001   PAD
    0x0040074c   0x00020be0   0x00000004   Data   RW         1786    .data               mc_5.l(errno.o)


    Execution Region RAM_BSS (Exec base: 0x00400750, Load base: 0x00020be4, Size: 0x00001a80, Max: 0xffffffff, ABSOLUTE)

    Exec Addr    Load Addr    Size         Type   Attr      Idx    E Section Name        Object

    0x00400750        -       0x0000002f   Zero   RW            6    .bss                arch_main.o
    0x0040077f   0x00020be4   0x00000001   PAD
    0x00400780        -       0x00001314   Zero   RW          469    .bss                rwip.o
    0x00401a94        -       0x0000000c   Zero   RW          572    .bss                flash.o
    0x00401aa0        -       0x00000028   Zero   RW          590    .bss                gpio.o
    0x00401ac8        -       0x000000d4   Zero   RW          718    .bss                uart.o
    0x00401b9c        -       0x00000024   Zero   RW          747    .bss                rf_xvr.o
    0x00401bc0        -       0x000000d4   Zero   RW          798    .bss                uart2.o
    0x00401c94        -       0x000000c0   Zero   RW         1018    .bss                oads.o
    0x00401d54        -       0x000000f0   Zero   RW         1071    .bss                prf.o
    0x00401e44        -       0x00000028   Zero   RW         1105    .bss                app.o
    0x00401e6c        -       0x00000018   Zero   RW         1224    .bss                app_task.o
    0x00401e84        -       0x00000104   Zero   RW         1265    .bss                app_uart.o
    0x00401f88        -       0x000000b4   Zero   RW         1282    .bss                sys_manager.o
    0x0040203c        -       0x00000180   Zero   RW         1344    .bss                drv_rgb.o
    0x004021bc        -       0x00000014   Zero   RW         1364    .bss                at.o


    Execution Region RAM_STACK_UNUSED (Exec base: 0x0040330c, Load base: 0x00020be4, Size: 0x00000020, Max: 0x00000020, ABSOLUTE)

    Exec Addr    Load Addr    Size         Type   Attr      Idx    E Section Name        Object

    0x0040330c        -       0x00000020   Zero   RW            1    RAM_STACK_UNUSED.bss  anon$$obj.o


    Execution Region RAM_STACK_SVC (Exec base: 0x0040332c, Load base: 0x00020be4, Size: 0x000006f0, Max: 0x000006f0, ABSOLUTE)

    Exec Addr    Load Addr    Size         Type   Attr      Idx    E Section Name        Object

    0x0040332c        -       0x000006f0   Zero   RW            2    RAM_STACK_SVC.bss   anon$$obj.o


    Execution Region RAM_STACK_IRQ (Exec base: 0x00403a1c, Load base: 0x00020be4, Size: 0x000002f0, Max: 0x000002f0, ABSOLUTE)

    Exec Addr    Load Addr    Size         Type   Attr      Idx    E Section Name        Object

    0x00403a1c        -       0x000002f0   Zero   RW            3    RAM_STACK_IRQ.bss   anon$$obj.o


    Execution Region RAM_STACK_FIQ (Exec base: 0x00403d0c, Load base: 0x00020be4, Size: 0x000002f0, Max: 0x000002f0, ABSOLUTE)

    Exec Addr    Load Addr    Size         Type   Attr      Idx    E Section Name        Object

    0x00403d0c        -       0x000002f0   Zero   RW            4    RAM_STACK_FIQ.bss   anon$$obj.o


==============================================================================

Image component sizes


      Code (inc. data)   RO Data    RW Data    ZI Data      Debug   Object Name

       576         92          0          4          0       1843   adc.o
      2036        658         24          0         40       7125   app.o
       204         12         40          2          0       3891   app_batt.o
       312        114         16          0          0       2044   app_dis.o
       580        188         74          2          0       6333   app_fff0.o
       152         14          0          7          0       1519   app_motor.o
       512        150        224          1          0       5147   app_oads.o
      3032        978        375         20         24      12135   app_task.o
        36          4          0          0        260       1844   app_uart.o
      1960        792         46          0         47      85212   arch_main.o
      2088        654         83        120         20       6978   at.o
      1168         20         56          0          0      18422   bass.o
       868         14         56          0          0      13943   bass_task.o
       500         76          0          0          0        408   boot_handlers.o
        92         32          0          0          0        356   boot_vectors.o
       472         18        168          0          0       8174   diss.o
       572          8         32          0          0      10552   diss_task.o
       176         32          0          0          0        574   drv_battery.o
        46          0          0          0          0        760   drv_charger.o
       372         42          0         12          0       3056   drv_load.o
      2596        108          0         28        384       7625   drv_rgb.o
        28          6          0          0          0        523   emi.o
       544         18         64          0          0       6505   fff0s.o
       816        102         48          0          0       6200   fff0s_task.o
       716         26          0          4         12       5557   flash.o
       756         36          0         44         40       4223   gpio.o
       436         38          0          2          0       2777   icu.o
       372         18          0          0          0     109576   intc.o
      2104        550        158          8        192      13205   oads.o
       948        140        106          0          0      12264   oads_task.o
       796          6          0          0        240       5120   prf.o
       158          0          0          0          0       2553   prf_utils.o
      1328        232          0          0         36     110244   rf_xvr.o
       664          8          0          0          0     115284   rwble.o
        56          0          0          0          0       1659   rwble_hl.o
       952        172          0          0       4884     114920   rwip.o
         0          0          0          0        180       1524   sys_manager.o
        60          6          0          0          0       3589   timer.o
       424         12          0          0          0       2853   tools.o
      1436        322          0         19        212      14355   uart.o
      1192        262          0         17        212      13272   uart2.o
       112         12          0          2          0       1109   wdt.o

    ----------------------------------------------------------------------
     32316       5996       1580        300      10096     745253   Object Totals
        48         24          0          0       3312          0   (incl. Generated)
        20          0         10          8          1          0   (incl. Padding)

    ----------------------------------------------------------------------

      Code (inc. data)   RO Data    RW Data    ZI Data      Debug   Library Member Name

       304         20          0          0          0         84   floor.o
        30          0          0          0          0         60   _chval.o
       168          0          0          0          0         84   _strtoul.o
        26          0          0          0          0         72   atoi.o
         8          4        133          0          0         60   ctype_o.o
         8          4          0          4          0         60   errno.o
         0          0          0          0          0          0   iusefp.o
        32          0          0          0          0         68   llshl.o
        38          0          0          0          0         68   llsshr.o
        34          0          0          0          0         68   llushr.o
      2318        100          0          0          0        544   printfa.o
        32          0          0          0          0         68   strcmp.o
        14          0          0          0          0         60   strlen.o
        40          0          0          0          0         72   strstr.o
       112          4          0          0          0         76   strtol.o
       118          0          0          0          0         84   strtoul.o
        12          0          0          0          0         60   toupper.o
        96          0          0          0          0         84   uldiv.o
        40          2          0          0          0         68   cdrcmple.o
        20          0          0          0          0         68   cfcmple.o
        20          0          0          0          0         68   cfrcmple.o
        56          0          0          0          0         68   d2f.o
       360          6          0          0          0        140   dadd.o
       240          6          0          0          0         84   ddiv.o
       190          0          0          0          0        156   depilogue.o
        72         10          0          0          0         72   dfixi.o
        60         10          0          0          0         68   dfixui.o
        64         10          0          0          0         68   dfixul.o
        40          6          0          0          0         68   dflti.o
        28          4          0          0          0         68   dfltui.o
       208          6          0          0          0         88   dmul.o
        40          0          0          0          0         60   f2d.o
       182          0          0          0          0        108   fadd.o
       124          0          0          0          0         72   fdiv.o
       104          0          0          0          0        136   fepilogue.o
        40          0          0          0          0         60   ffixui.o
        22          0          0          0          0         68   fflti.o
        14          0          0          0          0         68   ffltui.o
       124          0          0          0          0         72   fmul.o

    ----------------------------------------------------------------------
      5444        192        136          4          0       3400   Library Totals
         6          0          3          0          0          0   (incl. Padding)

    ----------------------------------------------------------------------

      Code (inc. data)   RO Data    RW Data    ZI Data      Debug   Library Name

       304         20          0          0          0         84   m_5s.l
      3086        112        133          4          0       1588   mc_5.l
      2048         60          0          0          0       1728   mf_5.l

    ----------------------------------------------------------------------
      5444        192        136          4          0       3400   Library Totals

    ----------------------------------------------------------------------

==============================================================================


      Code (inc. data)   RO Data    RW Data    ZI Data      Debug   

     37760       6188       1716        304      10096     743393   Grand Totals
     37760       6188       1716        304      10096     743393   ELF Image Totals
     37760       6188       1716        304          0          0   ROM Totals

==============================================================================

    Total RO  Size (Code + RO Data)                39476 (  38.55kB)
    Total RW  Size (RW Data + ZI Data)             10400 (  10.16kB)
    Total ROM Size (Code + RO Data + RW Data)      39780 (  38.85kB)

==============================================================================

